Archive member included to satisfy reference by file (symbol)

/usr/local/bin/../lib/gcc/arm-none-eabi/9.3.1/../../../../arm-none-eabi/lib/thumb/v6-m/nofp/libc_nano.a(lib_a-exit.o)
                              /usr/local/bin/../lib/gcc/arm-none-eabi/9.3.1/../../../../arm-none-eabi/lib/thumb/v6-m/nofp/crt0.o (exit)
/usr/local/bin/../lib/gcc/arm-none-eabi/9.3.1/../../../../arm-none-eabi/lib/thumb/v6-m/nofp/libc_nano.a(lib_a-impure.o)
                              /usr/local/bin/../lib/gcc/arm-none-eabi/9.3.1/../../../../arm-none-eabi/lib/thumb/v6-m/nofp/libc_nano.a(lib_a-exit.o) (_global_impure_ptr)
/usr/local/bin/../lib/gcc/arm-none-eabi/9.3.1/../../../../arm-none-eabi/lib/thumb/v6-m/nofp/libc_nano.a(lib_a-init.o)
                              /usr/local/bin/../lib/gcc/arm-none-eabi/9.3.1/../../../../arm-none-eabi/lib/thumb/v6-m/nofp/crt0.o (__libc_init_array)
/usr/local/bin/../lib/gcc/arm-none-eabi/9.3.1/../../../../arm-none-eabi/lib/thumb/v6-m/nofp/libc_nano.a(lib_a-memset.o)
                              /usr/local/bin/../lib/gcc/arm-none-eabi/9.3.1/../../../../arm-none-eabi/lib/thumb/v6-m/nofp/crt0.o (memset)
/usr/local/bin/../lib/gcc/arm-none-eabi/9.3.1/../../../../arm-none-eabi/lib/thumb/v6-m/nofp/libnosys.a(_exit.o)
                              /usr/local/bin/../lib/gcc/arm-none-eabi/9.3.1/../../../../arm-none-eabi/lib/thumb/v6-m/nofp/libc_nano.a(lib_a-exit.o) (_exit)
/usr/local/bin/../lib/gcc/arm-none-eabi/9.3.1/thumb/v6-m/nofp/libgcc.a(_udivsi3.o)
                              build/bme280.o (__aeabi_uidiv)
/usr/local/bin/../lib/gcc/arm-none-eabi/9.3.1/thumb/v6-m/nofp/libgcc.a(_dvmd_tls.o)
                              /usr/local/bin/../lib/gcc/arm-none-eabi/9.3.1/thumb/v6-m/nofp/libgcc.a(_udivsi3.o) (__aeabi_idiv0)

Allocating common symbols
Common symbol       size              file

uwTick              0x4               build/stm32l0xx_hal.o
pFlash              0x18              build/stm32l0xx_hal_flash.o
NRF905_Config_t     0xa               build/main.o
hspi1               0x58              build/spi.o
P                   0x1c              build/main.o

Discarded input sections

 .text          0x0000000000000000        0x0 /usr/local/bin/../lib/gcc/arm-none-eabi/9.3.1/thumb/v6-m/nofp/crti.o
 .data          0x0000000000000000        0x0 /usr/local/bin/../lib/gcc/arm-none-eabi/9.3.1/thumb/v6-m/nofp/crti.o
 .bss           0x0000000000000000        0x0 /usr/local/bin/../lib/gcc/arm-none-eabi/9.3.1/thumb/v6-m/nofp/crti.o
 .data          0x0000000000000000        0x4 /usr/local/bin/../lib/gcc/arm-none-eabi/9.3.1/thumb/v6-m/nofp/crtbegin.o
 .text          0x0000000000000000       0x80 /usr/local/bin/../lib/gcc/arm-none-eabi/9.3.1/../../../../arm-none-eabi/lib/thumb/v6-m/nofp/crt0.o
 .data          0x0000000000000000        0x0 /usr/local/bin/../lib/gcc/arm-none-eabi/9.3.1/../../../../arm-none-eabi/lib/thumb/v6-m/nofp/crt0.o
 .bss           0x0000000000000000        0x0 /usr/local/bin/../lib/gcc/arm-none-eabi/9.3.1/../../../../arm-none-eabi/lib/thumb/v6-m/nofp/crt0.o
 .ARM.extab     0x0000000000000000        0x0 /usr/local/bin/../lib/gcc/arm-none-eabi/9.3.1/../../../../arm-none-eabi/lib/thumb/v6-m/nofp/crt0.o
 .ARM.exidx     0x0000000000000000       0x10 /usr/local/bin/../lib/gcc/arm-none-eabi/9.3.1/../../../../arm-none-eabi/lib/thumb/v6-m/nofp/crt0.o
 .ARM.attributes
                0x0000000000000000       0x1b /usr/local/bin/../lib/gcc/arm-none-eabi/9.3.1/../../../../arm-none-eabi/lib/thumb/v6-m/nofp/crt0.o
 .text          0x0000000000000000        0x0 build/main.o
 .data          0x0000000000000000        0x0 build/main.o
 .bss           0x0000000000000000        0x0 build/main.o
 .text          0x0000000000000000        0x0 build/bme280.o
 .data          0x0000000000000000        0x0 build/bme280.o
 .bss           0x0000000000000000        0x0 build/bme280.o
 .text.FORCEMode
                0x0000000000000000       0x18 build/bme280.o
 .text          0x0000000000000000        0x0 build/gpio.o
 .data          0x0000000000000000        0x0 build/gpio.o
 .bss           0x0000000000000000        0x0 build/gpio.o
 .text          0x0000000000000000        0x0 build/spi.o
 .data          0x0000000000000000        0x0 build/spi.o
 .bss           0x0000000000000000        0x0 build/spi.o
 .text.HAL_SPI_MspDeInit
                0x0000000000000000       0x30 build/spi.o
 .text          0x0000000000000000        0x0 build/nrf905.o
 .data          0x0000000000000000        0x0 build/nrf905.o
 .bss           0x0000000000000000        0x0 build/nrf905.o
 .text.NRF905_ReadReg
                0x0000000000000000       0x5c build/nrf905.o
 .text.NRF905_WriteReg
                0x0000000000000000       0x5c build/nrf905.o
 .text.NRF905_POWER_OFF
                0x0000000000000000       0x10 build/nrf905.o
 .text.ReadReciveData
                0x0000000000000000       0x6c build/nrf905.o
 .text.ReciveOff
                0x0000000000000000       0x10 build/nrf905.o
[...]
Memory Configuration

Name             Origin             Length             Attributes
RAM              0x0000000020000000 0x0000000000000800 xrw
FLASH            0x0000000008000000 0x0000000000004000 xr
*default*        0x0000000000000000 0xffffffffffffffff

Linker script and memory map

LOAD /usr/local/bin/../lib/gcc/arm-none-eabi/9.3.1/thumb/v6-m/nofp/crti.o
LOAD /usr/local/bin/../lib/gcc/arm-none-eabi/9.3.1/thumb/v6-m/nofp/crtbegin.o
LOAD /usr/local/bin/../lib/gcc/arm-none-eabi/9.3.1/../../../../arm-none-eabi/lib/thumb/v6-m/nofp/crt0.o
LOAD build/main.o
LOAD build/bme280.o
LOAD build/gpio.o
LOAD build/spi.o
LOAD build/nrf905.o
LOAD build/stm32l0xx_it.o
LOAD build/stm32l0xx_hal_msp.o
LOAD build/stm32l0xx_hal_spi.o
LOAD build/stm32l0xx_hal.o
LOAD build/stm32l0xx_hal_i2c.o
LOAD build/stm32l0xx_hal_i2c_ex.o
LOAD build/stm32l0xx_hal_rcc.o
LOAD build/stm32l0xx_hal_rcc_ex.o
LOAD build/stm32l0xx_hal_flash_ramfunc.o
LOAD build/stm32l0xx_hal_flash.o
LOAD build/stm32l0xx_hal_flash_ex.o
LOAD build/stm32l0xx_hal_gpio.o
LOAD build/stm32l0xx_hal_dma.o
LOAD build/stm32l0xx_hal_pwr.o
LOAD build/stm32l0xx_hal_pwr_ex.o
LOAD build/stm32l0xx_hal_cortex.o
LOAD build/stm32l0xx_hal_tim.o
LOAD build/stm32l0xx_hal_tim_ex.o
LOAD build/system_stm32l0xx.o
LOAD build/startup_stm32l011xx.o
LOAD /usr/local/bin/../lib/gcc/arm-none-eabi/9.3.1/../../../../arm-none-eabi/lib/thumb/v6-m/nofp/libc_nano.a
LOAD /usr/local/bin/../lib/gcc/arm-none-eabi/9.3.1/../../../../arm-none-eabi/lib/thumb/v6-m/nofp/libm.a
LOAD /usr/local/bin/../lib/gcc/arm-none-eabi/9.3.1/../../../../arm-none-eabi/lib/thumb/v6-m/nofp/libnosys.a
START GROUP
LOAD /usr/local/bin/../lib/gcc/arm-none-eabi/9.3.1/thumb/v6-m/nofp/libgcc.a
LOAD /usr/local/bin/../lib/gcc/arm-none-eabi/9.3.1/../../../../arm-none-eabi/lib/thumb/v6-m/nofp/libc_nano.a
END GROUP
START GROUP
LOAD /usr/local/bin/../lib/gcc/arm-none-eabi/9.3.1/thumb/v6-m/nofp/libgcc.a
LOAD /usr/local/bin/../lib/gcc/arm-none-eabi/9.3.1/../../../../arm-none-eabi/lib/thumb/v6-m/nofp/libc_nano.a
END GROUP
LOAD /usr/local/bin/../lib/gcc/arm-none-eabi/9.3.1/thumb/v6-m/nofp/crtend.o
LOAD /usr/local/bin/../lib/gcc/arm-none-eabi/9.3.1/thumb/v6-m/nofp/crtn.o
                0x0000000020000800                _estack = 0x20000800
                0x0000000000000200                _Min_Heap_Size = 0x200
                0x0000000000000400                _Min_Stack_Size = 0x400

.isr_vector     0x0000000008000000       0xc0
                0x0000000008000000                . = ALIGN (0x4)
 *(.isr_vector)
 .isr_vector    0x0000000008000000       0xc0 build/startup_stm32l011xx.o
                0x0000000008000000                g_pfnVectors
                0x00000000080000c0                . = ALIGN (0x4)

.text           0x00000000080000c0     0x1f78
                0x00000000080000c0                . = ALIGN (0x4)
 *(.text)
 .text          0x00000000080000c0       0x48 /usr/local/bin/../lib/gcc/arm-none-eabi/9.3.1/thumb/v6-m/nofp/crtbegin.o
 .text          0x0000000008000108      0x114 /usr/local/bin/../lib/gcc/arm-none-eabi/9.3.1/thumb/v6-m/nofp/libgcc.a(_udivsi3.o)
                0x0000000008000108                __udivsi3
                0x0000000008000108                __aeabi_uidiv
                0x0000000008000214                __aeabi_uidivmod
 .text          0x000000000800021c        0x4 /usr/local/bin/../lib/gcc/arm-none-eabi/9.3.1/thumb/v6-m/nofp/libgcc.a(_dvmd_tls.o)
                0x000000000800021c                __aeabi_ldiv0
                0x000000000800021c                __aeabi_idiv0
 *(.text*)
 .text.SystemClock_Config
                0x0000000008000220       0x64 build/main.o
                0x0000000008000220                SystemClock_Config
 .text.main     0x0000000008000284      0x144 build/main.o
                0x0000000008000284                main
 .text.SPI_GET_DAT
                0x00000000080003c8       0x40 build/main.o
                0x00000000080003c8                SPI_GET_DAT
 .text.SPI_SET_DAT
                0x0000000008000408       0x4c build/main.o
                0x0000000008000408                SPI_SET_DAT
 .text.Error_Handler
                0x0000000008000454        0x2 build/main.o
                0x0000000008000454                Error_Handler
 .text.bme280_parse_sensor_data
                0x0000000008000456       0x32 build/bme280.o
 .text.compensate_temperature
                0x0000000008000488       0x78 build/bme280.o
 .text.compensate_pressure
                0x0000000008000500      0x124 build/bme280.o
 .text.compensate_humidity
                0x0000000008000624       0xdc build/bme280.o
 .text.bme280_compensate_data
                0x0000000008000700       0x26 build/bme280.o
 .text.parse_temp_press_calib_data
                0x0000000008000726       0x84 build/bme280.o
 .text.parse_humidity_calib_data
                0x00000000080007aa       0x4a build/bme280.o
 .text.GetCalibData_BME280
                0x00000000080007f4       0x68 build/bme280.o
                0x00000000080007f4                GetCalibData_BME280
 .text.GetData_BME280
                0x000000000800085c       0x5e build/bme280.o
                0x000000000800085c                GetData_BME280
 .text.initBME280
                0x00000000080008ba       0x7e build/bme280.o
                0x00000000080008ba                initBME280
 .text.MX_GPIO_Init
                0x0000000008000938       0xcc build/gpio.o
                0x0000000008000938                MX_GPIO_Init
 .text.MX_SPI1_Init
                0x0000000008000a04       0x44 build/spi.o
                0x0000000008000a04                MX_SPI1_Init
 .text.HAL_SPI_MspInit
                0x0000000008000a48       0x94 build/spi.o
                0x0000000008000a48                HAL_SPI_MspInit
 .text.NRF905_ReadBuf
                0x0000000008000adc       0x70 build/nrf905.o
                0x0000000008000adc                NRF905_ReadBuf
 .text.NRF905_WriteBuf
                0x0000000008000b4c       0x64 build/nrf905.o
                0x0000000008000b4c                NRF905_WriteBuf
 .text.NRF905_INIT
                0x0000000008000bb0       0x7c build/nrf905.o
                0x0000000008000bb0                NRF905_INIT
 .text.WriteDataToSend
                0x0000000008000c2c       0xc0 build/nrf905.o
                0x0000000008000c2c                WriteDataToSend
 .text.StartSend
                0x0000000008000cec       0x2c build/nrf905.o
                0x0000000008000cec                StartSend
 .text.ReciveOn
                0x0000000008000d18       0x10 build/nrf905.o
                0x0000000008000d18                ReciveOn
 .text.NRF905_POWER_ON
                0x0000000008000d28       0x20 build/nrf905.o
                0x0000000008000d28                NRF905_POWER_ON
 .text.NMI_Handler
                0x0000000008000d48        0x2 build/stm32l0xx_it.o
                0x0000000008000d48                NMI_Handler
 .text.HardFault_Handler
                0x0000000008000d4a        0x2 build/stm32l0xx_it.o
                0x0000000008000d4a                HardFault_Handler
 .text.SVC_Handler
                0x0000000008000d4c        0x2 build/stm32l0xx_it.o
                0x0000000008000d4c                SVC_Handler
 .text.PendSV_Handler
                0x0000000008000d4e        0x2 build/stm32l0xx_it.o
                0x0000000008000d4e                PendSV_Handler
 .text.SysTick_Handler
                0x0000000008000d50        0x8 build/stm32l0xx_it.o
                0x0000000008000d50                SysTick_Handler
 .text.HAL_MspInit
                0x0000000008000d58       0x1c build/stm32l0xx_hal_msp.o
                0x0000000008000d58                HAL_MspInit
 .text.SPI_WaitFlagStateUntilTimeout
                0x0000000008000d74       0xa4 build/stm32l0xx_hal_spi.o
 .text.SPI_EndRxTxTransaction
                0x0000000008000e18       0x5a build/stm32l0xx_hal_spi.o
 .text.SPI_EndRxTransaction
                0x0000000008000e72       0x9c build/stm32l0xx_hal_spi.o
 .text.HAL_SPI_Init
                0x0000000008000f0e       0x78 build/stm32l0xx_hal_spi.o
                0x0000000008000f0e                HAL_SPI_Init
 .text.HAL_SPI_Transmit
                0x0000000008000f86      0x1a4 build/stm32l0xx_hal_spi.o
                0x0000000008000f86                HAL_SPI_Transmit
 .text.HAL_SPI_TransmitReceive
                0x000000000800112a      0x22e build/stm32l0xx_hal_spi.o
                0x000000000800112a                HAL_SPI_TransmitReceive
 .text.HAL_SPI_Receive
                0x0000000008001358      0x168 build/stm32l0xx_hal_spi.o
                0x0000000008001358                HAL_SPI_Receive
 .text.HAL_InitTick
                0x00000000080014c0       0x30 build/stm32l0xx_hal.o
                0x00000000080014c0                HAL_InitTick
 .text.HAL_Init
                0x00000000080014f0       0x28 build/stm32l0xx_hal.o
                0x00000000080014f0                HAL_Init
 .text.HAL_IncTick
                0x0000000008001518       0x10 build/stm32l0xx_hal.o
                0x0000000008001518                HAL_IncTick
 .text.HAL_GetTick
                0x0000000008001528        0xc build/stm32l0xx_hal.o
                0x0000000008001528                HAL_GetTick
 .text.HAL_Delay
                0x0000000008001534       0x1c build/stm32l0xx_hal.o
                0x0000000008001534                HAL_Delay
 .text.HAL_RCC_GetSysClockFreq
                0x0000000008001550       0xb0 build/stm32l0xx_hal_rcc.o
                0x0000000008001550                HAL_RCC_GetSysClockFreq
 .text.HAL_RCC_OscConfig
                0x0000000008001600      0x514 build/stm32l0xx_hal_rcc.o
                0x0000000008001600                HAL_RCC_OscConfig
 .text.HAL_RCC_ClockConfig
                0x0000000008001b14      0x1a8 build/stm32l0xx_hal_rcc.o
                0x0000000008001b14                HAL_RCC_ClockConfig
 .text.HAL_GPIO_Init
                0x0000000008001cbc      0x178 build/stm32l0xx_hal_gpio.o
                0x0000000008001cbc                HAL_GPIO_Init
 .text.HAL_GPIO_ReadPin
                0x0000000008001e34        0xe build/stm32l0xx_hal_gpio.o
                0x0000000008001e34                HAL_GPIO_ReadPin
 .text.HAL_GPIO_WritePin
                0x0000000008001e42        0xc build/stm32l0xx_hal_gpio.o
                0x0000000008001e42                HAL_GPIO_WritePin
 *fill*         0x0000000008001e4e        0x2 
 .text.HAL_NVIC_SetPriority
                0x0000000008001e50       0x60 build/stm32l0xx_hal_cortex.o
                0x0000000008001e50                HAL_NVIC_SetPriority
 .text.HAL_SYSTICK_Config
                0x0000000008001eb0       0x38 build/stm32l0xx_hal_cortex.o
                0x0000000008001eb0                HAL_SYSTICK_Config
 .text.SystemInit
                0x0000000008001ee8       0x5c build/system_stm32l0xx.o
                0x0000000008001ee8                SystemInit
 .text.Reset_Handler
                0x0000000008001f44       0x80 build/startup_stm32l011xx.o
                0x0000000008001f44                Reset_Handler
 .text.Default_Handler
                0x0000000008001fc4        0x2 build/startup_stm32l011xx.o
                0x0000000008001fc4                ADC1_COMP_IRQHandler
                0x0000000008001fc4                PVD_IRQHandler
                0x0000000008001fc4                I2C1_IRQHandler
                0x0000000008001fc4                SPI1_IRQHandler
                0x0000000008001fc4                EXTI2_3_IRQHandler
                0x0000000008001fc4                RTC_IRQHandler
                0x0000000008001fc4                EXTI4_15_IRQHandler
                0x0000000008001fc4                RCC_IRQHandler
                0x0000000008001fc4                DMA1_Channel1_IRQHandler
                0x0000000008001fc4                Default_Handler
                0x0000000008001fc4                DMA1_Channel4_5_IRQHandler
                0x0000000008001fc4                EXTI0_1_IRQHandler
                0x0000000008001fc4                TIM21_IRQHandler
                0x0000000008001fc4                WWDG_IRQHandler
                0x0000000008001fc4                LPUART1_IRQHandler
                0x0000000008001fc4                TIM2_IRQHandler
                0x0000000008001fc4                DMA1_Channel2_3_IRQHandler
                0x0000000008001fc4                USART2_IRQHandler
                0x0000000008001fc4                FLASH_IRQHandler
                0x0000000008001fc4                LPTIM1_IRQHandler
 *fill*         0x0000000008001fc6        0x2 
 .text.__libc_init_array
                0x0000000008001fc8       0x48 /usr/local/bin/../lib/gcc/arm-none-eabi/9.3.1/../../../../arm-none-eabi/lib/thumb/v6-m/nofp/libc_nano.a(lib_a-init.o)
                0x0000000008001fc8                __libc_init_array
 .text.memset   0x0000000008002010       0x10 /usr/local/bin/../lib/gcc/arm-none-eabi/9.3.1/../../../../arm-none-eabi/lib/thumb/v6-m/nofp/libc_nano.a(lib_a-memset.o)
                0x0000000008002010                memset
 *(.glue_7)
 .glue_7        0x0000000008002020        0x0 linker stubs
 *(.glue_7t)
 .glue_7t       0x0000000008002020        0x0 linker stubs
 *(.eh_frame)
 .eh_frame      0x0000000008002020        0x0 /usr/local/bin/../lib/gcc/arm-none-eabi/9.3.1/thumb/v6-m/nofp/crtbegin.o
 *(.init)
 .init          0x0000000008002020        0x4 /usr/local/bin/../lib/gcc/arm-none-eabi/9.3.1/thumb/v6-m/nofp/crti.o
                0x0000000008002020                _init
 .init          0x0000000008002024        0x8 /usr/local/bin/../lib/gcc/arm-none-eabi/9.3.1/thumb/v6-m/nofp/crtn.o
 *(.fini)
 .fini          0x000000000800202c        0x4 /usr/local/bin/../lib/gcc/arm-none-eabi/9.3.1/thumb/v6-m/nofp/crti.o
                0x000000000800202c                _fini
 .fini          0x0000000008002030        0x8 /usr/local/bin/../lib/gcc/arm-none-eabi/9.3.1/thumb/v6-m/nofp/crtn.o
                0x0000000008002038                . = ALIGN (0x4)
                0x0000000008002038                _etext = .

.vfp11_veneer   0x0000000008002038        0x0
 .vfp11_veneer  0x0000000008002038        0x0 linker stubs

.v4_bx          0x0000000008002038        0x0
 .v4_bx         0x0000000008002038        0x0 linker stubs

.iplt           0x0000000008002038        0x0
 .iplt          0x0000000008002038        0x0 /usr/local/bin/../lib/gcc/arm-none-eabi/9.3.1/thumb/v6-m/nofp/crtbegin.o

.rodata         0x0000000008002038       0x1c
                0x0000000008002038                . = ALIGN (0x4)
 *(.rodata)
 *(.rodata*)
 .rodata.AHBPrescTable
                0x0000000008002038       0x10 build/system_stm32l0xx.o
                0x0000000008002038                AHBPrescTable
 .rodata.PLLMulTable
                0x0000000008002048        0x9 build/system_stm32l0xx.o
                0x0000000008002048                PLLMulTable
                0x0000000008002054                . = ALIGN (0x4)
 *fill*         0x0000000008002051        0x3 

.rel.dyn        0x0000000008002054        0x0
 .rel.iplt      0x0000000008002054        0x0 /usr/local/bin/../lib/gcc/arm-none-eabi/9.3.1/thumb/v6-m/nofp/crtbegin.o

.ARM.extab
 *(.ARM.extab* .gnu.linkonce.armextab.*)

.ARM            0x0000000008002054        0x0
                0x0000000008002054                __exidx_start = .
 *(.ARM.exidx*)
                0x0000000008002054                __exidx_end = .

.preinit_array  0x0000000008002054        0x0
                0x0000000008002054                PROVIDE (__preinit_array_start = .)
 *(.preinit_array*)
                0x0000000008002054                PROVIDE (__preinit_array_end = .)

.init_array     0x0000000008002054        0x4
                0x0000000008002054                PROVIDE (__init_array_start = .)
 *(SORT_BY_NAME(.init_array.*))
 *(.init_array*)
 .init_array    0x0000000008002054        0x4 /usr/local/bin/../lib/gcc/arm-none-eabi/9.3.1/thumb/v6-m/nofp/crtbegin.o
                0x0000000008002058                PROVIDE (__init_array_end = .)

.fini_array     0x0000000008002058        0x4
                [!provide]                        PROVIDE (__fini_array_start = .)
 *(SORT_BY_NAME(.fini_array.*))
 *(.fini_array*)
 .fini_array    0x0000000008002058        0x4 /usr/local/bin/../lib/gcc/arm-none-eabi/9.3.1/thumb/v6-m/nofp/crtbegin.o
                [!provide]                        PROVIDE (__fini_array_end = .)
                0x000000000800205c                _sidata = LOADADDR (.data)

.data           0x0000000020000000        0x4 load address 0x000000000800205c
                0x0000000020000000                . = ALIGN (0x4)
                0x0000000020000000                _sdata = .
 *(.data)
 *(.data*)
 .data.SystemCoreClock
                0x0000000020000000        0x4 build/system_stm32l0xx.o
                0x0000000020000000                SystemCoreClock
                0x0000000020000004                . = ALIGN (0x4)
                0x0000000020000004                _edata = .

.igot.plt       0x0000000020000004        0x0 load address 0x0000000008002060
 .igot.plt      0x0000000020000004        0x0 /usr/local/bin/../lib/gcc/arm-none-eabi/9.3.1/thumb/v6-m/nofp/crtbegin.o
                0x0000000020000004                . = ALIGN (0x4)

.bss            0x0000000020000004      0x110 load address 0x0000000008002060
                0x0000000020000004                _sbss = .
                0x0000000020000004                __bss_start__ = _sbss
 *(.bss)
 .bss           0x0000000020000004       0x1c /usr/local/bin/../lib/gcc/arm-none-eabi/9.3.1/thumb/v6-m/nofp/crtbegin.o
 *(.bss*)
 .bss.dev_bme   0x0000000020000020       0x70 build/main.o
                0x0000000020000020                dev_bme
 *(COMMON)
 COMMON         0x0000000020000090       0x28 build/main.o
                0x0000000020000090                NRF905_Config_t
                0x000000002000009c                P
 COMMON         0x00000000200000b8       0x58 build/spi.o
                0x00000000200000b8                hspi1
 COMMON         0x0000000020000110        0x4 build/stm32l0xx_hal.o
                0x0000000020000110                uwTick
                0x0000000020000114                . = ALIGN (0x4)
                0x0000000020000114                _ebss = .
                0x0000000020000114                __bss_end__ = _ebss

._user_heap_stack
                0x0000000020000114      0x604 load address 0x0000000008002060
                0x0000000020000118                . = ALIGN (0x8)
 *fill*         0x0000000020000114        0x4 
                [!provide]                        PROVIDE (end = .)
                [!provide]                        PROVIDE (_end = .)
                0x0000000020000318                . = (. + _Min_Heap_Size)
 *fill*         0x0000000020000118      0x200 
                0x0000000020000718                . = (. + _Min_Stack_Size)
 *fill*         0x0000000020000318      0x400 
                0x0000000020000718                . = ALIGN (0x8)

/DISCARD/
 libc.a(*)
 libm.a(*)
 libgcc.a(*)

.ARM.attributes
                0x0000000000000000       0x28
 *(.ARM.attributes)
 .ARM.attributes
                0x0000000000000000       0x1e /usr/local/bin/../lib/gcc/arm-none-eabi/9.3.1/thumb/v6-m/nofp/crti.o
 .ARM.attributes
                0x000000000000001e       0x2c /usr/local/bin/../lib/gcc/arm-none-eabi/9.3.1/thumb/v6-m/nofp/crtbegin.o
 .ARM.attributes
                0x000000000000004a       0x2c build/main.o
 .ARM.attributes
                0x0000000000000076       0x2c build/bme280.o
 .ARM.attributes
                0x00000000000000a2       0x2c build/gpio.o
 .ARM.attributes
                0x00000000000000ce       0x2c build/spi.o
 .ARM.attributes
                0x00000000000000fa       0x2c build/nrf905.o
 .ARM.attributes
                0x0000000000000126       0x2c build/stm32l0xx_it.o
 .ARM.attributes
                0x0000000000000152       0x2c build/stm32l0xx_hal_msp.o
 .ARM.attributes
                0x000000000000017e       0x2c build/stm32l0xx_hal_spi.o
 .ARM.attributes
                0x00000000000001aa       0x2c build/stm32l0xx_hal.o
 .ARM.attributes
                0x00000000000001d6       0x2c build/stm32l0xx_hal_rcc.o
 .ARM.attributes
                0x0000000000000202       0x2c build/stm32l0xx_hal_gpio.o
 .ARM.attributes
                0x000000000000022e       0x2c build/stm32l0xx_hal_cortex.o
 .ARM.attributes
                0x000000000000025a       0x2c build/system_stm32l0xx.o
 .ARM.attributes
                0x0000000000000286       0x22 build/startup_stm32l011xx.o
 .ARM.attributes
                0x00000000000002a8       0x2c /usr/local/bin/../lib/gcc/arm-none-eabi/9.3.1/../../../../arm-none-eabi/lib/thumb/v6-m/nofp/libc_nano.a(lib_a-init.o)
 .ARM.attributes
                0x00000000000002d4       0x2c /usr/local/bin/../lib/gcc/arm-none-eabi/9.3.1/../../../../arm-none-eabi/lib/thumb/v6-m/nofp/libc_nano.a(lib_a-memset.o)
 .ARM.attributes
                0x0000000000000300       0x1e /usr/local/bin/../lib/gcc/arm-none-eabi/9.3.1/thumb/v6-m/nofp/libgcc.a(_udivsi3.o)
 .ARM.attributes
                0x000000000000031e       0x1e /usr/local/bin/../lib/gcc/arm-none-eabi/9.3.1/thumb/v6-m/nofp/libgcc.a(_dvmd_tls.o)
 .ARM.attributes
                0x000000000000033c       0x1e /usr/local/bin/../lib/gcc/arm-none-eabi/9.3.1/thumb/v6-m/nofp/crtn.o
OUTPUT(build/nrf905.elf elf32-littlearm)
LOAD linker stubs
LOAD /usr/local/bin/../lib/gcc/arm-none-eabi/9.3.1/../../../../arm-none-eabi/lib/thumb/v6-m/nofp/libc.a
LOAD /usr/local/bin/../lib/gcc/arm-none-eabi/9.3.1/../../../../arm-none-eabi/lib/thumb/v6-m/nofp/libm.a
LOAD /usr/local/bin/../lib/gcc/arm-none-eabi/9.3.1/thumb/v6-m/nofp/libgcc.a

.debug_info     0x0000000000000000     0x8f7d
 .debug_info    0x0000000000000000     0x12ff build/main.o
 .debug_info    0x00000000000012ff      0xabc build/bme280.o
 .debug_info    0x0000000000001dbb      0x588 build/gpio.o
 .debug_info    0x0000000000002343      0xadd build/spi.o
 .debug_info    0x0000000000002e20     0x11d2 build/nrf905.o
 .debug_info    0x0000000000003ff2      0x1c3 build/stm32l0xx_it.o
 .debug_info    0x00000000000041b5      0x2b4 build/stm32l0xx_hal_msp.o
 .debug_info    0x0000000000004469     0x1ff0 build/stm32l0xx_hal_spi.o
 .debug_info    0x0000000000006459      0x940 build/stm32l0xx_hal.o
 .debug_info    0x0000000000006d99      0xc94 build/stm32l0xx_hal_rcc.o
 .debug_info    0x0000000000007a2d      0x7eb build/stm32l0xx_hal_gpio.o
 .debug_info    0x0000000000008218      0x915 build/stm32l0xx_hal_cortex.o
 .debug_info    0x0000000000008b2d      0x42e build/system_stm32l0xx.o
 .debug_info    0x0000000000008f5b       0x22 build/startup_stm32l011xx.o

.debug_abbrev   0x0000000000000000     0x1ae7
 .debug_abbrev  0x0000000000000000      0x289 build/main.o
 .debug_abbrev  0x0000000000000289      0x26a build/bme280.o
 .debug_abbrev  0x00000000000004f3      0x190 build/gpio.o
 .debug_abbrev  0x0000000000000683      0x203 build/spi.o
 .debug_abbrev  0x0000000000000886      0x26c build/nrf905.o
 .debug_abbrev  0x0000000000000af2       0xd6 build/stm32l0xx_it.o
 .debug_abbrev  0x0000000000000bc8       0xdb build/stm32l0xx_hal_msp.o
 .debug_abbrev  0x0000000000000ca3      0x2f6 build/stm32l0xx_hal_spi.o
 .debug_abbrev  0x0000000000000f99      0x28e build/stm32l0xx_hal.o
 .debug_abbrev  0x0000000000001227      0x2b7 build/stm32l0xx_hal_rcc.o
 .debug_abbrev  0x00000000000014de      0x23e build/stm32l0xx_hal_gpio.o
 .debug_abbrev  0x000000000000171c      0x28b build/stm32l0xx_hal_cortex.o
 .debug_abbrev  0x00000000000019a7      0x12e build/system_stm32l0xx.o
 .debug_abbrev  0x0000000000001ad5       0x12 build/startup_stm32l011xx.o

.debug_loc      0x0000000000000000     0x638a
 .debug_loc     0x0000000000000000      0x183 build/main.o
 .debug_loc     0x0000000000000183     0x2237 build/bme280.o
 .debug_loc     0x00000000000023ba       0x38 build/gpio.o
 .debug_loc     0x00000000000023f2      0x109 build/spi.o
 .debug_loc     0x00000000000024fb      0x4ec build/nrf905.o
 .debug_loc     0x00000000000029e7       0x20 build/stm32l0xx_it.o
 .debug_loc     0x0000000000002a07     0x255b build/stm32l0xx_hal_spi.o
 .debug_loc     0x0000000000004f62      0x18a build/stm32l0xx_hal.o
 .debug_loc     0x00000000000050ec      0x84f build/stm32l0xx_hal_rcc.o
 .debug_loc     0x000000000000593b      0x3f7 build/stm32l0xx_hal_gpio.o
 .debug_loc     0x0000000000005d32      0x449 build/stm32l0xx_hal_cortex.o
 .debug_loc     0x000000000000617b      0x20f build/system_stm32l0xx.o

.debug_aranges  0x0000000000000000      0x628
 .debug_aranges
                0x0000000000000000       0x40 build/main.o
 .debug_aranges
                0x0000000000000040       0x70 build/bme280.o
 .debug_aranges
                0x00000000000000b0       0x20 build/gpio.o
 .debug_aranges
                0x00000000000000d0       0x30 build/spi.o
 .debug_aranges
                0x0000000000000100       0x78 build/nrf905.o
 .debug_aranges
                0x0000000000000178       0x40 build/stm32l0xx_it.o
 .debug_aranges
                0x00000000000001b8       0x20 build/stm32l0xx_hal_msp.o
 .debug_aranges
                0x00000000000001d8      0x1d0 build/stm32l0xx_hal_spi.o
 .debug_aranges
                0x00000000000003a8       0xf8 build/stm32l0xx_hal.o
 .debug_aranges
                0x00000000000004a0       0x68 build/stm32l0xx_hal_rcc.o
 .debug_aranges
                0x0000000000000508       0x58 build/stm32l0xx_hal_gpio.o
 .debug_aranges
                0x0000000000000560       0x78 build/stm32l0xx_hal_cortex.o
 .debug_aranges
                0x00000000000005d8       0x28 build/system_stm32l0xx.o
 .debug_aranges
                0x0000000000000600       0x28 build/startup_stm32l011xx.o

.debug_ranges   0x0000000000000000      0x5c8
 .debug_ranges  0x0000000000000000       0x30 build/main.o
 .debug_ranges  0x0000000000000030       0x60 build/bme280.o
 .debug_ranges  0x0000000000000090       0x10 build/gpio.o
 .debug_ranges  0x00000000000000a0       0x20 build/spi.o
 .debug_ranges  0x00000000000000c0       0x68 build/nrf905.o
 .debug_ranges  0x0000000000000128       0x30 build/stm32l0xx_it.o
 .debug_ranges  0x0000000000000158       0x10 build/stm32l0xx_hal_msp.o
 .debug_ranges  0x0000000000000168      0x1c0 build/stm32l0xx_hal_spi.o
 .debug_ranges  0x0000000000000328       0xe8 build/stm32l0xx_hal.o
 .debug_ranges  0x0000000000000410       0x88 build/stm32l0xx_hal_rcc.o
 .debug_ranges  0x0000000000000498       0x48 build/stm32l0xx_hal_gpio.o
 .debug_ranges  0x00000000000004e0       0xb0 build/stm32l0xx_hal_cortex.o
 .debug_ranges  0x0000000000000590       0x18 build/system_stm32l0xx.o
 .debug_ranges  0x00000000000005a8       0x20 build/startup_stm32l011xx.o

.debug_line     0x0000000000000000     0x6334
 .debug_line    0x0000000000000000      0x479 build/main.o
 .debug_line    0x0000000000000479      0x8ab build/bme280.o
 .debug_line    0x0000000000000d24      0x26a build/gpio.o
 .debug_line    0x0000000000000f8e      0x388 build/spi.o
 .debug_line    0x0000000000001316      0x541 build/nrf905.o
 .debug_line    0x0000000000001857      0x202 build/stm32l0xx_it.o
 .debug_line    0x0000000000001a59      0x1bb build/stm32l0xx_hal_msp.o
 .debug_line    0x0000000000001c14     0x244f build/stm32l0xx_hal_spi.o
 .debug_line    0x0000000000004063      0x5e9 build/stm32l0xx_hal.o
 .debug_line    0x000000000000464c      0xd06 build/stm32l0xx_hal_rcc.o
 .debug_line    0x0000000000005352      0x68d build/stm32l0xx_hal_gpio.o
 .debug_line    0x00000000000059df      0x579 build/stm32l0xx_hal_cortex.o
 .debug_line    0x0000000000005f58      0x350 build/system_stm32l0xx.o
 .debug_line    0x00000000000062a8       0x8c build/startup_stm32l011xx.o

.debug_str      0x0000000000000000     0x1dc5
 .debug_str     0x0000000000000000      0x9fd build/main.o
                                        0xaf6 (size before relaxing)
 .debug_str     0x00000000000009fd      0x18e build/bme280.o
                                        0x522 (size before relaxing)
 .debug_str     0x0000000000000b8b       0xf3 build/gpio.o
                                        0x345 (size before relaxing)
 .debug_str     0x0000000000000c7e       0x58 build/spi.o
                                        0x741 (size before relaxing)
 .debug_str     0x0000000000000cd6       0xc1 build/nrf905.o
                                        0x7c4 (size before relaxing)
 .debug_str     0x0000000000000d97       0x6d build/stm32l0xx_it.o
                                        0x221 (size before relaxing)
 .debug_str     0x0000000000000e04       0x29 build/stm32l0xx_hal_msp.o
                                        0x275 (size before relaxing)
 .debug_str     0x0000000000000e2d      0x57d build/stm32l0xx_hal_spi.o
                                        0xb99 (size before relaxing)
 .debug_str     0x00000000000013aa      0x4b4 build/stm32l0xx_hal.o
                                        0x786 (size before relaxing)
 .debug_str     0x000000000000185e      0x1a4 build/stm32l0xx_hal_rcc.o
                                        0x6aa (size before relaxing)
 .debug_str     0x0000000000001a02      0x119 build/stm32l0xx_hal_gpio.o
                                        0x4ba (size before relaxing)
 .debug_str     0x0000000000001b1b      0x228 build/stm32l0xx_hal_cortex.o
                                        0x606 (size before relaxing)
 .debug_str     0x0000000000001d43       0x5e build/system_stm32l0xx.o
                                        0x2d9 (size before relaxing)
 .debug_str     0x0000000000001da1       0x24 build/startup_stm32l011xx.o
                                         0x50 (size before relaxing)

.comment        0x0000000000000000       0x4c
 .comment       0x0000000000000000       0x4c build/main.o
                                         0x4d (size before relaxing)
 .comment       0x000000000000004c       0x4d build/bme280.o
 .comment       0x000000000000004c       0x4d build/gpio.o
 .comment       0x000000000000004c       0x4d build/spi.o
 .comment       0x000000000000004c       0x4d build/nrf905.o
 .comment       0x000000000000004c       0x4d build/stm32l0xx_it.o
 .comment       0x000000000000004c       0x4d build/stm32l0xx_hal_msp.o
 .comment       0x000000000000004c       0x4d build/stm32l0xx_hal_spi.o
 .comment       0x000000000000004c       0x4d build/stm32l0xx_hal.o
 .comment       0x000000000000004c       0x4d build/stm32l0xx_hal_rcc.o
 .comment       0x000000000000004c       0x4d build/stm32l0xx_hal_gpio.o
 .comment       0x000000000000004c       0x4d build/stm32l0xx_hal_cortex.o
 .comment       0x000000000000004c       0x4d build/system_stm32l0xx.o

.debug_frame    0x0000000000000000      0xf24
 .debug_frame   0x0000000000000000       0xa0 build/main.o
 .debug_frame   0x00000000000000a0      0x12c build/bme280.o
 .debug_frame   0x00000000000001cc       0x38 build/gpio.o
 .debug_frame   0x0000000000000204       0x68 build/spi.o
 .debug_frame   0x000000000000026c      0x174 build/nrf905.o
 .debug_frame   0x00000000000003e0       0x68 build/stm32l0xx_it.o
 .debug_frame   0x0000000000000448       0x20 build/stm32l0xx_hal_msp.o
 .debug_frame   0x0000000000000468      0x56c build/stm32l0xx_hal_spi.o
 .debug_frame   0x00000000000009d4      0x1f4 build/stm32l0xx_hal.o
 .debug_frame   0x0000000000000bc8      0x10c build/stm32l0xx_hal_rcc.o
 .debug_frame   0x0000000000000cd4       0xc8 build/stm32l0xx_hal_gpio.o
 .debug_frame   0x0000000000000d9c       0xe4 build/stm32l0xx_hal_cortex.o
 .debug_frame   0x0000000000000e80       0x38 build/system_stm32l0xx.o
 .debug_frame   0x0000000000000eb8       0x2c /usr/local/bin/../lib/gcc/arm-none-eabi/9.3.1/../../../../arm-none-eabi/lib/thumb/v6-m/nofp/libc_nano.a(lib_a-init.o)
 .debug_frame   0x0000000000000ee4       0x20 /usr/local/bin/../lib/gcc/arm-none-eabi/9.3.1/../../../../arm-none-eabi/lib/thumb/v6-m/nofp/libc_nano.a(lib_a-memset.o)
 .debug_frame   0x0000000000000f04       0x20 /usr/local/bin/../lib/gcc/arm-none-eabi/9.3.1/thumb/v6-m/nofp/libgcc.a(_udivsi3.o)

Cross Reference Table

Symbol                                            File
ADC1_COMP_IRQHandler                              build/startup_stm32l011xx.o
AHBPrescTable                                     build/system_stm32l0xx.o
                                                  build/stm32l0xx_hal_rcc.o
APBPrescTable                                     build/system_stm32l0xx.o
                                                  build/stm32l0xx_hal_rcc.o
DMA1_Channel1_IRQHandler                          build/startup_stm32l011xx.o
DMA1_Channel2_3_IRQHandler                        build/startup_stm32l011xx.o
DMA1_Channel4_5_IRQHandler                        build/startup_stm32l011xx.o
Default_Handler                                   build/startup_stm32l011xx.o
EXTI0_1_IRQHandler                                build/startup_stm32l011xx.o
EXTI2_3_IRQHandler                                build/startup_stm32l011xx.o
EXTI4_15_IRQHandler                               build/startup_stm32l011xx.o
Error_Handler                                     build/main.o
                                                  build/spi.o
FLASH_IRQHandler                                  build/startup_stm32l011xx.o
FLASH_PageErase                                   build/stm32l0xx_hal_flash_ex.o
                                                  build/stm32l0xx_hal_flash.o
FLASH_WaitForLastOperation                        build/stm32l0xx_hal_flash.o
                                                  build/stm32l0xx_hal_flash_ex.o
FORCEMode                                         build/bme280.o
GetCalibData_BME280                               build/bme280.o
                                                  build/main.o
GetData_BME280                                    build/bme280.o
                                                  build/main.o
HAL_DBGMCU_DBG_DisableLowPowerConfig              build/stm32l0xx_hal.o
HAL_DBGMCU_DBG_EnableLowPowerConfig               build/stm32l0xx_hal.o
HAL_DBGMCU_DisableDBGSleepMode                    build/stm32l0xx_hal.o
HAL_DBGMCU_DisableDBGStandbyMode                  build/stm32l0xx_hal.o
HAL_DBGMCU_DisableDBGStopMode                     build/stm32l0xx_hal.o
HAL_DBGMCU_EnableDBGSleepMode                     build/stm32l0xx_hal.o
HAL_DBGMCU_EnableDBGStandbyMode                   build/stm32l0xx_hal.o
HAL_DBGMCU_EnableDBGStopMode                      build/stm32l0xx_hal.o
HAL_DMA_Abort                                     build/stm32l0xx_hal_dma.o
                                                  build/stm32l0xx_hal_spi.o
HAL_DMA_Abort_IT                                  build/stm32l0xx_hal_dma.o
                                                  build/stm32l0xx_hal_i2c.o
                                                  build/stm32l0xx_hal_spi.o
HAL_DMA_DeInit                                    build/stm32l0xx_hal_dma.o
HAL_DMA_GetError                                  build/stm32l0xx_hal_dma.o
HAL_DMA_GetState                                  build/stm32l0xx_hal_dma.o
HAL_DMA_IRQHandler                                build/stm32l0xx_hal_dma.o
HAL_DMA_Init                                      build/stm32l0xx_hal_dma.o
HAL_DMA_PollForTransfer                           build/stm32l0xx_hal_dma.o
HAL_DMA_RegisterCallback                          build/stm32l0xx_hal_dma.o
HAL_DMA_Start                                     build/stm32l0xx_hal_dma.o
HAL_DMA_Start_IT                                  build/stm32l0xx_hal_dma.o
                                                  build/stm32l0xx_hal_i2c.o
                                                  build/stm32l0xx_hal_spi.o
HAL_DMA_UnRegisterCallback                        build/stm32l0xx_hal_dma.o
HAL_DeInit                                        build/stm32l0xx_hal.o
HAL_Delay                                         build/stm32l0xx_hal.o
                                                  build/nrf905.o
                                                  build/main.o
HAL_FLASHEx_AdvOBGetConfig                        build/stm32l0xx_hal_flash_ex.o
HAL_FLASHEx_AdvOBProgram                          build/stm32l0xx_hal_flash_ex.o
HAL_FLASHEx_DATAEEPROM_DisableFixedTimeProgram    build/stm32l0xx_hal_flash_ex.o
HAL_FLASHEx_DATAEEPROM_EnableFixedTimeProgram     build/stm32l0xx_hal_flash_ex.o
HAL_FLASHEx_DATAEEPROM_Erase                      build/stm32l0xx_hal_flash_ex.o
HAL_FLASHEx_DATAEEPROM_Lock                       build/stm32l0xx_hal_flash_ex.o
HAL_FLASHEx_DATAEEPROM_Program                    build/stm32l0xx_hal_flash_ex.o
HAL_FLASHEx_DATAEEPROM_Unlock                     build/stm32l0xx_hal_flash_ex.o
HAL_FLASHEx_DisableRunPowerDown                   build/stm32l0xx_hal_flash_ramfunc.o
HAL_FLASHEx_EnableRunPowerDown                    build/stm32l0xx_hal_flash_ramfunc.o
HAL_FLASHEx_Erase                                 build/stm32l0xx_hal_flash_ex.o
HAL_FLASHEx_Erase_IT                              build/stm32l0xx_hal_flash_ex.o
HAL_FLASHEx_GetError                              build/stm32l0xx_hal_flash_ramfunc.o
HAL_FLASHEx_HalfPageProgram                       build/stm32l0xx_hal_flash_ramfunc.o
HAL_FLASHEx_OBGetConfig                           build/stm32l0xx_hal_flash_ex.o
HAL_FLASHEx_OBProgram                             build/stm32l0xx_hal_flash_ex.o
HAL_FLASHEx_OB_DeSelectPCROP                      build/stm32l0xx_hal_flash_ex.o
HAL_FLASHEx_OB_SelectPCROP                        build/stm32l0xx_hal_flash_ex.o
HAL_FLASH_EndOfOperationCallback                  build/stm32l0xx_hal_flash.o
HAL_FLASH_GetError                                build/stm32l0xx_hal_flash.o
HAL_FLASH_IRQHandler                              build/stm32l0xx_hal_flash.o
HAL_FLASH_Lock                                    build/stm32l0xx_hal_flash.o
HAL_FLASH_OB_Launch                               build/stm32l0xx_hal_flash.o
HAL_FLASH_OB_Lock                                 build/stm32l0xx_hal_flash.o
HAL_FLASH_OB_Unlock                               build/stm32l0xx_hal_flash.o
HAL_FLASH_OperationErrorCallback                  build/stm32l0xx_hal_flash.o
HAL_FLASH_Program                                 build/stm32l0xx_hal_flash.o
HAL_FLASH_Program_IT                              build/stm32l0xx_hal_flash.o
HAL_FLASH_Unlock                                  build/stm32l0xx_hal_flash.o
HAL_GPIO_DeInit                                   build/stm32l0xx_hal_gpio.o
                                                  build/spi.o
HAL_GPIO_EXTI_Callback                            build/stm32l0xx_hal_gpio.o
HAL_GPIO_EXTI_IRQHandler                          build/stm32l0xx_hal_gpio.o
HAL_GPIO_Init                                     build/stm32l0xx_hal_gpio.o
                                                  build/stm32l0xx_hal_rcc.o
                                                  build/spi.o
                                                  build/gpio.o
HAL_GPIO_LockPin                                  build/stm32l0xx_hal_gpio.o
HAL_GPIO_ReadPin                                  build/stm32l0xx_hal_gpio.o
                                                  build/nrf905.o
HAL_GPIO_TogglePin                                build/stm32l0xx_hal_gpio.o
HAL_GPIO_WritePin                                 build/stm32l0xx_hal_gpio.o
                                                  build/nrf905.o
                                                  build/gpio.o
                                                  build/main.o
HAL_GetDEVID                                      build/stm32l0xx_hal.o
HAL_GetHalVersion                                 build/stm32l0xx_hal.o
HAL_GetREVID                                      build/stm32l0xx_hal.o
HAL_GetTick                                       build/stm32l0xx_hal.o
                                                  build/stm32l0xx_hal_dma.o
                                                  build/stm32l0xx_hal_flash.o
                                                  build/stm32l0xx_hal_rcc_ex.o
                                                  build/stm32l0xx_hal_rcc.o
                                                  build/stm32l0xx_hal_i2c.o
                                                  build/stm32l0xx_hal_spi.o
HAL_GetUIDw0                                      build/stm32l0xx_hal.o
HAL_GetUIDw1                                      build/stm32l0xx_hal.o
HAL_GetUIDw2                                      build/stm32l0xx_hal.o
HAL_I2CEx_ConfigAnalogFilter                      build/stm32l0xx_hal_i2c_ex.o
HAL_I2CEx_ConfigDigitalFilter                     build/stm32l0xx_hal_i2c_ex.o
HAL_I2CEx_DisableFastModePlus                     build/stm32l0xx_hal_i2c_ex.o
HAL_I2CEx_DisableWakeUp                           build/stm32l0xx_hal_i2c_ex.o
HAL_I2CEx_EnableFastModePlus                      build/stm32l0xx_hal_i2c_ex.o
HAL_I2CEx_EnableWakeUp                            build/stm32l0xx_hal_i2c_ex.o
HAL_I2C_AbortCpltCallback                         build/stm32l0xx_hal_i2c.o
HAL_I2C_AddrCallback                              build/stm32l0xx_hal_i2c.o
HAL_I2C_DeInit                                    build/stm32l0xx_hal_i2c.o
HAL_I2C_DisableListen_IT                          build/stm32l0xx_hal_i2c.o
HAL_I2C_ER_IRQHandler                             build/stm32l0xx_hal_i2c.o
HAL_I2C_EV_IRQHandler                             build/stm32l0xx_hal_i2c.o
HAL_I2C_EnableListen_IT                           build/stm32l0xx_hal_i2c.o
HAL_I2C_ErrorCallback                             build/stm32l0xx_hal_i2c.o
HAL_I2C_GetError                                  build/stm32l0xx_hal_i2c.o
HAL_I2C_GetMode                                   build/stm32l0xx_hal_i2c.o
HAL_I2C_GetState                                  build/stm32l0xx_hal_i2c.o
HAL_I2C_Init                                      build/stm32l0xx_hal_i2c.o
HAL_I2C_IsDeviceReady                             build/stm32l0xx_hal_i2c.o
HAL_I2C_ListenCpltCallback                        build/stm32l0xx_hal_i2c.o
HAL_I2C_MasterRxCpltCallback                      build/stm32l0xx_hal_i2c.o
HAL_I2C_MasterTxCpltCallback                      build/stm32l0xx_hal_i2c.o
HAL_I2C_Master_Abort_IT                           build/stm32l0xx_hal_i2c.o
HAL_I2C_Master_Receive                            build/stm32l0xx_hal_i2c.o
HAL_I2C_Master_Receive_DMA                        build/stm32l0xx_hal_i2c.o
HAL_I2C_Master_Receive_IT                         build/stm32l0xx_hal_i2c.o
HAL_I2C_Master_Seq_Receive_DMA                    build/stm32l0xx_hal_i2c.o
HAL_I2C_Master_Seq_Receive_IT                     build/stm32l0xx_hal_i2c.o
HAL_I2C_Master_Seq_Transmit_DMA                   build/stm32l0xx_hal_i2c.o
HAL_I2C_Master_Seq_Transmit_IT                    build/stm32l0xx_hal_i2c.o
HAL_I2C_Master_Transmit                           build/stm32l0xx_hal_i2c.o
HAL_I2C_Master_Transmit_DMA                       build/stm32l0xx_hal_i2c.o
HAL_I2C_Master_Transmit_IT                        build/stm32l0xx_hal_i2c.o
HAL_I2C_MemRxCpltCallback                         build/stm32l0xx_hal_i2c.o
HAL_I2C_MemTxCpltCallback                         build/stm32l0xx_hal_i2c.o
HAL_I2C_Mem_Read                                  build/stm32l0xx_hal_i2c.o
HAL_I2C_Mem_Read_DMA                              build/stm32l0xx_hal_i2c.o
HAL_I2C_Mem_Read_IT                               build/stm32l0xx_hal_i2c.o
HAL_I2C_Mem_Write                                 build/stm32l0xx_hal_i2c.o
HAL_I2C_Mem_Write_DMA                             build/stm32l0xx_hal_i2c.o
HAL_I2C_Mem_Write_IT                              build/stm32l0xx_hal_i2c.o
HAL_I2C_MspDeInit                                 build/stm32l0xx_hal_i2c.o
HAL_I2C_MspInit                                   build/stm32l0xx_hal_i2c.o
HAL_I2C_SlaveRxCpltCallback                       build/stm32l0xx_hal_i2c.o
HAL_I2C_SlaveTxCpltCallback                       build/stm32l0xx_hal_i2c.o
HAL_I2C_Slave_Receive                             build/stm32l0xx_hal_i2c.o
HAL_I2C_Slave_Receive_DMA                         build/stm32l0xx_hal_i2c.o
HAL_I2C_Slave_Receive_IT                          build/stm32l0xx_hal_i2c.o
HAL_I2C_Slave_Seq_Receive_DMA                     build/stm32l0xx_hal_i2c.o
HAL_I2C_Slave_Seq_Receive_IT                      build/stm32l0xx_hal_i2c.o
HAL_I2C_Slave_Seq_Transmit_DMA                    build/stm32l0xx_hal_i2c.o
HAL_I2C_Slave_Seq_Transmit_IT                     build/stm32l0xx_hal_i2c.o
HAL_I2C_Slave_Transmit                            build/stm32l0xx_hal_i2c.o
HAL_I2C_Slave_Transmit_DMA                        build/stm32l0xx_hal_i2c.o
HAL_I2C_Slave_Transmit_IT                         build/stm32l0xx_hal_i2c.o
HAL_IncTick                                       build/stm32l0xx_hal.o
                                                  build/stm32l0xx_it.o
HAL_Init                                          build/stm32l0xx_hal.o
                                                  build/main.o
HAL_InitTick                                      build/stm32l0xx_hal.o
                                                  build/stm32l0xx_hal_rcc.o
HAL_MspDeInit                                     build/stm32l0xx_hal.o
HAL_MspInit                                       build/stm32l0xx_hal_msp.o
HAL_NVIC_ClearPendingIRQ                          build/stm32l0xx_hal_cortex.o
HAL_NVIC_DisableIRQ                               build/stm32l0xx_hal_cortex.o
HAL_NVIC_EnableIRQ                                build/stm32l0xx_hal_cortex.o
HAL_NVIC_GetPendingIRQ                            build/stm32l0xx_hal_cortex.o
HAL_NVIC_GetPriority                              build/stm32l0xx_hal_cortex.o
HAL_NVIC_SetPendingIRQ                            build/stm32l0xx_hal_cortex.o
HAL_NVIC_SetPriority                              build/stm32l0xx_hal_cortex.o
                                                  build/stm32l0xx_hal.o
HAL_NVIC_SystemReset                              build/stm32l0xx_hal_cortex.o
HAL_PWREx_DisableFastWakeUp                       build/stm32l0xx_hal_pwr_ex.o
HAL_PWREx_DisableLowPowerRunMode                  build/stm32l0xx_hal_pwr_ex.o
HAL_PWREx_DisableUltraLowPower                    build/stm32l0xx_hal_pwr_ex.o
HAL_PWREx_EnableFastWakeUp                        build/stm32l0xx_hal_pwr_ex.o
HAL_PWREx_EnableLowPowerRunMode                   build/stm32l0xx_hal_pwr_ex.o
HAL_PWREx_EnableUltraLowPower                     build/stm32l0xx_hal_pwr_ex.o
HAL_PWREx_GetVoltageRange                         build/stm32l0xx_hal_pwr_ex.o
HAL_PWR_ConfigPVD                                 build/stm32l0xx_hal_pwr.o
HAL_PWR_DeInit                                    build/stm32l0xx_hal_pwr.o
HAL_PWR_DisableBkUpAccess                         build/stm32l0xx_hal_pwr.o
HAL_PWR_DisablePVD                                build/stm32l0xx_hal_pwr.o
HAL_PWR_DisableSEVOnPend                          build/stm32l0xx_hal_pwr.o
HAL_PWR_DisableSleepOnExit                        build/stm32l0xx_hal_pwr.o
HAL_PWR_DisableWakeUpPin                          build/stm32l0xx_hal_pwr.o
HAL_PWR_EnableBkUpAccess                          build/stm32l0xx_hal_pwr.o
HAL_PWR_EnablePVD                                 build/stm32l0xx_hal_pwr.o
HAL_PWR_EnableSEVOnPend                           build/stm32l0xx_hal_pwr.o
HAL_PWR_EnableSleepOnExit                         build/stm32l0xx_hal_pwr.o
HAL_PWR_EnableWakeUpPin                           build/stm32l0xx_hal_pwr.o
HAL_PWR_EnterSLEEPMode                            build/stm32l0xx_hal_pwr.o
HAL_PWR_EnterSTANDBYMode                          build/stm32l0xx_hal_pwr.o
HAL_PWR_EnterSTOPMode                             build/stm32l0xx_hal_pwr.o
HAL_PWR_PVDCallback                               build/stm32l0xx_hal_pwr.o
HAL_PWR_PVD_IRQHandler                            build/stm32l0xx_hal_pwr.o
HAL_RCCEx_DisableLSECSS                           build/stm32l0xx_hal_rcc_ex.o
HAL_RCCEx_EnableLSECSS                            build/stm32l0xx_hal_rcc_ex.o
HAL_RCCEx_EnableLSECSS_IT                         build/stm32l0xx_hal_rcc_ex.o
HAL_RCCEx_GetPeriphCLKConfig                      build/stm32l0xx_hal_rcc_ex.o
HAL_RCCEx_GetPeriphCLKFreq                        build/stm32l0xx_hal_rcc_ex.o
HAL_RCCEx_LSECSS_Callback                         build/stm32l0xx_hal_rcc_ex.o
HAL_RCCEx_LSECSS_IRQHandler                       build/stm32l0xx_hal_rcc_ex.o
HAL_RCCEx_PeriphCLKConfig                         build/stm32l0xx_hal_rcc_ex.o
HAL_RCC_ClockConfig                               build/stm32l0xx_hal_rcc.o
                                                  build/main.o
HAL_RCC_DeInit                                    build/stm32l0xx_hal_rcc.o
HAL_RCC_GetClockConfig                            build/stm32l0xx_hal_rcc.o
HAL_RCC_GetHCLKFreq                               build/stm32l0xx_hal_rcc.o
HAL_RCC_GetOscConfig                              build/stm32l0xx_hal_rcc.o
HAL_RCC_GetPCLK1Freq                              build/stm32l0xx_hal_rcc.o
                                                  build/stm32l0xx_hal_rcc_ex.o
HAL_RCC_GetPCLK2Freq                              build/stm32l0xx_hal_rcc.o
HAL_RCC_GetSysClockFreq                           build/stm32l0xx_hal_rcc.o
                                                  build/stm32l0xx_hal_rcc_ex.o
HAL_RCC_MCOConfig                                 build/stm32l0xx_hal_rcc.o
HAL_RCC_OscConfig                                 build/stm32l0xx_hal_rcc.o
                                                  build/main.o
HAL_ResumeTick                                    build/stm32l0xx_hal.o
HAL_SPI_Abort                                     build/stm32l0xx_hal_spi.o
HAL_SPI_AbortCpltCallback                         build/stm32l0xx_hal_spi.o
HAL_SPI_Abort_IT                                  build/stm32l0xx_hal_spi.o
HAL_SPI_DMAPause                                  build/stm32l0xx_hal_spi.o
HAL_SPI_DMAResume                                 build/stm32l0xx_hal_spi.o
HAL_SPI_DMAStop                                   build/stm32l0xx_hal_spi.o
HAL_SPI_DeInit                                    build/stm32l0xx_hal_spi.o
HAL_SPI_ErrorCallback                             build/stm32l0xx_hal_spi.o
HAL_SPI_GetError                                  build/stm32l0xx_hal_spi.o
HAL_SPI_GetState                                  build/stm32l0xx_hal_spi.o
HAL_SPI_IRQHandler                                build/stm32l0xx_hal_spi.o
HAL_SPI_Init                                      build/stm32l0xx_hal_spi.o
                                                  build/spi.o
HAL_SPI_MspDeInit                                 build/spi.o
HAL_SPI_MspInit                                   build/spi.o
HAL_SPI_Receive                                   build/stm32l0xx_hal_spi.o
                                                  build/nrf905.o
                                                  build/main.o
HAL_SPI_Receive_DMA                               build/stm32l0xx_hal_spi.o
HAL_SPI_Receive_IT                                build/stm32l0xx_hal_spi.o
HAL_SPI_RxCpltCallback                            build/stm32l0xx_hal_spi.o
HAL_SPI_RxHalfCpltCallback                        build/stm32l0xx_hal_spi.o
HAL_SPI_Transmit                                  build/stm32l0xx_hal_spi.o
                                                  build/nrf905.o
                                                  build/main.o
HAL_SPI_TransmitReceive                           build/stm32l0xx_hal_spi.o
                                                  build/nrf905.o
HAL_SPI_TransmitReceive_DMA                       build/stm32l0xx_hal_spi.o
HAL_SPI_TransmitReceive_IT                        build/stm32l0xx_hal_spi.o
HAL_SPI_Transmit_DMA                              build/stm32l0xx_hal_spi.o
HAL_SPI_Transmit_IT                               build/stm32l0xx_hal_spi.o
HAL_SPI_TxCpltCallback                            build/stm32l0xx_hal_spi.o
HAL_SPI_TxHalfCpltCallback                        build/stm32l0xx_hal_spi.o
HAL_SPI_TxRxCpltCallback                          build/stm32l0xx_hal_spi.o
HAL_SPI_TxRxHalfCpltCallback                      build/stm32l0xx_hal_spi.o
HAL_SYSCFG_Disable_Lock_VREFINT                   build/stm32l0xx_hal.o
HAL_SYSCFG_Enable_Lock_VREFINT                    build/stm32l0xx_hal.o
HAL_SYSCFG_GetBootMode                            build/stm32l0xx_hal.o
HAL_SYSCFG_VREFINT_OutputSelect                   build/stm32l0xx_hal.o
HAL_SYSTICK_CLKSourceConfig                       build/stm32l0xx_hal_cortex.o
HAL_SYSTICK_Callback                              build/stm32l0xx_hal_cortex.o
HAL_SYSTICK_Config                                build/stm32l0xx_hal_cortex.o
                                                  build/stm32l0xx_hal.o
HAL_SYSTICK_IRQHandler                            build/stm32l0xx_hal_cortex.o
HAL_SuspendTick                                   build/stm32l0xx_hal.o
HardFault_Handler                                 build/stm32l0xx_it.o
I2C1_IRQHandler                                   build/startup_stm32l011xx.o
LPTIM1_IRQHandler                                 build/startup_stm32l011xx.o
LPUART1_IRQHandler                                build/startup_stm32l011xx.o
MX_GPIO_Init                                      build/gpio.o
                                                  build/main.o
MX_SPI1_Init                                      build/spi.o
                                                  build/main.o
NMI_Handler                                       build/stm32l0xx_it.o
NRF905_Config_t                                   build/nrf905.o
                                                  build/main.o
NRF905_INIT                                       build/nrf905.o
                                                  build/main.o
NRF905_POWER_OFF                                  build/nrf905.o
NRF905_POWER_ON                                   build/nrf905.o
                                                  build/main.o
NRF905_ReadBuf                                    build/nrf905.o
NRF905_ReadReg                                    build/nrf905.o
NRF905_WriteBuf                                   build/nrf905.o
NRF905_WriteReg                                   build/nrf905.o
P                                                 build/main.o
PLLMulTable                                       build/system_stm32l0xx.o
                                                  build/stm32l0xx_hal_rcc.o
PVD_IRQHandler                                    build/startup_stm32l011xx.o
PendSV_Handler                                    build/stm32l0xx_it.o
RCC_IRQHandler                                    build/startup_stm32l011xx.o
RTC_IRQHandler                                    build/startup_stm32l011xx.o
ReadReciveData                                    build/nrf905.o
ReciveOff                                         build/nrf905.o
ReciveOn                                          build/nrf905.o
Reset_Handler                                     build/startup_stm32l011xx.o
SPI1_IRQHandler                                   build/startup_stm32l011xx.o
SPI_GET_DAT                                       build/main.o
                                                  build/bme280.o
SPI_SET_DAT                                       build/main.o
                                                  build/bme280.o
SVC_Handler                                       build/stm32l0xx_it.o
StartSend                                         build/nrf905.o
                                                  build/main.o
SysTick_Handler                                   build/stm32l0xx_it.o
SystemClock_Config                                build/main.o
SystemCoreClock                                   build/system_stm32l0xx.o
                                                  build/stm32l0xx_hal_pwr_ex.o
                                                  build/stm32l0xx_hal_rcc.o
                                                  build/stm32l0xx_hal.o
                                                  build/stm32l0xx_hal_spi.o
SystemCoreClockUpdate                             build/system_stm32l0xx.o
SystemInit                                        build/system_stm32l0xx.o
                                                  build/startup_stm32l011xx.o
TIM21_IRQHandler                                  build/startup_stm32l011xx.o
TIM2_IRQHandler                                   build/startup_stm32l011xx.o
USART2_IRQHandler                                 build/startup_stm32l011xx.o
WWDG_IRQHandler                                   build/startup_stm32l011xx.o
WriteDataToSend                                   build/nrf905.o
                                                  build/main.o
__aeabi_idiv0                                     /usr/local/bin/../lib/gcc/arm-none-eabi/9.3.1/thumb/v6-m/nofp/libgcc.a(_dvmd_tls.o)
                                                  /usr/local/bin/../lib/gcc/arm-none-eabi/9.3.1/thumb/v6-m/nofp/libgcc.a(_udivsi3.o)
__aeabi_ldiv0                                     /usr/local/bin/../lib/gcc/arm-none-eabi/9.3.1/thumb/v6-m/nofp/libgcc.a(_dvmd_tls.o)
__aeabi_uidiv                                     /usr/local/bin/../lib/gcc/arm-none-eabi/9.3.1/thumb/v6-m/nofp/libgcc.a(_udivsi3.o)
                                                  build/system_stm32l0xx.o
                                                  build/stm32l0xx_hal_pwr_ex.o
                                                  build/stm32l0xx_hal_dma.o
                                                  build/stm32l0xx_hal_rcc.o
                                                  build/stm32l0xx_hal.o
                                                  build/stm32l0xx_hal_spi.o
                                                  build/bme280.o
__aeabi_uidivmod                                  /usr/local/bin/../lib/gcc/arm-none-eabi/9.3.1/thumb/v6-m/nofp/libgcc.a(_udivsi3.o)
__bss_end__                                       /usr/local/bin/../lib/gcc/arm-none-eabi/9.3.1/../../../../arm-none-eabi/lib/thumb/v6-m/nofp/crt0.o
__bss_start__                                     /usr/local/bin/../lib/gcc/arm-none-eabi/9.3.1/../../../../arm-none-eabi/lib/thumb/v6-m/nofp/crt0.o
__call_exitprocs                                  /usr/local/bin/../lib/gcc/arm-none-eabi/9.3.1/../../../../arm-none-eabi/lib/thumb/v6-m/nofp/libc_nano.a(lib_a-exit.o)
__deregister_frame_info                           /usr/local/bin/../lib/gcc/arm-none-eabi/9.3.1/thumb/v6-m/nofp/crtbegin.o
__dso_handle                                      /usr/local/bin/../lib/gcc/arm-none-eabi/9.3.1/thumb/v6-m/nofp/crtbegin.o
__init_array_end                                  /usr/local/bin/../lib/gcc/arm-none-eabi/9.3.1/../../../../arm-none-eabi/lib/thumb/v6-m/nofp/libc_nano.a(lib_a-init.o)
__init_array_start                                /usr/local/bin/../lib/gcc/arm-none-eabi/9.3.1/../../../../arm-none-eabi/lib/thumb/v6-m/nofp/libc_nano.a(lib_a-init.o)
__libc_fini_array                                 /usr/local/bin/../lib/gcc/arm-none-eabi/9.3.1/../../../../arm-none-eabi/lib/thumb/v6-m/nofp/crt0.o
__libc_init_array                                 /usr/local/bin/../lib/gcc/arm-none-eabi/9.3.1/../../../../arm-none-eabi/lib/thumb/v6-m/nofp/libc_nano.a(lib_a-init.o)
                                                  build/startup_stm32l011xx.o
                                                  /usr/local/bin/../lib/gcc/arm-none-eabi/9.3.1/../../../../arm-none-eabi/lib/thumb/v6-m/nofp/crt0.o
__preinit_array_end                               /usr/local/bin/../lib/gcc/arm-none-eabi/9.3.1/../../../../arm-none-eabi/lib/thumb/v6-m/nofp/libc_nano.a(lib_a-init.o)
__preinit_array_start                             /usr/local/bin/../lib/gcc/arm-none-eabi/9.3.1/../../../../arm-none-eabi/lib/thumb/v6-m/nofp/libc_nano.a(lib_a-init.o)
__register_frame_info                             /usr/local/bin/../lib/gcc/arm-none-eabi/9.3.1/thumb/v6-m/nofp/crtbegin.o
__sf_fake_stderr                                  /usr/local/bin/../lib/gcc/arm-none-eabi/9.3.1/../../../../arm-none-eabi/lib/thumb/v6-m/nofp/libc_nano.a(lib_a-impure.o)
__sf_fake_stdin                                   /usr/local/bin/../lib/gcc/arm-none-eabi/9.3.1/../../../../arm-none-eabi/lib/thumb/v6-m/nofp/libc_nano.a(lib_a-impure.o)
__sf_fake_stdout                                  /usr/local/bin/../lib/gcc/arm-none-eabi/9.3.1/../../../../arm-none-eabi/lib/thumb/v6-m/nofp/libc_nano.a(lib_a-impure.o)
__stack                                           /usr/local/bin/../lib/gcc/arm-none-eabi/9.3.1/../../../../arm-none-eabi/lib/thumb/v6-m/nofp/crt0.o
__udivsi3                                         /usr/local/bin/../lib/gcc/arm-none-eabi/9.3.1/thumb/v6-m/nofp/libgcc.a(_udivsi3.o)
_ebss                                             build/startup_stm32l011xx.o
_edata                                            build/startup_stm32l011xx.o
_estack                                           build/startup_stm32l011xx.o
_exit                                             /usr/local/bin/../lib/gcc/arm-none-eabi/9.3.1/../../../../arm-none-eabi/lib/thumb/v6-m/nofp/libnosys.a(_exit.o)
                                                  /usr/local/bin/../lib/gcc/arm-none-eabi/9.3.1/../../../../arm-none-eabi/lib/thumb/v6-m/nofp/libc_nano.a(lib_a-exit.o)
_fini                                             /usr/local/bin/../lib/gcc/arm-none-eabi/9.3.1/thumb/v6-m/nofp/crti.o
_global_impure_ptr                                /usr/local/bin/../lib/gcc/arm-none-eabi/9.3.1/../../../../arm-none-eabi/lib/thumb/v6-m/nofp/libc_nano.a(lib_a-impure.o)
                                                  /usr/local/bin/../lib/gcc/arm-none-eabi/9.3.1/../../../../arm-none-eabi/lib/thumb/v6-m/nofp/libc_nano.a(lib_a-exit.o)
_impure_ptr                                       /usr/local/bin/../lib/gcc/arm-none-eabi/9.3.1/../../../../arm-none-eabi/lib/thumb/v6-m/nofp/libc_nano.a(lib_a-impure.o)
_init                                             /usr/local/bin/../lib/gcc/arm-none-eabi/9.3.1/thumb/v6-m/nofp/crti.o
                                                  /usr/local/bin/../lib/gcc/arm-none-eabi/9.3.1/../../../../arm-none-eabi/lib/thumb/v6-m/nofp/libc_nano.a(lib_a-init.o)
_mainCRTStartup                                   /usr/local/bin/../lib/gcc/arm-none-eabi/9.3.1/../../../../arm-none-eabi/lib/thumb/v6-m/nofp/crt0.o
_sbss                                             build/startup_stm32l011xx.o
_sdata                                            build/startup_stm32l011xx.o
_sidata                                           build/startup_stm32l011xx.o
_stack_init                                       /usr/local/bin/../lib/gcc/arm-none-eabi/9.3.1/../../../../arm-none-eabi/lib/thumb/v6-m/nofp/crt0.o
_start                                            /usr/local/bin/../lib/gcc/arm-none-eabi/9.3.1/../../../../arm-none-eabi/lib/thumb/v6-m/nofp/crt0.o
atexit                                            /usr/local/bin/../lib/gcc/arm-none-eabi/9.3.1/../../../../arm-none-eabi/lib/thumb/v6-m/nofp/crt0.o
dev_bme                                           build/main.o
exit                                              /usr/local/bin/../lib/gcc/arm-none-eabi/9.3.1/../../../../arm-none-eabi/lib/thumb/v6-m/nofp/libc_nano.a(lib_a-exit.o)
                                                  /usr/local/bin/../lib/gcc/arm-none-eabi/9.3.1/../../../../arm-none-eabi/lib/thumb/v6-m/nofp/crt0.o
g_pfnVectors                                      build/startup_stm32l011xx.o
hardware_init_hook                                /usr/local/bin/../lib/gcc/arm-none-eabi/9.3.1/../../../../arm-none-eabi/lib/thumb/v6-m/nofp/crt0.o
hspi1                                             build/spi.o
                                                  build/nrf905.o
                                                  build/main.o
initBME280                                        build/bme280.o
                                                  build/main.o
main                                              build/main.o
                                                  build/startup_stm32l011xx.o
                                                  /usr/local/bin/../lib/gcc/arm-none-eabi/9.3.1/../../../../arm-none-eabi/lib/thumb/v6-m/nofp/crt0.o
memset                                            /usr/local/bin/../lib/gcc/arm-none-eabi/9.3.1/../../../../arm-none-eabi/lib/thumb/v6-m/nofp/libc_nano.a(lib_a-memset.o)
                                                  build/stm32l0xx_hal_rcc.o
                                                  build/spi.o
                                                  build/gpio.o
                                                  build/main.o
                                                  /usr/local/bin/../lib/gcc/arm-none-eabi/9.3.1/../../../../arm-none-eabi/lib/thumb/v6-m/nofp/crt0.o
pFlash                                            build/stm32l0xx_hal_flash.o
                                                  build/stm32l0xx_hal_flash_ex.o
                                                  build/stm32l0xx_hal_flash_ramfunc.o
software_init_hook                                /usr/local/bin/../lib/gcc/arm-none-eabi/9.3.1/../../../../arm-none-eabi/lib/thumb/v6-m/nofp/crt0.o
uwTick                                            build/stm32l0xx_hal.o
