Archive member included to satisfy reference by file (symbol)

/usr/lib/gcc/arm-none-eabi/9.2.1/../../../arm-none-eabi/lib/thumb/v6-m/nofp/libc_nano.a(lib_a-atexit.o)
                              /usr/lib/gcc/arm-none-eabi/9.2.1/../../../arm-none-eabi/lib/thumb/v6-m/nofp/crt0.o (atexit)
/usr/lib/gcc/arm-none-eabi/9.2.1/../../../arm-none-eabi/lib/thumb/v6-m/nofp/libc_nano.a(lib_a-exit.o)
                              /usr/lib/gcc/arm-none-eabi/9.2.1/../../../arm-none-eabi/lib/thumb/v6-m/nofp/crt0.o (exit)
/usr/lib/gcc/arm-none-eabi/9.2.1/../../../arm-none-eabi/lib/thumb/v6-m/nofp/libc_nano.a(lib_a-fini.o)
                              /usr/lib/gcc/arm-none-eabi/9.2.1/../../../arm-none-eabi/lib/thumb/v6-m/nofp/crt0.o (__libc_fini_array)
/usr/lib/gcc/arm-none-eabi/9.2.1/../../../arm-none-eabi/lib/thumb/v6-m/nofp/libc_nano.a(lib_a-impure.o)
                              /usr/lib/gcc/arm-none-eabi/9.2.1/../../../arm-none-eabi/lib/thumb/v6-m/nofp/libc_nano.a(lib_a-exit.o) (_global_impure_ptr)
/usr/lib/gcc/arm-none-eabi/9.2.1/../../../arm-none-eabi/lib/thumb/v6-m/nofp/libc_nano.a(lib_a-init.o)
                              /usr/lib/gcc/arm-none-eabi/9.2.1/../../../arm-none-eabi/lib/thumb/v6-m/nofp/crt0.o (__libc_init_array)
/usr/lib/gcc/arm-none-eabi/9.2.1/../../../arm-none-eabi/lib/thumb/v6-m/nofp/libc_nano.a(lib_a-memset.o)
                              /usr/lib/gcc/arm-none-eabi/9.2.1/../../../arm-none-eabi/lib/thumb/v6-m/nofp/crt0.o (memset)
/usr/lib/gcc/arm-none-eabi/9.2.1/../../../arm-none-eabi/lib/thumb/v6-m/nofp/libc_nano.a(lib_a-__atexit.o)
                              /usr/lib/gcc/arm-none-eabi/9.2.1/../../../arm-none-eabi/lib/thumb/v6-m/nofp/libc_nano.a(lib_a-atexit.o) (__register_exitproc)
/usr/lib/gcc/arm-none-eabi/9.2.1/../../../arm-none-eabi/lib/thumb/v6-m/nofp/libc_nano.a(lib_a-__call_atexit.o)
                              /usr/lib/gcc/arm-none-eabi/9.2.1/../../../arm-none-eabi/lib/thumb/v6-m/nofp/libc_nano.a(lib_a-__atexit.o) (__call_exitprocs)
/usr/lib/gcc/arm-none-eabi/9.2.1/../../../arm-none-eabi/lib/thumb/v6-m/nofp/libnosys.a(_exit.o)
                              /usr/lib/gcc/arm-none-eabi/9.2.1/../../../arm-none-eabi/lib/thumb/v6-m/nofp/libc_nano.a(lib_a-exit.o) (_exit)
/usr/lib/gcc/arm-none-eabi/9.2.1/thumb/v6-m/nofp/libgcc.a(_udivsi3.o)
                              build/bme280.o (__aeabi_uidiv)
/usr/lib/gcc/arm-none-eabi/9.2.1/thumb/v6-m/nofp/libgcc.a(_dvmd_tls.o)
                              /usr/lib/gcc/arm-none-eabi/9.2.1/thumb/v6-m/nofp/libgcc.a(_udivsi3.o) (__aeabi_idiv0)

Allocating common symbols
Common symbol       size              file

uwTick              0x4               build/stm32l0xx_hal.o
pFlash              0x18              build/stm32l0xx_hal_flash.o
NRF905_Config_t     0xa               build/main.o
hspi1               0x58              build/spi.o
P                   0x1c              build/main.o

Discarded input sections

 .text          0x0000000000000000        0x0 /usr/lib/gcc/arm-none-eabi/9.2.1/thumb/v6-m/nofp/crti.o
 .data          0x0000000000000000        0x0 /usr/lib/gcc/arm-none-eabi/9.2.1/thumb/v6-m/nofp/crti.o
 .bss           0x0000000000000000        0x0 /usr/lib/gcc/arm-none-eabi/9.2.1/thumb/v6-m/nofp/crti.o
 .data          0x0000000000000000        0x4 /usr/lib/gcc/arm-none-eabi/9.2.1/thumb/v6-m/nofp/crtbegin.o
 .text          0x0000000000000000       0x74 /usr/lib/gcc/arm-none-eabi/9.2.1/../../../arm-none-eabi/lib/thumb/v6-m/nofp/crt0.o
 .data          0x0000000000000000        0x0 /usr/lib/gcc/arm-none-eabi/9.2.1/../../../arm-none-eabi/lib/thumb/v6-m/nofp/crt0.o
 .bss           0x0000000000000000        0x0 /usr/lib/gcc/arm-none-eabi/9.2.1/../../../arm-none-eabi/lib/thumb/v6-m/nofp/crt0.o
 .ARM.extab     0x0000000000000000        0x0 /usr/lib/gcc/arm-none-eabi/9.2.1/../../../arm-none-eabi/lib/thumb/v6-m/nofp/crt0.o
 .ARM.exidx     0x0000000000000000       0x10 /usr/lib/gcc/arm-none-eabi/9.2.1/../../../arm-none-eabi/lib/thumb/v6-m/nofp/crt0.o
 .debug_line    0x0000000000000000       0x8c /usr/lib/gcc/arm-none-eabi/9.2.1/../../../arm-none-eabi/lib/thumb/v6-m/nofp/crt0.o
 .debug_info    0x0000000000000000       0x26 /usr/lib/gcc/arm-none-eabi/9.2.1/../../../arm-none-eabi/lib/thumb/v6-m/nofp/crt0.o
 .debug_abbrev  0x0000000000000000       0x14 /usr/lib/gcc/arm-none-eabi/9.2.1/../../../arm-none-eabi/lib/thumb/v6-m/nofp/crt0.o
 .debug_aranges
                0x0000000000000000       0x20 /usr/lib/gcc/arm-none-eabi/9.2.1/../../../arm-none-eabi/lib/thumb/v6-m/nofp/crt0.o
 .debug_str     0x0000000000000000       0x94 /usr/lib/gcc/arm-none-eabi/9.2.1/../../../arm-none-eabi/lib/thumb/v6-m/nofp/crt0.o
 .ARM.attributes
                0x0000000000000000       0x1b /usr/lib/gcc/arm-none-eabi/9.2.1/../../../arm-none-eabi/lib/thumb/v6-m/nofp/crt0.o
 .text          0x0000000000000000        0x0 build/main.o
 .data          0x0000000000000000        0x0 build/main.o
 .bss           0x0000000000000000        0x0 build/main.o
[...]
Memory Configuration

Name             Origin             Length             Attributes
RAM              0x0000000020000000 0x0000000000002000 xrw
FLASH            0x0000000008000000 0x0000000000008000 xr
*default*        0x0000000000000000 0xffffffffffffffff

Linker script and memory map

LOAD /usr/lib/gcc/arm-none-eabi/9.2.1/thumb/v6-m/nofp/crti.o
LOAD /usr/lib/gcc/arm-none-eabi/9.2.1/thumb/v6-m/nofp/crtbegin.o
LOAD /usr/lib/gcc/arm-none-eabi/9.2.1/../../../arm-none-eabi/lib/thumb/v6-m/nofp/crt0.o
LOAD build/main.o
LOAD build/bme280.o
LOAD build/gpio.o
LOAD build/spi.o
LOAD build/nrf905.o
LOAD build/stm32l0xx_it.o
LOAD build/stm32l0xx_hal_msp.o
LOAD build/stm32l0xx_hal_spi.o
LOAD build/stm32l0xx_hal.o
LOAD build/stm32l0xx_hal_i2c.o
LOAD build/stm32l0xx_hal_i2c_ex.o
LOAD build/stm32l0xx_hal_rcc.o
LOAD build/stm32l0xx_hal_rcc_ex.o
LOAD build/stm32l0xx_hal_flash_ramfunc.o
LOAD build/stm32l0xx_hal_flash.o
LOAD build/stm32l0xx_hal_flash_ex.o
LOAD build/stm32l0xx_hal_gpio.o
LOAD build/stm32l0xx_hal_dma.o
LOAD build/stm32l0xx_hal_pwr.o
LOAD build/stm32l0xx_hal_pwr_ex.o
LOAD build/stm32l0xx_hal_cortex.o
LOAD build/stm32l0xx_hal_tim.o
LOAD build/stm32l0xx_hal_tim_ex.o
LOAD build/system_stm32l0xx.o
LOAD build/startup_stm32l031xx.o
LOAD /usr/lib/gcc/arm-none-eabi/9.2.1/../../../arm-none-eabi/lib/thumb/v6-m/nofp/libc_nano.a
LOAD /usr/lib/gcc/arm-none-eabi/9.2.1/../../../arm-none-eabi/lib/thumb/v6-m/nofp/libm.a
LOAD /usr/lib/gcc/arm-none-eabi/9.2.1/../../../arm-none-eabi/lib/thumb/v6-m/nofp/libnosys.a
START GROUP
LOAD /usr/lib/gcc/arm-none-eabi/9.2.1/thumb/v6-m/nofp/libgcc.a
LOAD /usr/lib/gcc/arm-none-eabi/9.2.1/../../../arm-none-eabi/lib/thumb/v6-m/nofp/libc_nano.a
END GROUP
START GROUP
LOAD /usr/lib/gcc/arm-none-eabi/9.2.1/thumb/v6-m/nofp/libgcc.a
LOAD /usr/lib/gcc/arm-none-eabi/9.2.1/../../../arm-none-eabi/lib/thumb/v6-m/nofp/libc_nano.a
END GROUP
LOAD /usr/lib/gcc/arm-none-eabi/9.2.1/thumb/v6-m/nofp/crtend.o
LOAD /usr/lib/gcc/arm-none-eabi/9.2.1/thumb/v6-m/nofp/crtn.o
                0x0000000020002000                _estack = 0x20002000
                0x0000000000000200                _Min_Heap_Size = 0x200
                0x0000000000000400                _Min_Stack_Size = 0x400

.isr_vector     0x0000000008000000       0xc0
                0x0000000008000000                . = ALIGN (0x4)
 *(.isr_vector)
 .isr_vector    0x0000000008000000       0xc0 build/startup_stm32l031xx.o
                0x0000000008000000                g_pfnVectors
                0x00000000080000c0                . = ALIGN (0x4)

.text           0x00000000080000c0     0x20e0
                0x00000000080000c0                . = ALIGN (0x4)
 *(.text)
 .text          0x00000000080000c0       0x98 /usr/lib/gcc/arm-none-eabi/9.2.1/thumb/v6-m/nofp/crtbegin.o
 .text          0x0000000008000158       0x44 /usr/lib/gcc/arm-none-eabi/9.2.1/../../../arm-none-eabi/lib/thumb/v6-m/nofp/libc_nano.a(lib_a-init.o)
                0x0000000008000158                __libc_init_array
 .text          0x000000000800019c       0xa8 /usr/lib/gcc/arm-none-eabi/9.2.1/../../../arm-none-eabi/lib/thumb/v6-m/nofp/libc_nano.a(lib_a-memset.o)
                0x000000000800019c                memset
 .text          0x0000000008000244      0x114 /usr/lib/gcc/arm-none-eabi/9.2.1/thumb/v6-m/nofp/libgcc.a(_udivsi3.o)
                0x0000000008000244                __udivsi3
                0x0000000008000244                __aeabi_uidiv
                0x0000000008000350                __aeabi_uidivmod
 .text          0x0000000008000358        0x4 /usr/lib/gcc/arm-none-eabi/9.2.1/thumb/v6-m/nofp/libgcc.a(_dvmd_tls.o)
                0x0000000008000358                __aeabi_ldiv0
                0x0000000008000358                __aeabi_idiv0
 *(.text*)
 .text.SystemClock_Config
                0x000000000800035c       0x64 build/main.o
                0x000000000800035c                SystemClock_Config
 .text.main     0x00000000080003c0      0x138 build/main.o
                0x00000000080003c0                main
 .text.SPI_GET_DAT
                0x00000000080004f8       0x4c build/main.o
                0x00000000080004f8                SPI_GET_DAT
 .text.SPI_SET_DAT
                0x0000000008000544       0x58 build/main.o
                0x0000000008000544                SPI_SET_DAT
 .text.Error_Handler
                0x000000000800059c        0x2 build/main.o
                0x000000000800059c                Error_Handler
 .text.bme280_parse_sensor_data
                0x000000000800059e       0x32 build/bme280.o
 .text.compensate_temperature
                0x00000000080005d0       0x78 build/bme280.o
 .text.compensate_pressure
                0x0000000008000648      0x124 build/bme280.o
 .text.compensate_humidity
                0x000000000800076c       0xdc build/bme280.o
 .text.bme280_compensate_data
                0x0000000008000848       0x26 build/bme280.o
 .text.parse_temp_press_calib_data
                0x000000000800086e       0x84 build/bme280.o
 .text.parse_humidity_calib_data
                0x00000000080008f2       0x4a build/bme280.o
 .text.GetCalibData_BME280
                0x000000000800093c       0x68 build/bme280.o
                0x000000000800093c                GetCalibData_BME280
 .text.GetData_BME280
                0x00000000080009a4       0x5e build/bme280.o
                0x00000000080009a4                GetData_BME280
 .text.initBME280
                0x0000000008000a02       0x7e build/bme280.o
                0x0000000008000a02                initBME280
 .text.MX_GPIO_Init
                0x0000000008000a80      0x12c build/gpio.o
                0x0000000008000a80                MX_GPIO_Init
 .text.MX_SPI1_Init
                0x0000000008000bac       0x44 build/spi.o
                0x0000000008000bac                MX_SPI1_Init
 .text.HAL_SPI_MspInit
                0x0000000008000bf0       0x94 build/spi.o
                0x0000000008000bf0                HAL_SPI_MspInit
 .text.NRF905_ReadBuf
                0x0000000008000c84       0x70 build/nrf905.o
                0x0000000008000c84                NRF905_ReadBuf
 .text.NRF905_WriteBuf
                0x0000000008000cf4       0x64 build/nrf905.o
                0x0000000008000cf4                NRF905_WriteBuf
 .text.NRF905_INIT
                0x0000000008000d58       0x7c build/nrf905.o
                0x0000000008000d58                NRF905_INIT
 .text.WriteDataToSend
                0x0000000008000dd4       0xc0 build/nrf905.o
                0x0000000008000dd4                WriteDataToSend
 .text.StartSend
                0x0000000008000e94       0x2e build/nrf905.o
                0x0000000008000e94                StartSend
 *fill*         0x0000000008000ec2        0x2 
 .text.ReciveOn
                0x0000000008000ec4       0x14 build/nrf905.o
                0x0000000008000ec4                ReciveOn
 .text.NRF905_POWER_ON
                0x0000000008000ed8       0x24 build/nrf905.o
                0x0000000008000ed8                NRF905_POWER_ON
 .text.NMI_Handler
                0x0000000008000efc        0x2 build/stm32l0xx_it.o
                0x0000000008000efc                NMI_Handler
 .text.HardFault_Handler
                0x0000000008000efe        0x2 build/stm32l0xx_it.o
                0x0000000008000efe                HardFault_Handler
 .text.SVC_Handler
                0x0000000008000f00        0x2 build/stm32l0xx_it.o
                0x0000000008000f00                SVC_Handler
 .text.PendSV_Handler
                0x0000000008000f02        0x2 build/stm32l0xx_it.o
                0x0000000008000f02                PendSV_Handler
 .text.SysTick_Handler
                0x0000000008000f04        0x8 build/stm32l0xx_it.o
                0x0000000008000f04                SysTick_Handler
 .text.HAL_MspInit
                0x0000000008000f0c       0x1c build/stm32l0xx_hal_msp.o
                0x0000000008000f0c                HAL_MspInit
 .text.SPI_WaitFlagStateUntilTimeout
                0x0000000008000f28       0xa4 build/stm32l0xx_hal_spi.o
 .text.SPI_EndRxTxTransaction
                0x0000000008000fcc       0x5a build/stm32l0xx_hal_spi.o
 .text.SPI_EndRxTransaction
                0x0000000008001026       0x9c build/stm32l0xx_hal_spi.o
 .text.HAL_SPI_Init
                0x00000000080010c2       0x78 build/stm32l0xx_hal_spi.o
                0x00000000080010c2                HAL_SPI_Init
 .text.HAL_SPI_Transmit
                0x000000000800113a      0x1a4 build/stm32l0xx_hal_spi.o
                0x000000000800113a                HAL_SPI_Transmit
 .text.HAL_SPI_TransmitReceive
                0x00000000080012de      0x22e build/stm32l0xx_hal_spi.o
                0x00000000080012de                HAL_SPI_TransmitReceive
 .text.HAL_SPI_Receive
                0x000000000800150c      0x168 build/stm32l0xx_hal_spi.o
                0x000000000800150c                HAL_SPI_Receive
 .text.HAL_InitTick
                0x0000000008001674       0x50 build/stm32l0xx_hal.o
                0x0000000008001674                HAL_InitTick
 .text.HAL_Init
                0x00000000080016c4       0x28 build/stm32l0xx_hal.o
                0x00000000080016c4                HAL_Init
 .text.HAL_IncTick
                0x00000000080016ec       0x18 build/stm32l0xx_hal.o
                0x00000000080016ec                HAL_IncTick
 .text.HAL_GetTick
                0x0000000008001704        0xc build/stm32l0xx_hal.o
                0x0000000008001704                HAL_GetTick
 .text.HAL_Delay
                0x0000000008001710       0x24 build/stm32l0xx_hal.o
                0x0000000008001710                HAL_Delay
 .text.HAL_RCC_GetSysClockFreq
                0x0000000008001734       0xb0 build/stm32l0xx_hal_rcc.o
                0x0000000008001734                HAL_RCC_GetSysClockFreq
 .text.HAL_RCC_OscConfig
                0x00000000080017e4      0x514 build/stm32l0xx_hal_rcc.o
                0x00000000080017e4                HAL_RCC_OscConfig
 .text.HAL_RCC_ClockConfig
                0x0000000008001cf8      0x1a8 build/stm32l0xx_hal_rcc.o
                0x0000000008001cf8                HAL_RCC_ClockConfig
 .text.HAL_GPIO_Init
                0x0000000008001ea0      0x184 build/stm32l0xx_hal_gpio.o
                0x0000000008001ea0                HAL_GPIO_Init
 .text.HAL_GPIO_ReadPin
                0x0000000008002024        0xe build/stm32l0xx_hal_gpio.o
                0x0000000008002024                HAL_GPIO_ReadPin
 .text.HAL_GPIO_WritePin
                0x0000000008002032        0xc build/stm32l0xx_hal_gpio.o
                0x0000000008002032                HAL_GPIO_WritePin
 *fill*         0x000000000800203e        0x2 
 .text.HAL_NVIC_SetPriority
                0x0000000008002040       0x60 build/stm32l0xx_hal_cortex.o
                0x0000000008002040                HAL_NVIC_SetPriority
 .text.HAL_SYSTICK_Config
                0x00000000080020a0       0x38 build/stm32l0xx_hal_cortex.o
                0x00000000080020a0                HAL_SYSTICK_Config
 .text.SystemInit
                0x00000000080020d8       0x5c build/system_stm32l0xx.o
                0x00000000080020d8                SystemInit
 .text.Reset_Handler
                0x0000000008002134       0x50 build/startup_stm32l031xx.o
                0x0000000008002134                Reset_Handler
 .text.Default_Handler
                0x0000000008002184        0x2 build/startup_stm32l031xx.o
                0x0000000008002184                ADC1_COMP_IRQHandler
                0x0000000008002184                PVD_IRQHandler
                0x0000000008002184                I2C1_IRQHandler
                0x0000000008002184                SPI1_IRQHandler
                0x0000000008002184                EXTI2_3_IRQHandler
                0x0000000008002184                RTC_IRQHandler
                0x0000000008002184                DMA1_Channel4_5_6_7_IRQHandler
                0x0000000008002184                EXTI4_15_IRQHandler
                0x0000000008002184                RCC_IRQHandler
                0x0000000008002184                DMA1_Channel1_IRQHandler
                0x0000000008002184                Default_Handler
                0x0000000008002184                TIM22_IRQHandler
                0x0000000008002184                EXTI0_1_IRQHandler
                0x0000000008002184                TIM21_IRQHandler
                0x0000000008002184                WWDG_IRQHandler
                0x0000000008002184                LPUART1_IRQHandler
                0x0000000008002184                TIM2_IRQHandler
                0x0000000008002184                DMA1_Channel2_3_IRQHandler
                0x0000000008002184                USART2_IRQHandler
                0x0000000008002184                FLASH_IRQHandler
                0x0000000008002184                LPTIM1_IRQHandler
 *(.glue_7)
 .glue_7        0x0000000008002186        0x0 linker stubs
 *(.glue_7t)
 .glue_7t       0x0000000008002186        0x0 linker stubs
 *(.eh_frame)
 *fill*         0x0000000008002186        0x2 
 .eh_frame      0x0000000008002188        0x0 /usr/lib/gcc/arm-none-eabi/9.2.1/thumb/v6-m/nofp/crtbegin.o
 *(.init)
 .init          0x0000000008002188        0x4 /usr/lib/gcc/arm-none-eabi/9.2.1/thumb/v6-m/nofp/crti.o
                0x0000000008002188                _init
 .init          0x000000000800218c        0x8 /usr/lib/gcc/arm-none-eabi/9.2.1/thumb/v6-m/nofp/crtn.o
 *(.fini)
 .fini          0x0000000008002194        0x4 /usr/lib/gcc/arm-none-eabi/9.2.1/thumb/v6-m/nofp/crti.o
                0x0000000008002194                _fini
 .fini          0x0000000008002198        0x8 /usr/lib/gcc/arm-none-eabi/9.2.1/thumb/v6-m/nofp/crtn.o
                0x00000000080021a0                . = ALIGN (0x4)
                0x00000000080021a0                _etext = .

.vfp11_veneer   0x00000000080021a0        0x0
 .vfp11_veneer  0x00000000080021a0        0x0 linker stubs

.v4_bx          0x00000000080021a0        0x0
 .v4_bx         0x00000000080021a0        0x0 linker stubs

.iplt           0x00000000080021a0        0x0
 .iplt          0x00000000080021a0        0x0 /usr/lib/gcc/arm-none-eabi/9.2.1/thumb/v6-m/nofp/crtbegin.o

.rodata         0x00000000080021a0       0x1c
                0x00000000080021a0                . = ALIGN (0x4)
 *(.rodata)
 *(.rodata*)
 .rodata.AHBPrescTable
                0x00000000080021a0       0x10 build/system_stm32l0xx.o
                0x00000000080021a0                AHBPrescTable
 .rodata.PLLMulTable
                0x00000000080021b0        0x9 build/system_stm32l0xx.o
                0x00000000080021b0                PLLMulTable
                0x00000000080021bc                . = ALIGN (0x4)
 *fill*         0x00000000080021b9        0x3 

.rel.dyn        0x00000000080021bc        0x0
 .rel.iplt      0x00000000080021bc        0x0 /usr/lib/gcc/arm-none-eabi/9.2.1/thumb/v6-m/nofp/crtbegin.o

.ARM.extab
 *(.ARM.extab* .gnu.linkonce.armextab.*)

.ARM            0x00000000080021bc        0x0
                0x00000000080021bc                __exidx_start = .
 *(.ARM.exidx*)
                0x00000000080021bc                __exidx_end = .

.preinit_array  0x00000000080021bc        0x0
                0x00000000080021bc                PROVIDE (__preinit_array_start = .)
 *(.preinit_array*)
                0x00000000080021bc                PROVIDE (__preinit_array_end = .)

.init_array     0x00000000080021bc        0x4
                0x00000000080021bc                PROVIDE (__init_array_start = .)
 *(SORT_BY_NAME(.init_array.*))
 *(.init_array*)
 .init_array    0x00000000080021bc        0x4 /usr/lib/gcc/arm-none-eabi/9.2.1/thumb/v6-m/nofp/crtbegin.o
                0x00000000080021c0                PROVIDE (__init_array_end = .)

.fini_array     0x00000000080021c0        0x4
                0x00000000080021c0                PROVIDE (__fini_array_start = .)
 *(SORT_BY_NAME(.fini_array.*))
 *(.fini_array*)
 .fini_array    0x00000000080021c0        0x4 /usr/lib/gcc/arm-none-eabi/9.2.1/thumb/v6-m/nofp/crtbegin.o
                0x00000000080021c4                PROVIDE (__fini_array_end = .)
                0x00000000080021c4                _sidata = LOADADDR (.data)

.data           0x0000000020000000        0xc load address 0x00000000080021c4
                0x0000000020000000                . = ALIGN (0x4)
                0x0000000020000000                _sdata = .
 *(.data)
 *(.data*)
 .data.uwTickFreq
                0x0000000020000000        0x1 build/stm32l0xx_hal.o
                0x0000000020000000                uwTickFreq
 *fill*         0x0000000020000001        0x3 
 .data.uwTickPrio
                0x0000000020000004        0x4 build/stm32l0xx_hal.o
                0x0000000020000004                uwTickPrio
 .data.SystemCoreClock
                0x0000000020000008        0x4 build/system_stm32l0xx.o
                0x0000000020000008                SystemCoreClock
                0x000000002000000c                . = ALIGN (0x4)
                0x000000002000000c                _edata = .

.tm_clone_table
                0x000000002000000c        0x0 load address 0x00000000080021d0
 .tm_clone_table
                0x000000002000000c        0x0 /usr/lib/gcc/arm-none-eabi/9.2.1/thumb/v6-m/nofp/crtbegin.o
 .tm_clone_table
                0x000000002000000c        0x0 /usr/lib/gcc/arm-none-eabi/9.2.1/thumb/v6-m/nofp/crtend.o

.igot.plt       0x000000002000000c        0x0 load address 0x00000000080021d0
 .igot.plt      0x000000002000000c        0x0 /usr/lib/gcc/arm-none-eabi/9.2.1/thumb/v6-m/nofp/crtbegin.o
                0x000000002000000c                . = ALIGN (0x4)

.bss            0x000000002000000c      0x110 load address 0x00000000080021d0
                0x000000002000000c                _sbss = .
                0x000000002000000c                __bss_start__ = _sbss
 *(.bss)
 .bss           0x000000002000000c       0x1c /usr/lib/gcc/arm-none-eabi/9.2.1/thumb/v6-m/nofp/crtbegin.o
 *(.bss*)
 .bss.dev_bme   0x0000000020000028       0x70 build/main.o
                0x0000000020000028                dev_bme
 *(COMMON)
 COMMON         0x0000000020000098       0x28 build/main.o
                0x0000000020000098                NRF905_Config_t
                0x00000000200000a4                P
 COMMON         0x00000000200000c0       0x58 build/spi.o
                0x00000000200000c0                hspi1
 COMMON         0x0000000020000118        0x4 build/stm32l0xx_hal.o
                0x0000000020000118                uwTick
                0x000000002000011c                . = ALIGN (0x4)
                0x000000002000011c                _ebss = .
                0x000000002000011c                __bss_end__ = _ebss

._user_heap_stack
                0x000000002000011c      0x604 load address 0x00000000080021d0
                0x0000000020000120                . = ALIGN (0x8)
 *fill*         0x000000002000011c        0x4 
                [!provide]                        PROVIDE (end = .)
                [!provide]                        PROVIDE (_end = .)
                0x0000000020000320                . = (. + _Min_Heap_Size)
 *fill*         0x0000000020000120      0x200 
                0x0000000020000720                . = (. + _Min_Stack_Size)
 *fill*         0x0000000020000320      0x400 
                0x0000000020000720                . = ALIGN (0x8)

/DISCARD/
 libc.a(*)
 libm.a(*)
 libgcc.a(*)

.ARM.attributes
                0x0000000000000000       0x28
 *(.ARM.attributes)
 .ARM.attributes
                0x0000000000000000       0x1e /usr/lib/gcc/arm-none-eabi/9.2.1/thumb/v6-m/nofp/crti.o
 .ARM.attributes
                0x000000000000001e       0x2c /usr/lib/gcc/arm-none-eabi/9.2.1/thumb/v6-m/nofp/crtbegin.o
 .ARM.attributes
                0x000000000000004a       0x2c build/main.o
 .ARM.attributes
                0x0000000000000076       0x2c build/bme280.o
 .ARM.attributes
                0x00000000000000a2       0x2c build/gpio.o
 .ARM.attributes
                0x00000000000000ce       0x2c build/spi.o
 .ARM.attributes
                0x00000000000000fa       0x2c build/nrf905.o
 .ARM.attributes
                0x0000000000000126       0x2c build/stm32l0xx_it.o
 .ARM.attributes
                0x0000000000000152       0x2c build/stm32l0xx_hal_msp.o
 .ARM.attributes
                0x000000000000017e       0x2c build/stm32l0xx_hal_spi.o
 .ARM.attributes
                0x00000000000001aa       0x2c build/stm32l0xx_hal.o
 .ARM.attributes
                0x00000000000001d6       0x2c build/stm32l0xx_hal_rcc.o
 .ARM.attributes
                0x0000000000000202       0x2c build/stm32l0xx_hal_gpio.o
 .ARM.attributes
                0x000000000000022e       0x2c build/stm32l0xx_hal_cortex.o
 .ARM.attributes
                0x000000000000025a       0x2c build/system_stm32l0xx.o
 .ARM.attributes
                0x0000000000000286       0x22 build/startup_stm32l031xx.o
 .ARM.attributes
                0x00000000000002a8       0x2c /usr/lib/gcc/arm-none-eabi/9.2.1/../../../arm-none-eabi/lib/thumb/v6-m/nofp/libc_nano.a(lib_a-init.o)
 .ARM.attributes
                0x00000000000002d4       0x2c /usr/lib/gcc/arm-none-eabi/9.2.1/../../../arm-none-eabi/lib/thumb/v6-m/nofp/libc_nano.a(lib_a-memset.o)
 .ARM.attributes
                0x0000000000000300       0x1e /usr/lib/gcc/arm-none-eabi/9.2.1/thumb/v6-m/nofp/libgcc.a(_udivsi3.o)
 .ARM.attributes
                0x000000000000031e       0x1e /usr/lib/gcc/arm-none-eabi/9.2.1/thumb/v6-m/nofp/libgcc.a(_dvmd_tls.o)
 .ARM.attributes
                0x000000000000033c       0x2c /usr/lib/gcc/arm-none-eabi/9.2.1/thumb/v6-m/nofp/crtend.o
 .ARM.attributes
                0x0000000000000368       0x1e /usr/lib/gcc/arm-none-eabi/9.2.1/thumb/v6-m/nofp/crtn.o
OUTPUT(build/nrf905.elf elf32-littlearm)
LOAD linker stubs
LOAD /usr/lib/gcc/arm-none-eabi/9.2.1/../../../arm-none-eabi/lib/thumb/v6-m/nofp/libc.a
LOAD /usr/lib/gcc/arm-none-eabi/9.2.1/../../../arm-none-eabi/lib/thumb/v6-m/nofp/libm.a
LOAD /usr/lib/gcc/arm-none-eabi/9.2.1/thumb/v6-m/nofp/libgcc.a

.comment        0x0000000000000000       0xa7
 .comment       0x0000000000000000       0x59 /usr/lib/gcc/arm-none-eabi/9.2.1/thumb/v6-m/nofp/crtbegin.o
                                         0x5a (size before relaxing)
 .comment       0x0000000000000059       0x5a build/main.o
 .comment       0x0000000000000059       0x5a build/bme280.o
 .comment       0x0000000000000059       0x5a build/gpio.o
 .comment       0x0000000000000059       0x5a build/spi.o
 .comment       0x0000000000000059       0x5a build/nrf905.o
 .comment       0x0000000000000059       0x5a build/stm32l0xx_it.o
 .comment       0x0000000000000059       0x5a build/stm32l0xx_hal_msp.o
 .comment       0x0000000000000059       0x5a build/stm32l0xx_hal_spi.o
 .comment       0x0000000000000059       0x5a build/stm32l0xx_hal.o
 .comment       0x0000000000000059       0x5a build/stm32l0xx_hal_rcc.o
 .comment       0x0000000000000059       0x5a build/stm32l0xx_hal_gpio.o
 .comment       0x0000000000000059       0x5a build/stm32l0xx_hal_cortex.o
 .comment       0x0000000000000059       0x5a build/system_stm32l0xx.o
 .comment       0x0000000000000059       0x4e /usr/lib/gcc/arm-none-eabi/9.2.1/../../../arm-none-eabi/lib/thumb/v6-m/nofp/libc_nano.a(lib_a-init.o)
                                         0x4f (size before relaxing)
 .comment       0x00000000000000a7       0x4f /usr/lib/gcc/arm-none-eabi/9.2.1/../../../arm-none-eabi/lib/thumb/v6-m/nofp/libc_nano.a(lib_a-memset.o)
 .comment       0x00000000000000a7       0x5a /usr/lib/gcc/arm-none-eabi/9.2.1/thumb/v6-m/nofp/crtend.o

.debug_info     0x0000000000000000     0xa42f
 .debug_info    0x0000000000000000     0x12f0 build/main.o
 .debug_info    0x00000000000012f0      0xac5 build/bme280.o
 .debug_info    0x0000000000001db5      0x646 build/gpio.o
 .debug_info    0x00000000000023fb      0xb0a build/spi.o
 .debug_info    0x0000000000002f05     0x121c build/nrf905.o
 .debug_info    0x0000000000004121      0x1fc build/stm32l0xx_it.o
 .debug_info    0x000000000000431d      0x2ed build/stm32l0xx_hal_msp.o
 .debug_info    0x000000000000460a     0x201d build/stm32l0xx_hal_spi.o
 .debug_info    0x0000000000006627      0xa26 build/stm32l0xx_hal.o
 .debug_info    0x000000000000704d      0xd57 build/stm32l0xx_hal_rcc.o
 .debug_info    0x0000000000007da4      0x833 build/stm32l0xx_hal_gpio.o
 .debug_info    0x00000000000085d7      0x948 build/stm32l0xx_hal_cortex.o
 .debug_info    0x0000000000008f1f      0x467 build/system_stm32l0xx.o
 .debug_info    0x0000000000009386       0x22 build/startup_stm32l031xx.o
 .debug_info    0x00000000000093a8      0x11a /usr/lib/gcc/arm-none-eabi/9.2.1/../../../arm-none-eabi/lib/thumb/v6-m/nofp/libc_nano.a(lib_a-init.o)
 .debug_info    0x00000000000094c2      0xf21 /usr/lib/gcc/arm-none-eabi/9.2.1/../../../arm-none-eabi/lib/thumb/v6-m/nofp/libc_nano.a(lib_a-memset.o)
 .debug_info    0x000000000000a3e3       0x26 /usr/lib/gcc/arm-none-eabi/9.2.1/thumb/v6-m/nofp/libgcc.a(_udivsi3.o)
 .debug_info    0x000000000000a409       0x26 /usr/lib/gcc/arm-none-eabi/9.2.1/thumb/v6-m/nofp/libgcc.a(_dvmd_tls.o)

.debug_abbrev   0x0000000000000000     0x1e4b
 .debug_abbrev  0x0000000000000000      0x289 build/main.o
 .debug_abbrev  0x0000000000000289      0x286 build/bme280.o
 .debug_abbrev  0x000000000000050f      0x190 build/gpio.o
 .debug_abbrev  0x000000000000069f      0x203 build/spi.o
 .debug_abbrev  0x00000000000008a2      0x26c build/nrf905.o
 .debug_abbrev  0x0000000000000b0e       0xf2 build/stm32l0xx_it.o
 .debug_abbrev  0x0000000000000c00       0xf7 build/stm32l0xx_hal_msp.o
 .debug_abbrev  0x0000000000000cf7      0x2f6 build/stm32l0xx_hal_spi.o
 .debug_abbrev  0x0000000000000fed      0x2ac build/stm32l0xx_hal.o
 .debug_abbrev  0x0000000000001299      0x2c0 build/stm32l0xx_hal_rcc.o
 .debug_abbrev  0x0000000000001559      0x23e build/stm32l0xx_hal_gpio.o
 .debug_abbrev  0x0000000000001797      0x28b build/stm32l0xx_hal_cortex.o
 .debug_abbrev  0x0000000000001a22      0x14a build/system_stm32l0xx.o
 .debug_abbrev  0x0000000000001b6c       0x12 build/startup_stm32l031xx.o
 .debug_abbrev  0x0000000000001b7e       0xcc /usr/lib/gcc/arm-none-eabi/9.2.1/../../../arm-none-eabi/lib/thumb/v6-m/nofp/libc_nano.a(lib_a-init.o)
 .debug_abbrev  0x0000000000001c4a      0x1d9 /usr/lib/gcc/arm-none-eabi/9.2.1/../../../arm-none-eabi/lib/thumb/v6-m/nofp/libc_nano.a(lib_a-memset.o)
 .debug_abbrev  0x0000000000001e23       0x14 /usr/lib/gcc/arm-none-eabi/9.2.1/thumb/v6-m/nofp/libgcc.a(_udivsi3.o)
 .debug_abbrev  0x0000000000001e37       0x14 /usr/lib/gcc/arm-none-eabi/9.2.1/thumb/v6-m/nofp/libgcc.a(_dvmd_tls.o)

.debug_loc      0x0000000000000000     0x683d
 .debug_loc     0x0000000000000000      0x19b build/main.o
 .debug_loc     0x000000000000019b     0x2237 build/bme280.o
 .debug_loc     0x00000000000023d2       0x39 build/gpio.o
 .debug_loc     0x000000000000240b      0x109 build/spi.o
 .debug_loc     0x0000000000002514      0x4ec build/nrf905.o
 .debug_loc     0x0000000000002a00       0x20 build/stm32l0xx_it.o
 .debug_loc     0x0000000000002a20     0x255b build/stm32l0xx_hal_spi.o
 .debug_loc     0x0000000000004f7b      0x212 build/stm32l0xx_hal.o
 .debug_loc     0x000000000000518d      0x896 build/stm32l0xx_hal_rcc.o
 .debug_loc     0x0000000000005a23      0x44b build/stm32l0xx_hal_gpio.o
 .debug_loc     0x0000000000005e6e      0x449 build/stm32l0xx_hal_cortex.o
 .debug_loc     0x00000000000062b7      0x20f build/system_stm32l0xx.o
 .debug_loc     0x00000000000064c6       0x98 /usr/lib/gcc/arm-none-eabi/9.2.1/../../../arm-none-eabi/lib/thumb/v6-m/nofp/libc_nano.a(lib_a-init.o)
 .debug_loc     0x000000000000655e      0x2df /usr/lib/gcc/arm-none-eabi/9.2.1/../../../arm-none-eabi/lib/thumb/v6-m/nofp/libc_nano.a(lib_a-memset.o)

.debug_aranges  0x0000000000000000      0x6d8
 .debug_aranges
                0x0000000000000000       0x40 build/main.o
 .debug_aranges
                0x0000000000000040       0x70 build/bme280.o
 .debug_aranges
                0x00000000000000b0       0x20 build/gpio.o
 .debug_aranges
                0x00000000000000d0       0x30 build/spi.o
 .debug_aranges
                0x0000000000000100       0x78 build/nrf905.o
 .debug_aranges
                0x0000000000000178       0x40 build/stm32l0xx_it.o
 .debug_aranges
                0x00000000000001b8       0x20 build/stm32l0xx_hal_msp.o
 .debug_aranges
                0x00000000000001d8      0x1d0 build/stm32l0xx_hal_spi.o
 .debug_aranges
                0x00000000000003a8      0x110 build/stm32l0xx_hal.o
 .debug_aranges
                0x00000000000004b8       0x80 build/stm32l0xx_hal_rcc.o
 .debug_aranges
                0x0000000000000538       0x58 build/stm32l0xx_hal_gpio.o
 .debug_aranges
                0x0000000000000590       0x78 build/stm32l0xx_hal_cortex.o
 .debug_aranges
                0x0000000000000608       0x28 build/system_stm32l0xx.o
 .debug_aranges
                0x0000000000000630       0x28 build/startup_stm32l031xx.o
 .debug_aranges
                0x0000000000000658       0x20 /usr/lib/gcc/arm-none-eabi/9.2.1/../../../arm-none-eabi/lib/thumb/v6-m/nofp/libc_nano.a(lib_a-init.o)
 .debug_aranges
                0x0000000000000678       0x20 /usr/lib/gcc/arm-none-eabi/9.2.1/../../../arm-none-eabi/lib/thumb/v6-m/nofp/libc_nano.a(lib_a-memset.o)
 .debug_aranges
                0x0000000000000698       0x20 /usr/lib/gcc/arm-none-eabi/9.2.1/thumb/v6-m/nofp/libgcc.a(_udivsi3.o)
 .debug_aranges
                0x00000000000006b8       0x20 /usr/lib/gcc/arm-none-eabi/9.2.1/thumb/v6-m/nofp/libgcc.a(_dvmd_tls.o)

.debug_ranges   0x0000000000000000      0x5f8
 .debug_ranges  0x0000000000000000       0x30 build/main.o
 .debug_ranges  0x0000000000000030       0x60 build/bme280.o
 .debug_ranges  0x0000000000000090       0x10 build/gpio.o
 .debug_ranges  0x00000000000000a0       0x20 build/spi.o
 .debug_ranges  0x00000000000000c0       0x68 build/nrf905.o
 .debug_ranges  0x0000000000000128       0x30 build/stm32l0xx_it.o
 .debug_ranges  0x0000000000000158       0x10 build/stm32l0xx_hal_msp.o
 .debug_ranges  0x0000000000000168      0x1c0 build/stm32l0xx_hal_spi.o
 .debug_ranges  0x0000000000000328      0x100 build/stm32l0xx_hal.o
 .debug_ranges  0x0000000000000428       0xa0 build/stm32l0xx_hal_rcc.o
 .debug_ranges  0x00000000000004c8       0x48 build/stm32l0xx_hal_gpio.o
 .debug_ranges  0x0000000000000510       0xb0 build/stm32l0xx_hal_cortex.o
 .debug_ranges  0x00000000000005c0       0x18 build/system_stm32l0xx.o
 .debug_ranges  0x00000000000005d8       0x20 build/startup_stm32l031xx.o

.debug_line     0x0000000000000000     0x5eba
 .debug_line    0x0000000000000000      0x3cf build/main.o
 .debug_line    0x00000000000003cf      0x801 build/bme280.o
 .debug_line    0x0000000000000bd0      0x227 build/gpio.o
 .debug_line    0x0000000000000df7      0x2de build/spi.o
 .debug_line    0x00000000000010d5      0x497 build/nrf905.o
 .debug_line    0x000000000000156c      0x158 build/stm32l0xx_it.o
 .debug_line    0x00000000000016c4      0x111 build/stm32l0xx_hal_msp.o
 .debug_line    0x00000000000017d5     0x236d build/stm32l0xx_hal_spi.o
 .debug_line    0x0000000000003b42      0x56e build/stm32l0xx_hal.o
 .debug_line    0x00000000000040b0      0xc9c build/stm32l0xx_hal_rcc.o
 .debug_line    0x0000000000004d4c      0x5e0 build/stm32l0xx_hal_gpio.o
 .debug_line    0x000000000000532c      0x45f build/stm32l0xx_hal_cortex.o
 .debug_line    0x000000000000578b      0x26e build/system_stm32l0xx.o
 .debug_line    0x00000000000059f9       0x78 build/startup_stm32l031xx.o
 .debug_line    0x0000000000005a71       0xfc /usr/lib/gcc/arm-none-eabi/9.2.1/../../../arm-none-eabi/lib/thumb/v6-m/nofp/libc_nano.a(lib_a-init.o)
 .debug_line    0x0000000000005b6d      0x281 /usr/lib/gcc/arm-none-eabi/9.2.1/../../../arm-none-eabi/lib/thumb/v6-m/nofp/libc_nano.a(lib_a-memset.o)
 .debug_line    0x0000000000005dee       0x6c /usr/lib/gcc/arm-none-eabi/9.2.1/thumb/v6-m/nofp/libgcc.a(_udivsi3.o)
 .debug_line    0x0000000000005e5a       0x60 /usr/lib/gcc/arm-none-eabi/9.2.1/thumb/v6-m/nofp/libgcc.a(_dvmd_tls.o)

.debug_str      0x0000000000000000     0x26ac
 .debug_str     0x0000000000000000      0xa78 build/main.o
                                        0xb5c (size before relaxing)
 .debug_str     0x0000000000000a78      0x187 build/bme280.o
                                        0x588 (size before relaxing)
 .debug_str     0x0000000000000bff       0xf3 build/gpio.o
                                        0x3c8 (size before relaxing)
 .debug_str     0x0000000000000cf2       0x58 build/spi.o
                                        0x7c4 (size before relaxing)
 .debug_str     0x0000000000000d4a       0xbc build/nrf905.o
                                        0x847 (size before relaxing)
 .debug_str     0x0000000000000e06       0x6d build/stm32l0xx_it.o
                                        0x2af (size before relaxing)
 .debug_str     0x0000000000000e73       0x29 build/stm32l0xx_hal_msp.o
                                        0x303 (size before relaxing)
 .debug_str     0x0000000000000e9c      0x545 build/stm32l0xx_hal_spi.o
                                        0xbe4 (size before relaxing)
 .debug_str     0x00000000000013e1      0x4c8 build/stm32l0xx_hal.o
                                        0x82d (size before relaxing)
 .debug_str     0x00000000000018a9      0x1a9 build/stm32l0xx_hal_rcc.o
                                        0x732 (size before relaxing)
 .debug_str     0x0000000000001a52       0xe1 build/stm32l0xx_hal_gpio.o
                                        0x505 (size before relaxing)
 .debug_str     0x0000000000001b33      0x1f0 build/stm32l0xx_hal_cortex.o
                                        0x661 (size before relaxing)
 .debug_str     0x0000000000001d23       0x5e build/system_stm32l0xx.o
                                        0x367 (size before relaxing)
 .debug_str     0x0000000000001d81       0x22 build/startup_stm32l031xx.o
                                         0x54 (size before relaxing)
 .debug_str     0x0000000000001da3      0x187 /usr/lib/gcc/arm-none-eabi/9.2.1/../../../arm-none-eabi/lib/thumb/v6-m/nofp/libc_nano.a(lib_a-init.o)
                                        0x222 (size before relaxing)
 .debug_str     0x0000000000001f2a      0x6eb /usr/lib/gcc/arm-none-eabi/9.2.1/../../../arm-none-eabi/lib/thumb/v6-m/nofp/libc_nano.a(lib_a-memset.o)
                                        0x908 (size before relaxing)
 .debug_str     0x0000000000002615       0x97 /usr/lib/gcc/arm-none-eabi/9.2.1/thumb/v6-m/nofp/libgcc.a(_udivsi3.o)
                                         0xa3 (size before relaxing)
 .debug_str     0x00000000000026ac       0xa3 /usr/lib/gcc/arm-none-eabi/9.2.1/thumb/v6-m/nofp/libgcc.a(_dvmd_tls.o)

.debug_frame    0x0000000000000000      0xfb0
 .debug_frame   0x0000000000000000       0xac build/main.o
 .debug_frame   0x00000000000000ac      0x12c build/bme280.o
 .debug_frame   0x00000000000001d8       0x3c build/gpio.o
 .debug_frame   0x0000000000000214       0x68 build/spi.o
 .debug_frame   0x000000000000027c      0x174 build/nrf905.o
 .debug_frame   0x00000000000003f0       0x68 build/stm32l0xx_it.o
 .debug_frame   0x0000000000000458       0x20 build/stm32l0xx_hal_msp.o
 .debug_frame   0x0000000000000478      0x56c build/stm32l0xx_hal_spi.o
 .debug_frame   0x00000000000009e4      0x22c build/stm32l0xx_hal.o
 .debug_frame   0x0000000000000c10      0x144 build/stm32l0xx_hal_rcc.o
 .debug_frame   0x0000000000000d54       0xc4 build/stm32l0xx_hal_gpio.o
 .debug_frame   0x0000000000000e18       0xe4 build/stm32l0xx_hal_cortex.o
 .debug_frame   0x0000000000000efc       0x38 build/system_stm32l0xx.o
 .debug_frame   0x0000000000000f34       0x2c /usr/lib/gcc/arm-none-eabi/9.2.1/../../../arm-none-eabi/lib/thumb/v6-m/nofp/libc_nano.a(lib_a-init.o)
 .debug_frame   0x0000000000000f60       0x30 /usr/lib/gcc/arm-none-eabi/9.2.1/../../../arm-none-eabi/lib/thumb/v6-m/nofp/libc_nano.a(lib_a-memset.o)
 .debug_frame   0x0000000000000f90       0x20 /usr/lib/gcc/arm-none-eabi/9.2.1/thumb/v6-m/nofp/libgcc.a(_udivsi3.o)

Cross Reference Table

Symbol                                            File
ADC1_COMP_IRQHandler                              build/startup_stm32l031xx.o
AHBPrescTable                                     build/system_stm32l0xx.o
                                                  build/stm32l0xx_hal_rcc.o
APBPrescTable                                     build/system_stm32l0xx.o
                                                  build/stm32l0xx_hal_rcc.o
DMA1_Channel1_IRQHandler                          build/startup_stm32l031xx.o
DMA1_Channel2_3_IRQHandler                        build/startup_stm32l031xx.o
DMA1_Channel4_5_6_7_IRQHandler                    build/startup_stm32l031xx.o
Default_Handler                                   build/startup_stm32l031xx.o
EXTI0_1_IRQHandler                                build/startup_stm32l031xx.o
EXTI2_3_IRQHandler                                build/startup_stm32l031xx.o
EXTI4_15_IRQHandler                               build/startup_stm32l031xx.o
Error_Handler                                     build/main.o
                                                  build/spi.o
FLASH_IRQHandler                                  build/startup_stm32l031xx.o
FLASH_PageErase                                   build/stm32l0xx_hal_flash_ex.o
                                                  build/stm32l0xx_hal_flash.o
FLASH_WaitForLastOperation                        build/stm32l0xx_hal_flash.o
                                                  build/stm32l0xx_hal_flash_ex.o
FORCEMode                                         build/bme280.o
GetCalibData_BME280                               build/bme280.o
                                                  build/main.o
GetData_BME280                                    build/bme280.o
                                                  build/main.o
HAL_DBGMCU_DBG_DisableLowPowerConfig              build/stm32l0xx_hal.o
HAL_DBGMCU_DBG_EnableLowPowerConfig               build/stm32l0xx_hal.o
HAL_DBGMCU_DisableDBGSleepMode                    build/stm32l0xx_hal.o
HAL_DBGMCU_DisableDBGStandbyMode                  build/stm32l0xx_hal.o
HAL_DBGMCU_DisableDBGStopMode                     build/stm32l0xx_hal.o
HAL_DBGMCU_EnableDBGSleepMode                     build/stm32l0xx_hal.o
HAL_DBGMCU_EnableDBGStandbyMode                   build/stm32l0xx_hal.o
HAL_DBGMCU_EnableDBGStopMode                      build/stm32l0xx_hal.o
HAL_DMA_Abort                                     build/stm32l0xx_hal_dma.o
                                                  build/stm32l0xx_hal_spi.o
HAL_DMA_Abort_IT                                  build/stm32l0xx_hal_dma.o
                                                  build/stm32l0xx_hal_i2c.o
                                                  build/stm32l0xx_hal_spi.o
HAL_DMA_DeInit                                    build/stm32l0xx_hal_dma.o
HAL_DMA_GetError                                  build/stm32l0xx_hal_dma.o
HAL_DMA_GetState                                  build/stm32l0xx_hal_dma.o
                                                  build/stm32l0xx_hal_i2c.o
HAL_DMA_IRQHandler                                build/stm32l0xx_hal_dma.o
HAL_DMA_Init                                      build/stm32l0xx_hal_dma.o
HAL_DMA_PollForTransfer                           build/stm32l0xx_hal_dma.o
HAL_DMA_RegisterCallback                          build/stm32l0xx_hal_dma.o
HAL_DMA_Start                                     build/stm32l0xx_hal_dma.o
HAL_DMA_Start_IT                                  build/stm32l0xx_hal_dma.o
                                                  build/stm32l0xx_hal_i2c.o
                                                  build/stm32l0xx_hal_spi.o
HAL_DMA_UnRegisterCallback                        build/stm32l0xx_hal_dma.o
HAL_DeInit                                        build/stm32l0xx_hal.o
HAL_Delay                                         build/stm32l0xx_hal.o
                                                  build/nrf905.o
                                                  build/main.o
HAL_FLASHEx_AdvOBGetConfig                        build/stm32l0xx_hal_flash_ex.o
HAL_FLASHEx_AdvOBProgram                          build/stm32l0xx_hal_flash_ex.o
HAL_FLASHEx_DATAEEPROM_DisableFixedTimeProgram    build/stm32l0xx_hal_flash_ex.o
HAL_FLASHEx_DATAEEPROM_EnableFixedTimeProgram     build/stm32l0xx_hal_flash_ex.o
HAL_FLASHEx_DATAEEPROM_Erase                      build/stm32l0xx_hal_flash_ex.o
HAL_FLASHEx_DATAEEPROM_Lock                       build/stm32l0xx_hal_flash_ex.o
HAL_FLASHEx_DATAEEPROM_Program                    build/stm32l0xx_hal_flash_ex.o
HAL_FLASHEx_DATAEEPROM_Unlock                     build/stm32l0xx_hal_flash_ex.o
HAL_FLASHEx_DisableRunPowerDown                   build/stm32l0xx_hal_flash_ramfunc.o
HAL_FLASHEx_EnableRunPowerDown                    build/stm32l0xx_hal_flash_ramfunc.o
HAL_FLASHEx_Erase                                 build/stm32l0xx_hal_flash_ex.o
HAL_FLASHEx_Erase_IT                              build/stm32l0xx_hal_flash_ex.o
HAL_FLASHEx_GetError                              build/stm32l0xx_hal_flash_ramfunc.o
HAL_FLASHEx_HalfPageProgram                       build/stm32l0xx_hal_flash_ramfunc.o
HAL_FLASHEx_OBGetConfig                           build/stm32l0xx_hal_flash_ex.o
HAL_FLASHEx_OBProgram                             build/stm32l0xx_hal_flash_ex.o
HAL_FLASHEx_OB_DeSelectPCROP                      build/stm32l0xx_hal_flash_ex.o
HAL_FLASHEx_OB_SelectPCROP                        build/stm32l0xx_hal_flash_ex.o
HAL_FLASH_EndOfOperationCallback                  build/stm32l0xx_hal_flash.o
HAL_FLASH_GetError                                build/stm32l0xx_hal_flash.o
HAL_FLASH_IRQHandler                              build/stm32l0xx_hal_flash.o
HAL_FLASH_Lock                                    build/stm32l0xx_hal_flash.o
HAL_FLASH_OB_Launch                               build/stm32l0xx_hal_flash.o
HAL_FLASH_OB_Lock                                 build/stm32l0xx_hal_flash.o
HAL_FLASH_OB_Unlock                               build/stm32l0xx_hal_flash.o
HAL_FLASH_OperationErrorCallback                  build/stm32l0xx_hal_flash.o
HAL_FLASH_Program                                 build/stm32l0xx_hal_flash.o
HAL_FLASH_Program_IT                              build/stm32l0xx_hal_flash.o
HAL_FLASH_Unlock                                  build/stm32l0xx_hal_flash.o
HAL_GPIO_DeInit                                   build/stm32l0xx_hal_gpio.o
                                                  build/spi.o
HAL_GPIO_EXTI_Callback                            build/stm32l0xx_hal_gpio.o
HAL_GPIO_EXTI_IRQHandler                          build/stm32l0xx_hal_gpio.o
HAL_GPIO_Init                                     build/stm32l0xx_hal_gpio.o
                                                  build/stm32l0xx_hal_rcc.o
                                                  build/spi.o
                                                  build/gpio.o
HAL_GPIO_LockPin                                  build/stm32l0xx_hal_gpio.o
HAL_GPIO_ReadPin                                  build/stm32l0xx_hal_gpio.o
                                                  build/nrf905.o
HAL_GPIO_TogglePin                                build/stm32l0xx_hal_gpio.o
HAL_GPIO_WritePin                                 build/stm32l0xx_hal_gpio.o
                                                  build/nrf905.o
                                                  build/gpio.o
                                                  build/main.o
HAL_GetDEVID                                      build/stm32l0xx_hal.o
HAL_GetHalVersion                                 build/stm32l0xx_hal.o
HAL_GetREVID                                      build/stm32l0xx_hal.o
HAL_GetTick                                       build/stm32l0xx_hal.o
                                                  build/stm32l0xx_hal_dma.o
                                                  build/stm32l0xx_hal_flash.o
                                                  build/stm32l0xx_hal_rcc_ex.o
                                                  build/stm32l0xx_hal_rcc.o
                                                  build/stm32l0xx_hal_i2c.o
                                                  build/stm32l0xx_hal_spi.o
HAL_GetTickFreq                                   build/stm32l0xx_hal.o
HAL_GetTickPrio                                   build/stm32l0xx_hal.o
HAL_GetUIDw0                                      build/stm32l0xx_hal.o
HAL_GetUIDw1                                      build/stm32l0xx_hal.o
HAL_GetUIDw2                                      build/stm32l0xx_hal.o
HAL_I2CEx_ConfigAnalogFilter                      build/stm32l0xx_hal_i2c_ex.o
HAL_I2CEx_ConfigDigitalFilter                     build/stm32l0xx_hal_i2c_ex.o
HAL_I2CEx_DisableFastModePlus                     build/stm32l0xx_hal_i2c_ex.o
HAL_I2CEx_DisableWakeUp                           build/stm32l0xx_hal_i2c_ex.o
HAL_I2CEx_EnableFastModePlus                      build/stm32l0xx_hal_i2c_ex.o
HAL_I2CEx_EnableWakeUp                            build/stm32l0xx_hal_i2c_ex.o
HAL_I2C_AbortCpltCallback                         build/stm32l0xx_hal_i2c.o
HAL_I2C_AddrCallback                              build/stm32l0xx_hal_i2c.o
HAL_I2C_DeInit                                    build/stm32l0xx_hal_i2c.o
HAL_I2C_DisableListen_IT                          build/stm32l0xx_hal_i2c.o
HAL_I2C_ER_IRQHandler                             build/stm32l0xx_hal_i2c.o
HAL_I2C_EV_IRQHandler                             build/stm32l0xx_hal_i2c.o
HAL_I2C_EnableListen_IT                           build/stm32l0xx_hal_i2c.o
HAL_I2C_ErrorCallback                             build/stm32l0xx_hal_i2c.o
HAL_I2C_GetError                                  build/stm32l0xx_hal_i2c.o
HAL_I2C_GetMode                                   build/stm32l0xx_hal_i2c.o
HAL_I2C_GetState                                  build/stm32l0xx_hal_i2c.o
HAL_I2C_Init                                      build/stm32l0xx_hal_i2c.o
HAL_I2C_IsDeviceReady                             build/stm32l0xx_hal_i2c.o
HAL_I2C_ListenCpltCallback                        build/stm32l0xx_hal_i2c.o
HAL_I2C_MasterRxCpltCallback                      build/stm32l0xx_hal_i2c.o
HAL_I2C_MasterTxCpltCallback                      build/stm32l0xx_hal_i2c.o
HAL_I2C_Master_Abort_IT                           build/stm32l0xx_hal_i2c.o
HAL_I2C_Master_Receive                            build/stm32l0xx_hal_i2c.o
HAL_I2C_Master_Receive_DMA                        build/stm32l0xx_hal_i2c.o
HAL_I2C_Master_Receive_IT                         build/stm32l0xx_hal_i2c.o
HAL_I2C_Master_Seq_Receive_DMA                    build/stm32l0xx_hal_i2c.o
HAL_I2C_Master_Seq_Receive_IT                     build/stm32l0xx_hal_i2c.o
HAL_I2C_Master_Seq_Transmit_DMA                   build/stm32l0xx_hal_i2c.o
HAL_I2C_Master_Seq_Transmit_IT                    build/stm32l0xx_hal_i2c.o
HAL_I2C_Master_Transmit                           build/stm32l0xx_hal_i2c.o
HAL_I2C_Master_Transmit_DMA                       build/stm32l0xx_hal_i2c.o
HAL_I2C_Master_Transmit_IT                        build/stm32l0xx_hal_i2c.o
HAL_I2C_MemRxCpltCallback                         build/stm32l0xx_hal_i2c.o
HAL_I2C_MemTxCpltCallback                         build/stm32l0xx_hal_i2c.o
HAL_I2C_Mem_Read                                  build/stm32l0xx_hal_i2c.o
HAL_I2C_Mem_Read_DMA                              build/stm32l0xx_hal_i2c.o
HAL_I2C_Mem_Read_IT                               build/stm32l0xx_hal_i2c.o
HAL_I2C_Mem_Write                                 build/stm32l0xx_hal_i2c.o
HAL_I2C_Mem_Write_DMA                             build/stm32l0xx_hal_i2c.o
HAL_I2C_Mem_Write_IT                              build/stm32l0xx_hal_i2c.o
HAL_I2C_MspDeInit                                 build/stm32l0xx_hal_i2c.o
HAL_I2C_MspInit                                   build/stm32l0xx_hal_i2c.o
HAL_I2C_SlaveRxCpltCallback                       build/stm32l0xx_hal_i2c.o
HAL_I2C_SlaveTxCpltCallback                       build/stm32l0xx_hal_i2c.o
HAL_I2C_Slave_Receive                             build/stm32l0xx_hal_i2c.o
HAL_I2C_Slave_Receive_DMA                         build/stm32l0xx_hal_i2c.o
HAL_I2C_Slave_Receive_IT                          build/stm32l0xx_hal_i2c.o
HAL_I2C_Slave_Seq_Receive_DMA                     build/stm32l0xx_hal_i2c.o
HAL_I2C_Slave_Seq_Receive_IT                      build/stm32l0xx_hal_i2c.o
HAL_I2C_Slave_Seq_Transmit_DMA                    build/stm32l0xx_hal_i2c.o
HAL_I2C_Slave_Seq_Transmit_IT                     build/stm32l0xx_hal_i2c.o
HAL_I2C_Slave_Transmit                            build/stm32l0xx_hal_i2c.o
HAL_I2C_Slave_Transmit_DMA                        build/stm32l0xx_hal_i2c.o
HAL_I2C_Slave_Transmit_IT                         build/stm32l0xx_hal_i2c.o
HAL_IncTick                                       build/stm32l0xx_hal.o
                                                  build/stm32l0xx_it.o
HAL_Init                                          build/stm32l0xx_hal.o
                                                  build/main.o
HAL_InitTick                                      build/stm32l0xx_hal.o
                                                  build/stm32l0xx_hal_rcc.o
HAL_MspDeInit                                     build/stm32l0xx_hal.o
HAL_MspInit                                       build/stm32l0xx_hal_msp.o
HAL_NVIC_ClearPendingIRQ                          build/stm32l0xx_hal_cortex.o
HAL_NVIC_DisableIRQ                               build/stm32l0xx_hal_cortex.o
HAL_NVIC_EnableIRQ                                build/stm32l0xx_hal_cortex.o
HAL_NVIC_GetPendingIRQ                            build/stm32l0xx_hal_cortex.o
HAL_NVIC_GetPriority                              build/stm32l0xx_hal_cortex.o
HAL_NVIC_SetPendingIRQ                            build/stm32l0xx_hal_cortex.o
HAL_NVIC_SetPriority                              build/stm32l0xx_hal_cortex.o
                                                  build/stm32l0xx_hal.o
HAL_NVIC_SystemReset                              build/stm32l0xx_hal_cortex.o
HAL_PWREx_DisableFastWakeUp                       build/stm32l0xx_hal_pwr_ex.o
HAL_PWREx_DisableLowPowerRunMode                  build/stm32l0xx_hal_pwr_ex.o
HAL_PWREx_DisableUltraLowPower                    build/stm32l0xx_hal_pwr_ex.o
HAL_PWREx_EnableFastWakeUp                        build/stm32l0xx_hal_pwr_ex.o
HAL_PWREx_EnableLowPowerRunMode                   build/stm32l0xx_hal_pwr_ex.o
HAL_PWREx_EnableUltraLowPower                     build/stm32l0xx_hal_pwr_ex.o
HAL_PWREx_GetVoltageRange                         build/stm32l0xx_hal_pwr_ex.o
HAL_PWR_ConfigPVD                                 build/stm32l0xx_hal_pwr.o
HAL_PWR_DeInit                                    build/stm32l0xx_hal_pwr.o
HAL_PWR_DisableBkUpAccess                         build/stm32l0xx_hal_pwr.o
HAL_PWR_DisablePVD                                build/stm32l0xx_hal_pwr.o
HAL_PWR_DisableSEVOnPend                          build/stm32l0xx_hal_pwr.o
HAL_PWR_DisableSleepOnExit                        build/stm32l0xx_hal_pwr.o
HAL_PWR_DisableWakeUpPin                          build/stm32l0xx_hal_pwr.o
HAL_PWR_EnableBkUpAccess                          build/stm32l0xx_hal_pwr.o
HAL_PWR_EnablePVD                                 build/stm32l0xx_hal_pwr.o
HAL_PWR_EnableSEVOnPend                           build/stm32l0xx_hal_pwr.o
HAL_PWR_EnableSleepOnExit                         build/stm32l0xx_hal_pwr.o
HAL_PWR_EnableWakeUpPin                           build/stm32l0xx_hal_pwr.o
HAL_PWR_EnterSLEEPMode                            build/stm32l0xx_hal_pwr.o
HAL_PWR_EnterSTANDBYMode                          build/stm32l0xx_hal_pwr.o
HAL_PWR_EnterSTOPMode                             build/stm32l0xx_hal_pwr.o
HAL_PWR_PVDCallback                               build/stm32l0xx_hal_pwr.o
HAL_PWR_PVD_IRQHandler                            build/stm32l0xx_hal_pwr.o
HAL_RCCEx_DisableLSECSS                           build/stm32l0xx_hal_rcc_ex.o
HAL_RCCEx_EnableLSECSS                            build/stm32l0xx_hal_rcc_ex.o
HAL_RCCEx_EnableLSECSS_IT                         build/stm32l0xx_hal_rcc_ex.o
HAL_RCCEx_GetPeriphCLKConfig                      build/stm32l0xx_hal_rcc_ex.o
HAL_RCCEx_GetPeriphCLKFreq                        build/stm32l0xx_hal_rcc_ex.o
HAL_RCCEx_LSECSS_Callback                         build/stm32l0xx_hal_rcc_ex.o
HAL_RCCEx_LSECSS_IRQHandler                       build/stm32l0xx_hal_rcc_ex.o
HAL_RCCEx_PeriphCLKConfig                         build/stm32l0xx_hal_rcc_ex.o
HAL_RCC_CSSCallback                               build/stm32l0xx_hal_rcc.o
HAL_RCC_ClockConfig                               build/stm32l0xx_hal_rcc.o
                                                  build/main.o
HAL_RCC_DeInit                                    build/stm32l0xx_hal_rcc.o
HAL_RCC_EnableCSS                                 build/stm32l0xx_hal_rcc.o
HAL_RCC_GetClockConfig                            build/stm32l0xx_hal_rcc.o
HAL_RCC_GetHCLKFreq                               build/stm32l0xx_hal_rcc.o
HAL_RCC_GetOscConfig                              build/stm32l0xx_hal_rcc.o
HAL_RCC_GetPCLK1Freq                              build/stm32l0xx_hal_rcc.o
                                                  build/stm32l0xx_hal_rcc_ex.o
HAL_RCC_GetPCLK2Freq                              build/stm32l0xx_hal_rcc.o
HAL_RCC_GetSysClockFreq                           build/stm32l0xx_hal_rcc.o
                                                  build/stm32l0xx_hal_rcc_ex.o
HAL_RCC_MCOConfig                                 build/stm32l0xx_hal_rcc.o
HAL_RCC_NMI_IRQHandler                            build/stm32l0xx_hal_rcc.o
HAL_RCC_OscConfig                                 build/stm32l0xx_hal_rcc.o
                                                  build/main.o
HAL_ResumeTick                                    build/stm32l0xx_hal.o
HAL_SPI_Abort                                     build/stm32l0xx_hal_spi.o
HAL_SPI_AbortCpltCallback                         build/stm32l0xx_hal_spi.o
HAL_SPI_Abort_IT                                  build/stm32l0xx_hal_spi.o
HAL_SPI_DMAPause                                  build/stm32l0xx_hal_spi.o
HAL_SPI_DMAResume                                 build/stm32l0xx_hal_spi.o
HAL_SPI_DMAStop                                   build/stm32l0xx_hal_spi.o
HAL_SPI_DeInit                                    build/stm32l0xx_hal_spi.o
HAL_SPI_ErrorCallback                             build/stm32l0xx_hal_spi.o
HAL_SPI_GetError                                  build/stm32l0xx_hal_spi.o
HAL_SPI_GetState                                  build/stm32l0xx_hal_spi.o
HAL_SPI_IRQHandler                                build/stm32l0xx_hal_spi.o
HAL_SPI_Init                                      build/stm32l0xx_hal_spi.o
                                                  build/spi.o
HAL_SPI_MspDeInit                                 build/spi.o
HAL_SPI_MspInit                                   build/spi.o
HAL_SPI_Receive                                   build/stm32l0xx_hal_spi.o
                                                  build/nrf905.o
                                                  build/main.o
HAL_SPI_Receive_DMA                               build/stm32l0xx_hal_spi.o
HAL_SPI_Receive_IT                                build/stm32l0xx_hal_spi.o
HAL_SPI_RxCpltCallback                            build/stm32l0xx_hal_spi.o
HAL_SPI_RxHalfCpltCallback                        build/stm32l0xx_hal_spi.o
HAL_SPI_Transmit                                  build/stm32l0xx_hal_spi.o
                                                  build/nrf905.o
                                                  build/main.o
HAL_SPI_TransmitReceive                           build/stm32l0xx_hal_spi.o
                                                  build/nrf905.o
HAL_SPI_TransmitReceive_DMA                       build/stm32l0xx_hal_spi.o
HAL_SPI_TransmitReceive_IT                        build/stm32l0xx_hal_spi.o
HAL_SPI_Transmit_DMA                              build/stm32l0xx_hal_spi.o
HAL_SPI_Transmit_IT                               build/stm32l0xx_hal_spi.o
HAL_SPI_TxCpltCallback                            build/stm32l0xx_hal_spi.o
HAL_SPI_TxHalfCpltCallback                        build/stm32l0xx_hal_spi.o
HAL_SPI_TxRxCpltCallback                          build/stm32l0xx_hal_spi.o
HAL_SPI_TxRxHalfCpltCallback                      build/stm32l0xx_hal_spi.o
HAL_SYSCFG_Disable_Lock_VREFINT                   build/stm32l0xx_hal.o
HAL_SYSCFG_Enable_Lock_VREFINT                    build/stm32l0xx_hal.o
HAL_SYSCFG_GetBootMode                            build/stm32l0xx_hal.o
HAL_SYSCFG_VREFINT_OutputSelect                   build/stm32l0xx_hal.o
HAL_SYSTICK_CLKSourceConfig                       build/stm32l0xx_hal_cortex.o
HAL_SYSTICK_Callback                              build/stm32l0xx_hal_cortex.o
HAL_SYSTICK_Config                                build/stm32l0xx_hal_cortex.o
                                                  build/stm32l0xx_hal.o
HAL_SYSTICK_IRQHandler                            build/stm32l0xx_hal_cortex.o
HAL_SetTickFreq                                   build/stm32l0xx_hal.o
HAL_SuspendTick                                   build/stm32l0xx_hal.o
HardFault_Handler                                 build/stm32l0xx_it.o
I2C1_IRQHandler                                   build/startup_stm32l031xx.o
LPTIM1_IRQHandler                                 build/startup_stm32l031xx.o
LPUART1_IRQHandler                                build/startup_stm32l031xx.o
MX_GPIO_Init                                      build/gpio.o
                                                  build/main.o
MX_SPI1_Init                                      build/spi.o
                                                  build/main.o
NMI_Handler                                       build/stm32l0xx_it.o
NRF905_Config_t                                   build/nrf905.o
                                                  build/main.o
NRF905_INIT                                       build/nrf905.o
                                                  build/main.o
NRF905_POWER_OFF                                  build/nrf905.o
NRF905_POWER_ON                                   build/nrf905.o
                                                  build/main.o
NRF905_ReadBuf                                    build/nrf905.o
NRF905_ReadReg                                    build/nrf905.o
NRF905_WriteBuf                                   build/nrf905.o
NRF905_WriteReg                                   build/nrf905.o
P                                                 build/main.o
PLLMulTable                                       build/system_stm32l0xx.o
                                                  build/stm32l0xx_hal_rcc.o
PVD_IRQHandler                                    build/startup_stm32l031xx.o
PendSV_Handler                                    build/stm32l0xx_it.o
RCC_IRQHandler                                    build/startup_stm32l031xx.o
RTC_IRQHandler                                    build/startup_stm32l031xx.o
ReadReciveData                                    build/nrf905.o
ReciveOff                                         build/nrf905.o
ReciveOn                                          build/nrf905.o
Reset_Handler                                     build/startup_stm32l031xx.o
SPI1_IRQHandler                                   build/startup_stm32l031xx.o
SPI_GET_DAT                                       build/main.o
                                                  build/bme280.o
SPI_SET_DAT                                       build/main.o
                                                  build/bme280.o
SVC_Handler                                       build/stm32l0xx_it.o
StartSend                                         build/nrf905.o
                                                  build/main.o
SysTick_Handler                                   build/stm32l0xx_it.o
SystemClock_Config                                build/main.o
SystemCoreClock                                   build/system_stm32l0xx.o
                                                  build/stm32l0xx_hal_pwr_ex.o
                                                  build/stm32l0xx_hal_rcc.o
                                                  build/stm32l0xx_hal.o
                                                  build/stm32l0xx_hal_spi.o
SystemCoreClockUpdate                             build/system_stm32l0xx.o
SystemInit                                        build/system_stm32l0xx.o
                                                  build/startup_stm32l031xx.o
TIM21_IRQHandler                                  build/startup_stm32l031xx.o
TIM22_IRQHandler                                  build/startup_stm32l031xx.o
TIM2_IRQHandler                                   build/startup_stm32l031xx.o
USART2_IRQHandler                                 build/startup_stm32l031xx.o
WWDG_IRQHandler                                   build/startup_stm32l031xx.o
WriteDataToSend                                   build/nrf905.o
                                                  build/main.o
_ITM_deregisterTMCloneTable                       /usr/lib/gcc/arm-none-eabi/9.2.1/thumb/v6-m/nofp/crtbegin.o
_ITM_registerTMCloneTable                         /usr/lib/gcc/arm-none-eabi/9.2.1/thumb/v6-m/nofp/crtbegin.o
__TMC_END__                                       /usr/lib/gcc/arm-none-eabi/9.2.1/thumb/v6-m/nofp/crtend.o
                                                  /usr/lib/gcc/arm-none-eabi/9.2.1/thumb/v6-m/nofp/crtbegin.o
__aeabi_idiv0                                     /usr/lib/gcc/arm-none-eabi/9.2.1/thumb/v6-m/nofp/libgcc.a(_dvmd_tls.o)
                                                  /usr/lib/gcc/arm-none-eabi/9.2.1/thumb/v6-m/nofp/libgcc.a(_udivsi3.o)
__aeabi_ldiv0                                     /usr/lib/gcc/arm-none-eabi/9.2.1/thumb/v6-m/nofp/libgcc.a(_dvmd_tls.o)
__aeabi_uidiv                                     /usr/lib/gcc/arm-none-eabi/9.2.1/thumb/v6-m/nofp/libgcc.a(_udivsi3.o)
                                                  build/system_stm32l0xx.o
                                                  build/stm32l0xx_hal_pwr_ex.o
                                                  build/stm32l0xx_hal_dma.o
                                                  build/stm32l0xx_hal_rcc.o
                                                  build/stm32l0xx_hal.o
                                                  build/stm32l0xx_hal_spi.o
                                                  build/bme280.o
__aeabi_uidivmod                                  /usr/lib/gcc/arm-none-eabi/9.2.1/thumb/v6-m/nofp/libgcc.a(_udivsi3.o)
__atexit_dummy                                    /usr/lib/gcc/arm-none-eabi/9.2.1/../../../arm-none-eabi/lib/thumb/v6-m/nofp/libc_nano.a(lib_a-__atexit.o)
__bss_end__                                       /usr/lib/gcc/arm-none-eabi/9.2.1/../../../arm-none-eabi/lib/thumb/v6-m/nofp/crt0.o
__bss_start__                                     /usr/lib/gcc/arm-none-eabi/9.2.1/../../../arm-none-eabi/lib/thumb/v6-m/nofp/crt0.o
__call_exitprocs                                  /usr/lib/gcc/arm-none-eabi/9.2.1/../../../arm-none-eabi/lib/thumb/v6-m/nofp/libc_nano.a(lib_a-__call_atexit.o)
                                                  /usr/lib/gcc/arm-none-eabi/9.2.1/../../../arm-none-eabi/lib/thumb/v6-m/nofp/libc_nano.a(lib_a-__atexit.o)
                                                  /usr/lib/gcc/arm-none-eabi/9.2.1/../../../arm-none-eabi/lib/thumb/v6-m/nofp/libc_nano.a(lib_a-exit.o)
__deregister_frame_info                           /usr/lib/gcc/arm-none-eabi/9.2.1/thumb/v6-m/nofp/crtbegin.o
__dso_handle                                      /usr/lib/gcc/arm-none-eabi/9.2.1/thumb/v6-m/nofp/crtbegin.o
__fini_array_end                                  /usr/lib/gcc/arm-none-eabi/9.2.1/../../../arm-none-eabi/lib/thumb/v6-m/nofp/libc_nano.a(lib_a-fini.o)
__fini_array_start                                /usr/lib/gcc/arm-none-eabi/9.2.1/../../../arm-none-eabi/lib/thumb/v6-m/nofp/libc_nano.a(lib_a-fini.o)
__init_array_end                                  /usr/lib/gcc/arm-none-eabi/9.2.1/../../../arm-none-eabi/lib/thumb/v6-m/nofp/libc_nano.a(lib_a-init.o)
__init_array_start                                /usr/lib/gcc/arm-none-eabi/9.2.1/../../../arm-none-eabi/lib/thumb/v6-m/nofp/libc_nano.a(lib_a-init.o)
__libc_fini_array                                 /usr/lib/gcc/arm-none-eabi/9.2.1/../../../arm-none-eabi/lib/thumb/v6-m/nofp/libc_nano.a(lib_a-fini.o)
                                                  /usr/lib/gcc/arm-none-eabi/9.2.1/../../../arm-none-eabi/lib/thumb/v6-m/nofp/crt0.o
__libc_init_array                                 /usr/lib/gcc/arm-none-eabi/9.2.1/../../../arm-none-eabi/lib/thumb/v6-m/nofp/libc_nano.a(lib_a-init.o)
                                                  build/startup_stm32l031xx.o
                                                  /usr/lib/gcc/arm-none-eabi/9.2.1/../../../arm-none-eabi/lib/thumb/v6-m/nofp/crt0.o
__on_exit_args                                    /usr/lib/gcc/arm-none-eabi/9.2.1/../../../arm-none-eabi/lib/thumb/v6-m/nofp/libc_nano.a(lib_a-__atexit.o)
__preinit_array_end                               /usr/lib/gcc/arm-none-eabi/9.2.1/../../../arm-none-eabi/lib/thumb/v6-m/nofp/libc_nano.a(lib_a-init.o)
__preinit_array_start                             /usr/lib/gcc/arm-none-eabi/9.2.1/../../../arm-none-eabi/lib/thumb/v6-m/nofp/libc_nano.a(lib_a-init.o)
__register_exitproc                               /usr/lib/gcc/arm-none-eabi/9.2.1/../../../arm-none-eabi/lib/thumb/v6-m/nofp/libc_nano.a(lib_a-__atexit.o)
                                                  /usr/lib/gcc/arm-none-eabi/9.2.1/../../../arm-none-eabi/lib/thumb/v6-m/nofp/libc_nano.a(lib_a-atexit.o)
__register_frame_info                             /usr/lib/gcc/arm-none-eabi/9.2.1/thumb/v6-m/nofp/crtbegin.o
__sf_fake_stderr                                  /usr/lib/gcc/arm-none-eabi/9.2.1/../../../arm-none-eabi/lib/thumb/v6-m/nofp/libc_nano.a(lib_a-impure.o)
__sf_fake_stdin                                   /usr/lib/gcc/arm-none-eabi/9.2.1/../../../arm-none-eabi/lib/thumb/v6-m/nofp/libc_nano.a(lib_a-impure.o)
__sf_fake_stdout                                  /usr/lib/gcc/arm-none-eabi/9.2.1/../../../arm-none-eabi/lib/thumb/v6-m/nofp/libc_nano.a(lib_a-impure.o)
__stack                                           /usr/lib/gcc/arm-none-eabi/9.2.1/../../../arm-none-eabi/lib/thumb/v6-m/nofp/crt0.o
__udivsi3                                         /usr/lib/gcc/arm-none-eabi/9.2.1/thumb/v6-m/nofp/libgcc.a(_udivsi3.o)
_ebss                                             build/startup_stm32l031xx.o
_edata                                            build/startup_stm32l031xx.o
_estack                                           build/startup_stm32l031xx.o
_exit                                             /usr/lib/gcc/arm-none-eabi/9.2.1/../../../arm-none-eabi/lib/thumb/v6-m/nofp/libnosys.a(_exit.o)
                                                  /usr/lib/gcc/arm-none-eabi/9.2.1/../../../arm-none-eabi/lib/thumb/v6-m/nofp/libc_nano.a(lib_a-exit.o)
_fini                                             /usr/lib/gcc/arm-none-eabi/9.2.1/thumb/v6-m/nofp/crti.o
                                                  /usr/lib/gcc/arm-none-eabi/9.2.1/../../../arm-none-eabi/lib/thumb/v6-m/nofp/libc_nano.a(lib_a-fini.o)
_global_atexit                                    /usr/lib/gcc/arm-none-eabi/9.2.1/../../../arm-none-eabi/lib/thumb/v6-m/nofp/libc_nano.a(lib_a-__call_atexit.o)
                                                  /usr/lib/gcc/arm-none-eabi/9.2.1/../../../arm-none-eabi/lib/thumb/v6-m/nofp/libc_nano.a(lib_a-__atexit.o)
_global_impure_ptr                                /usr/lib/gcc/arm-none-eabi/9.2.1/../../../arm-none-eabi/lib/thumb/v6-m/nofp/libc_nano.a(lib_a-impure.o)
                                                  /usr/lib/gcc/arm-none-eabi/9.2.1/../../../arm-none-eabi/lib/thumb/v6-m/nofp/libc_nano.a(lib_a-exit.o)
_impure_ptr                                       /usr/lib/gcc/arm-none-eabi/9.2.1/../../../arm-none-eabi/lib/thumb/v6-m/nofp/libc_nano.a(lib_a-impure.o)
_init                                             /usr/lib/gcc/arm-none-eabi/9.2.1/thumb/v6-m/nofp/crti.o
                                                  /usr/lib/gcc/arm-none-eabi/9.2.1/../../../arm-none-eabi/lib/thumb/v6-m/nofp/libc_nano.a(lib_a-init.o)
_mainCRTStartup                                   /usr/lib/gcc/arm-none-eabi/9.2.1/../../../arm-none-eabi/lib/thumb/v6-m/nofp/crt0.o
_sbss                                             build/startup_stm32l031xx.o
_sdata                                            build/startup_stm32l031xx.o
_sidata                                           build/startup_stm32l031xx.o
_stack_init                                       /usr/lib/gcc/arm-none-eabi/9.2.1/../../../arm-none-eabi/lib/thumb/v6-m/nofp/crt0.o
_start                                            /usr/lib/gcc/arm-none-eabi/9.2.1/../../../arm-none-eabi/lib/thumb/v6-m/nofp/crt0.o
atexit                                            /usr/lib/gcc/arm-none-eabi/9.2.1/../../../arm-none-eabi/lib/thumb/v6-m/nofp/libc_nano.a(lib_a-atexit.o)
                                                  /usr/lib/gcc/arm-none-eabi/9.2.1/../../../arm-none-eabi/lib/thumb/v6-m/nofp/crt0.o
dev_bme                                           build/main.o
exit                                              /usr/lib/gcc/arm-none-eabi/9.2.1/../../../arm-none-eabi/lib/thumb/v6-m/nofp/libc_nano.a(lib_a-exit.o)
                                                  /usr/lib/gcc/arm-none-eabi/9.2.1/../../../arm-none-eabi/lib/thumb/v6-m/nofp/crt0.o
g_pfnVectors                                      build/startup_stm32l031xx.o
hardware_init_hook                                /usr/lib/gcc/arm-none-eabi/9.2.1/../../../arm-none-eabi/lib/thumb/v6-m/nofp/crt0.o
hspi1                                             build/spi.o
                                                  build/nrf905.o
                                                  build/main.o
initBME280                                        build/bme280.o
                                                  build/main.o
main                                              build/main.o
                                                  build/startup_stm32l031xx.o
                                                  /usr/lib/gcc/arm-none-eabi/9.2.1/../../../arm-none-eabi/lib/thumb/v6-m/nofp/crt0.o
malloc                                            /usr/lib/gcc/arm-none-eabi/9.2.1/../../../arm-none-eabi/lib/thumb/v6-m/nofp/libc_nano.a(lib_a-__atexit.o)
memset                                            /usr/lib/gcc/arm-none-eabi/9.2.1/../../../arm-none-eabi/lib/thumb/v6-m/nofp/libc_nano.a(lib_a-memset.o)
                                                  build/stm32l0xx_hal_rcc.o
                                                  build/spi.o
                                                  build/gpio.o
                                                  build/main.o
                                                  /usr/lib/gcc/arm-none-eabi/9.2.1/../../../arm-none-eabi/lib/thumb/v6-m/nofp/crt0.o
pFlash                                            build/stm32l0xx_hal_flash.o
                                                  build/stm32l0xx_hal_flash_ex.o
                                                  build/stm32l0xx_hal_flash_ramfunc.o
software_init_hook                                /usr/lib/gcc/arm-none-eabi/9.2.1/../../../arm-none-eabi/lib/thumb/v6-m/nofp/crt0.o
uwTick                                            build/stm32l0xx_hal.o
uwTickFreq                                        build/stm32l0xx_hal.o
uwTickPrio                                        build/stm32l0xx_hal.o
