Archive member included to satisfy reference by file (symbol)

/home/maxx/develop/gcc-arm-none-eabi-7-2018-q2-update/bin/../lib/gcc/arm-none-eabi/7.3.1/../../../../arm-none-eabi/lib/thumb/v6-m/libc_nano.a(lib_a-exit.o)
                              /home/maxx/develop/gcc-arm-none-eabi-7-2018-q2-update/bin/../lib/gcc/arm-none-eabi/7.3.1/../../../../arm-none-eabi/lib/thumb/v6-m/crt0.o (exit)
/home/maxx/develop/gcc-arm-none-eabi-7-2018-q2-update/bin/../lib/gcc/arm-none-eabi/7.3.1/../../../../arm-none-eabi/lib/thumb/v6-m/libc_nano.a(lib_a-impure.o)
                              /home/maxx/develop/gcc-arm-none-eabi-7-2018-q2-update/bin/../lib/gcc/arm-none-eabi/7.3.1/../../../../arm-none-eabi/lib/thumb/v6-m/libc_nano.a(lib_a-exit.o) (_global_impure_ptr)
/home/maxx/develop/gcc-arm-none-eabi-7-2018-q2-update/bin/../lib/gcc/arm-none-eabi/7.3.1/../../../../arm-none-eabi/lib/thumb/v6-m/libc_nano.a(lib_a-init.o)
                              /home/maxx/develop/gcc-arm-none-eabi-7-2018-q2-update/bin/../lib/gcc/arm-none-eabi/7.3.1/../../../../arm-none-eabi/lib/thumb/v6-m/crt0.o (__libc_init_array)
/home/maxx/develop/gcc-arm-none-eabi-7-2018-q2-update/bin/../lib/gcc/arm-none-eabi/7.3.1/../../../../arm-none-eabi/lib/thumb/v6-m/libc_nano.a(lib_a-memset.o)
                              /home/maxx/develop/gcc-arm-none-eabi-7-2018-q2-update/bin/../lib/gcc/arm-none-eabi/7.3.1/../../../../arm-none-eabi/lib/thumb/v6-m/crt0.o (memset)
/home/maxx/develop/gcc-arm-none-eabi-7-2018-q2-update/bin/../lib/gcc/arm-none-eabi/7.3.1/../../../../arm-none-eabi/lib/thumb/v6-m/libnosys.a(_exit.o)
                              /home/maxx/develop/gcc-arm-none-eabi-7-2018-q2-update/bin/../lib/gcc/arm-none-eabi/7.3.1/../../../../arm-none-eabi/lib/thumb/v6-m/libc_nano.a(lib_a-exit.o) (_exit)
/home/maxx/develop/gcc-arm-none-eabi-7-2018-q2-update/bin/../lib/gcc/arm-none-eabi/7.3.1/thumb/v6-m/libgcc.a(_udivsi3.o)
                              build/bme280.o (__aeabi_uidiv)
/home/maxx/develop/gcc-arm-none-eabi-7-2018-q2-update/bin/../lib/gcc/arm-none-eabi/7.3.1/thumb/v6-m/libgcc.a(_dvmd_tls.o)
                              /home/maxx/develop/gcc-arm-none-eabi-7-2018-q2-update/bin/../lib/gcc/arm-none-eabi/7.3.1/thumb/v6-m/libgcc.a(_udivsi3.o) (__aeabi_idiv0)

Allocating common symbols
Common symbol       size              file

uwTick              0x4               build/stm32l0xx_hal.o
pFlash              0x18              build/stm32l0xx_hal_flash.o
NRF905_Config_t     0xa               build/main.o
hspi1               0x58              build/spi.o
P                   0x1c              build/main.o

Discarded input sections

 .text          0x0000000000000000        0x0 /home/maxx/develop/gcc-arm-none-eabi-7-2018-q2-update/bin/../lib/gcc/arm-none-eabi/7.3.1/thumb/v6-m/crti.o
 .data          0x0000000000000000        0x0 /home/maxx/develop/gcc-arm-none-eabi-7-2018-q2-update/bin/../lib/gcc/arm-none-eabi/7.3.1/thumb/v6-m/crti.o
 .bss           0x0000000000000000        0x0 /home/maxx/develop/gcc-arm-none-eabi-7-2018-q2-update/bin/../lib/gcc/arm-none-eabi/7.3.1/thumb/v6-m/crti.o
 .data          0x0000000000000000        0x4 /home/maxx/develop/gcc-arm-none-eabi-7-2018-q2-update/bin/../lib/gcc/arm-none-eabi/7.3.1/thumb/v6-m/crtbegin.o
 .text          0x0000000000000000       0x78 /home/maxx/develop/gcc-arm-none-eabi-7-2018-q2-update/bin/../lib/gcc/arm-none-eabi/7.3.1/../../../../arm-none-eabi/lib/thumb/v6-m/crt0.o
 .data          0x0000000000000000        0x0 /home/maxx/develop/gcc-arm-none-eabi-7-2018-q2-update/bin/../lib/gcc/arm-none-eabi/7.3.1/../../../../arm-none-eabi/lib/thumb/v6-m/crt0.o
 .bss           0x0000000000000000        0x0 /home/maxx/develop/gcc-arm-none-eabi-7-2018-q2-update/bin/../lib/gcc/arm-none-eabi/7.3.1/../../../../arm-none-eabi/lib/thumb/v6-m/crt0.o
 .ARM.extab     0x0000000000000000        0x0 /home/maxx/develop/gcc-arm-none-eabi-7-2018-q2-update/bin/../lib/gcc/arm-none-eabi/7.3.1/../../../../arm-none-eabi/lib/thumb/v6-m/crt0.o
 .ARM.exidx     0x0000000000000000        0x8 /home/maxx/develop/gcc-arm-none-eabi-7-2018-q2-update/bin/../lib/gcc/arm-none-eabi/7.3.1/../../../../arm-none-eabi/lib/thumb/v6-m/crt0.o
 .ARM.attributes
                0x0000000000000000       0x1b /home/maxx/develop/gcc-arm-none-eabi-7-2018-q2-update/bin/../lib/gcc/arm-none-eabi/7.3.1/../../../../arm-none-eabi/lib/thumb/v6-m/crt0.o
 .text          0x0000000000000000        0x0 build/main.o
 .data          0x0000000000000000        0x0 build/main.o
 .bss           0x0000000000000000        0x0 build/main.o
 .text          0x0000000000000000        0x0 build/bme280.o
 .data          0x0000000000000000        0x0 build/bme280.o
 .bss           0x0000000000000000        0x0 build/bme280.o
 .text.FORCEMode
                0x0000000000000000       0x18 build/bme280.o
 .text          0x0000000000000000        0x0 build/gpio.o
 .data          0x0000000000000000        0x0 build/gpio.o
 .bss           0x0000000000000000        0x0 build/gpio.o
[...]
Memory Configuration

Name             Origin             Length             Attributes
RAM              0x0000000020000000 0x0000000000000800 xrw
FLASH            0x0000000008000000 0x0000000000004000 xr
*default*        0x0000000000000000 0xffffffffffffffff

Linker script and memory map

LOAD /home/maxx/develop/gcc-arm-none-eabi-7-2018-q2-update/bin/../lib/gcc/arm-none-eabi/7.3.1/thumb/v6-m/crti.o
LOAD /home/maxx/develop/gcc-arm-none-eabi-7-2018-q2-update/bin/../lib/gcc/arm-none-eabi/7.3.1/thumb/v6-m/crtbegin.o
LOAD /home/maxx/develop/gcc-arm-none-eabi-7-2018-q2-update/bin/../lib/gcc/arm-none-eabi/7.3.1/../../../../arm-none-eabi/lib/thumb/v6-m/crt0.o
LOAD build/main.o
LOAD build/bme280.o
LOAD build/gpio.o
LOAD build/spi.o
LOAD build/nrf905.o
LOAD build/stm32l0xx_it.o
LOAD build/stm32l0xx_hal_msp.o
LOAD build/stm32l0xx_hal_spi.o
LOAD build/stm32l0xx_hal.o
LOAD build/stm32l0xx_hal_i2c.o
LOAD build/stm32l0xx_hal_i2c_ex.o
LOAD build/stm32l0xx_hal_rcc.o
LOAD build/stm32l0xx_hal_rcc_ex.o
LOAD build/stm32l0xx_hal_flash_ramfunc.o
LOAD build/stm32l0xx_hal_flash.o
LOAD build/stm32l0xx_hal_flash_ex.o
LOAD build/stm32l0xx_hal_gpio.o
LOAD build/stm32l0xx_hal_dma.o
LOAD build/stm32l0xx_hal_pwr.o
LOAD build/stm32l0xx_hal_pwr_ex.o
LOAD build/stm32l0xx_hal_cortex.o
LOAD build/stm32l0xx_hal_tim.o
LOAD build/stm32l0xx_hal_tim_ex.o
LOAD build/system_stm32l0xx.o
LOAD build/startup_stm32l011xx.o
LOAD /home/maxx/develop/gcc-arm-none-eabi-7-2018-q2-update/bin/../lib/gcc/arm-none-eabi/7.3.1/../../../../arm-none-eabi/lib/thumb/v6-m/libc_nano.a
LOAD /home/maxx/develop/gcc-arm-none-eabi-7-2018-q2-update/bin/../lib/gcc/arm-none-eabi/7.3.1/../../../../arm-none-eabi/lib/thumb/v6-m/libm.a
LOAD /home/maxx/develop/gcc-arm-none-eabi-7-2018-q2-update/bin/../lib/gcc/arm-none-eabi/7.3.1/../../../../arm-none-eabi/lib/thumb/v6-m/libnosys.a
START GROUP
LOAD /home/maxx/develop/gcc-arm-none-eabi-7-2018-q2-update/bin/../lib/gcc/arm-none-eabi/7.3.1/thumb/v6-m/libgcc.a
LOAD /home/maxx/develop/gcc-arm-none-eabi-7-2018-q2-update/bin/../lib/gcc/arm-none-eabi/7.3.1/../../../../arm-none-eabi/lib/thumb/v6-m/libc_nano.a
END GROUP
START GROUP
LOAD /home/maxx/develop/gcc-arm-none-eabi-7-2018-q2-update/bin/../lib/gcc/arm-none-eabi/7.3.1/thumb/v6-m/libgcc.a
LOAD /home/maxx/develop/gcc-arm-none-eabi-7-2018-q2-update/bin/../lib/gcc/arm-none-eabi/7.3.1/../../../../arm-none-eabi/lib/thumb/v6-m/libc_nano.a
END GROUP
LOAD /home/maxx/develop/gcc-arm-none-eabi-7-2018-q2-update/bin/../lib/gcc/arm-none-eabi/7.3.1/thumb/v6-m/crtend.o
LOAD /home/maxx/develop/gcc-arm-none-eabi-7-2018-q2-update/bin/../lib/gcc/arm-none-eabi/7.3.1/thumb/v6-m/crtn.o
                0x0000000020000800                _estack = 0x20000800
                0x0000000000000200                _Min_Heap_Size = 0x200
                0x0000000000000400                _Min_Stack_Size = 0x400

.isr_vector     0x0000000008000000       0xc0
                0x0000000008000000                . = ALIGN (0x4)
 *(.isr_vector)
 .isr_vector    0x0000000008000000       0xc0 build/startup_stm32l011xx.o
                0x0000000008000000                g_pfnVectors
                0x00000000080000c0                . = ALIGN (0x4)

.text           0x00000000080000c0     0x1f0c
                0x00000000080000c0                . = ALIGN (0x4)
 *(.text)
 .text          0x00000000080000c0       0x48 /home/maxx/develop/gcc-arm-none-eabi-7-2018-q2-update/bin/../lib/gcc/arm-none-eabi/7.3.1/thumb/v6-m/crtbegin.o
 .text          0x0000000008000108      0x114 /home/maxx/develop/gcc-arm-none-eabi-7-2018-q2-update/bin/../lib/gcc/arm-none-eabi/7.3.1/thumb/v6-m/libgcc.a(_udivsi3.o)
                0x0000000008000108                __udivsi3
                0x0000000008000108                __aeabi_uidiv
                0x0000000008000214                __aeabi_uidivmod
 .text          0x000000000800021c        0x4 /home/maxx/develop/gcc-arm-none-eabi-7-2018-q2-update/bin/../lib/gcc/arm-none-eabi/7.3.1/thumb/v6-m/libgcc.a(_dvmd_tls.o)
                0x000000000800021c                __aeabi_ldiv0
                0x000000000800021c                __aeabi_idiv0
 *(.text*)
 .text.SystemClock_Config
                0x0000000008000220       0x64 build/main.o
                0x0000000008000220                SystemClock_Config
 .text.main     0x0000000008000284      0x130 build/main.o
                0x0000000008000284                main
 .text.SPI_GET_DAT
                0x00000000080003b4       0x40 build/main.o
                0x00000000080003b4                SPI_GET_DAT
 .text.SPI_SET_DAT
                0x00000000080003f4       0x4c build/main.o
                0x00000000080003f4                SPI_SET_DAT
 .text.Error_Handler
                0x0000000008000440        0x2 build/main.o
                0x0000000008000440                Error_Handler
 .text.bme280_parse_sensor_data
                0x0000000008000442       0x32 build/bme280.o
 .text.compensate_temperature
                0x0000000008000474       0x70 build/bme280.o
 .text.compensate_pressure
                0x00000000080004e4      0x124 build/bme280.o
 .text.compensate_humidity
                0x0000000008000608       0xdc build/bme280.o
 .text.bme280_compensate_data
                0x00000000080006e4       0x26 build/bme280.o
 .text.parse_temp_press_calib_data
                0x000000000800070a       0x84 build/bme280.o
 .text.parse_humidity_calib_data
                0x000000000800078e       0x4a build/bme280.o
 .text.GetCalibData_BME280
                0x00000000080007d8       0x64 build/bme280.o
                0x00000000080007d8                GetCalibData_BME280
 .text.GetData_BME280
                0x000000000800083c       0x5c build/bme280.o
                0x000000000800083c                GetData_BME280
 .text.initBME280
                0x0000000008000898       0x7e build/bme280.o
                0x0000000008000898                initBME280
 *fill*         0x0000000008000916        0x2 
 .text.MX_GPIO_Init
                0x0000000008000918       0xc0 build/gpio.o
                0x0000000008000918                MX_GPIO_Init
 .text.MX_SPI1_Init
                0x00000000080009d8       0x44 build/spi.o
                0x00000000080009d8                MX_SPI1_Init
 .text.HAL_SPI_MspInit
                0x0000000008000a1c       0x88 build/spi.o
                0x0000000008000a1c                HAL_SPI_MspInit
 .text.NRF905_ReadBuf
                0x0000000008000aa4       0x70 build/nrf905.o
                0x0000000008000aa4                NRF905_ReadBuf
 .text.NRF905_WriteBuf
                0x0000000008000b14       0x64 build/nrf905.o
                0x0000000008000b14                NRF905_WriteBuf
 .text.NRF905_INIT
                0x0000000008000b78       0x70 build/nrf905.o
                0x0000000008000b78                NRF905_INIT
 .text.WriteDataToSend
                0x0000000008000be8       0xb0 build/nrf905.o
                0x0000000008000be8                WriteDataToSend
 .text.StartSend
                0x0000000008000c98       0x2c build/nrf905.o
                0x0000000008000c98                StartSend
 .text.ReciveOn
                0x0000000008000cc4       0x10 build/nrf905.o
                0x0000000008000cc4                ReciveOn
 .text.NRF905_POWER_ON
                0x0000000008000cd4       0x20 build/nrf905.o
                0x0000000008000cd4                NRF905_POWER_ON
 .text.NMI_Handler
                0x0000000008000cf4        0x2 build/stm32l0xx_it.o
                0x0000000008000cf4                NMI_Handler
 .text.HardFault_Handler
                0x0000000008000cf6        0x2 build/stm32l0xx_it.o
                0x0000000008000cf6                HardFault_Handler
 .text.SVC_Handler
                0x0000000008000cf8        0x2 build/stm32l0xx_it.o
                0x0000000008000cf8                SVC_Handler
 .text.PendSV_Handler
                0x0000000008000cfa        0x2 build/stm32l0xx_it.o
                0x0000000008000cfa                PendSV_Handler
 .text.SysTick_Handler
                0x0000000008000cfc        0x8 build/stm32l0xx_it.o
                0x0000000008000cfc                SysTick_Handler
 .text.HAL_MspInit
                0x0000000008000d04       0x1c build/stm32l0xx_hal_msp.o
                0x0000000008000d04                HAL_MspInit
 .text.SPI_WaitFlagStateUntilTimeout
                0x0000000008000d20       0x9c build/stm32l0xx_hal_spi.o
 .text.SPI_EndRxTxTransaction
                0x0000000008000dbc       0x5a build/stm32l0xx_hal_spi.o
 .text.SPI_EndRxTransaction
                0x0000000008000e16       0xa0 build/stm32l0xx_hal_spi.o
 .text.HAL_SPI_Init
                0x0000000008000eb6       0x78 build/stm32l0xx_hal_spi.o
                0x0000000008000eb6                HAL_SPI_Init
 .text.HAL_SPI_Transmit
                0x0000000008000f2e      0x19a build/stm32l0xx_hal_spi.o
                0x0000000008000f2e                HAL_SPI_Transmit
 .text.HAL_SPI_TransmitReceive
                0x00000000080010c8      0x22c build/stm32l0xx_hal_spi.o
                0x00000000080010c8                HAL_SPI_TransmitReceive
 .text.HAL_SPI_Receive
                0x00000000080012f4      0x164 build/stm32l0xx_hal_spi.o
                0x00000000080012f4                HAL_SPI_Receive
 .text.HAL_InitTick
                0x0000000008001458       0x30 build/stm32l0xx_hal.o
                0x0000000008001458                HAL_InitTick
 .text.HAL_Init
                0x0000000008001488       0x28 build/stm32l0xx_hal.o
                0x0000000008001488                HAL_Init
 .text.HAL_IncTick
                0x00000000080014b0       0x10 build/stm32l0xx_hal.o
                0x00000000080014b0                HAL_IncTick
 .text.HAL_GetTick
                0x00000000080014c0        0xc build/stm32l0xx_hal.o
                0x00000000080014c0                HAL_GetTick
 .text.HAL_Delay
                0x00000000080014cc       0x1c build/stm32l0xx_hal.o
                0x00000000080014cc                HAL_Delay
 .text.HAL_RCC_GetSysClockFreq
                0x00000000080014e8       0xb0 build/stm32l0xx_hal_rcc.o
                0x00000000080014e8                HAL_RCC_GetSysClockFreq
 .text.HAL_RCC_OscConfig
                0x0000000008001598      0x514 build/stm32l0xx_hal_rcc.o
                0x0000000008001598                HAL_RCC_OscConfig
 .text.HAL_RCC_ClockConfig
                0x0000000008001aac      0x1a8 build/stm32l0xx_hal_rcc.o
                0x0000000008001aac                HAL_RCC_ClockConfig
 .text.HAL_GPIO_Init
                0x0000000008001c54      0x174 build/stm32l0xx_hal_gpio.o
                0x0000000008001c54                HAL_GPIO_Init
 .text.HAL_GPIO_ReadPin
                0x0000000008001dc8        0xe build/stm32l0xx_hal_gpio.o
                0x0000000008001dc8                HAL_GPIO_ReadPin
 .text.HAL_GPIO_WritePin
                0x0000000008001dd6        0xc build/stm32l0xx_hal_gpio.o
                0x0000000008001dd6                HAL_GPIO_WritePin
 *fill*         0x0000000008001de2        0x2 
 .text.HAL_NVIC_SetPriority
                0x0000000008001de4       0x60 build/stm32l0xx_hal_cortex.o
                0x0000000008001de4                HAL_NVIC_SetPriority
 .text.HAL_SYSTICK_Config
                0x0000000008001e44       0x38 build/stm32l0xx_hal_cortex.o
                0x0000000008001e44                HAL_SYSTICK_Config
 .text.SystemInit
                0x0000000008001e7c       0x5c build/system_stm32l0xx.o
                0x0000000008001e7c                SystemInit
 .text.Reset_Handler
                0x0000000008001ed8       0x80 build/startup_stm32l011xx.o
                0x0000000008001ed8                Reset_Handler
 .text.Default_Handler
                0x0000000008001f58        0x2 build/startup_stm32l011xx.o
                0x0000000008001f58                ADC1_COMP_IRQHandler
                0x0000000008001f58                PVD_IRQHandler
                0x0000000008001f58                I2C1_IRQHandler
                0x0000000008001f58                SPI1_IRQHandler
                0x0000000008001f58                EXTI2_3_IRQHandler
                0x0000000008001f58                RTC_IRQHandler
                0x0000000008001f58                EXTI4_15_IRQHandler
                0x0000000008001f58                RCC_IRQHandler
                0x0000000008001f58                DMA1_Channel1_IRQHandler
                0x0000000008001f58                Default_Handler
                0x0000000008001f58                DMA1_Channel4_5_IRQHandler
                0x0000000008001f58                EXTI0_1_IRQHandler
                0x0000000008001f58                TIM21_IRQHandler
                0x0000000008001f58                WWDG_IRQHandler
                0x0000000008001f58                LPUART1_IRQHandler
                0x0000000008001f58                TIM2_IRQHandler
                0x0000000008001f58                DMA1_Channel2_3_IRQHandler
                0x0000000008001f58                USART2_IRQHandler
                0x0000000008001f58                FLASH_IRQHandler
                0x0000000008001f58                LPTIM1_IRQHandler
 *fill*         0x0000000008001f5a        0x2 
 .text.__libc_init_array
                0x0000000008001f5c       0x48 /home/maxx/develop/gcc-arm-none-eabi-7-2018-q2-update/bin/../lib/gcc/arm-none-eabi/7.3.1/../../../../arm-none-eabi/lib/thumb/v6-m/libc_nano.a(lib_a-init.o)
                0x0000000008001f5c                __libc_init_array
 .text.memset   0x0000000008001fa4       0x10 /home/maxx/develop/gcc-arm-none-eabi-7-2018-q2-update/bin/../lib/gcc/arm-none-eabi/7.3.1/../../../../arm-none-eabi/lib/thumb/v6-m/libc_nano.a(lib_a-memset.o)
                0x0000000008001fa4                memset
 *(.glue_7)
 .glue_7        0x0000000008001fb4        0x0 linker stubs
 *(.glue_7t)
 .glue_7t       0x0000000008001fb4        0x0 linker stubs
 *(.eh_frame)
 .eh_frame      0x0000000008001fb4        0x0 /home/maxx/develop/gcc-arm-none-eabi-7-2018-q2-update/bin/../lib/gcc/arm-none-eabi/7.3.1/thumb/v6-m/crtbegin.o
 *(.init)
 .init          0x0000000008001fb4        0x4 /home/maxx/develop/gcc-arm-none-eabi-7-2018-q2-update/bin/../lib/gcc/arm-none-eabi/7.3.1/thumb/v6-m/crti.o
                0x0000000008001fb4                _init
 .init          0x0000000008001fb8        0x8 /home/maxx/develop/gcc-arm-none-eabi-7-2018-q2-update/bin/../lib/gcc/arm-none-eabi/7.3.1/thumb/v6-m/crtn.o
 *(.fini)
 .fini          0x0000000008001fc0        0x4 /home/maxx/develop/gcc-arm-none-eabi-7-2018-q2-update/bin/../lib/gcc/arm-none-eabi/7.3.1/thumb/v6-m/crti.o
                0x0000000008001fc0                _fini
 .fini          0x0000000008001fc4        0x8 /home/maxx/develop/gcc-arm-none-eabi-7-2018-q2-update/bin/../lib/gcc/arm-none-eabi/7.3.1/thumb/v6-m/crtn.o
                0x0000000008001fcc                . = ALIGN (0x4)
                0x0000000008001fcc                _etext = .

.vfp11_veneer   0x0000000008001fcc        0x0
 .vfp11_veneer  0x0000000008001fcc        0x0 linker stubs

.v4_bx          0x0000000008001fcc        0x0
 .v4_bx         0x0000000008001fcc        0x0 linker stubs

.iplt           0x0000000008001fcc        0x0
 .iplt          0x0000000008001fcc        0x0 /home/maxx/develop/gcc-arm-none-eabi-7-2018-q2-update/bin/../lib/gcc/arm-none-eabi/7.3.1/thumb/v6-m/crtbegin.o

.rodata         0x0000000008001fcc       0x1c
                0x0000000008001fcc                . = ALIGN (0x4)
 *(.rodata)
 *(.rodata*)
 .rodata.AHBPrescTable
                0x0000000008001fcc       0x10 build/system_stm32l0xx.o
                0x0000000008001fcc                AHBPrescTable
 .rodata.PLLMulTable
                0x0000000008001fdc        0x9 build/system_stm32l0xx.o
                0x0000000008001fdc                PLLMulTable
                0x0000000008001fe8                . = ALIGN (0x4)
 *fill*         0x0000000008001fe5        0x3 

.rel.dyn        0x0000000008001fe8        0x0
 .rel.iplt      0x0000000008001fe8        0x0 /home/maxx/develop/gcc-arm-none-eabi-7-2018-q2-update/bin/../lib/gcc/arm-none-eabi/7.3.1/thumb/v6-m/crtbegin.o

.ARM.extab
 *(.ARM.extab* .gnu.linkonce.armextab.*)

.ARM            0x0000000008001fe8        0x0
                0x0000000008001fe8                __exidx_start = .
 *(.ARM.exidx*)
                0x0000000008001fe8                __exidx_end = .

.preinit_array  0x0000000008001fe8        0x0
                0x0000000008001fe8                PROVIDE (__preinit_array_start = .)
 *(.preinit_array*)
                0x0000000008001fe8                PROVIDE (__preinit_array_end = .)

.init_array     0x0000000008001fe8        0x4
                0x0000000008001fe8                PROVIDE (__init_array_start = .)
 *(SORT_BY_NAME(.init_array.*))
 *(.init_array*)
 .init_array    0x0000000008001fe8        0x4 /home/maxx/develop/gcc-arm-none-eabi-7-2018-q2-update/bin/../lib/gcc/arm-none-eabi/7.3.1/thumb/v6-m/crtbegin.o
                0x0000000008001fec                PROVIDE (__init_array_end = .)

.fini_array     0x0000000008001fec        0x4
                [!provide]                        PROVIDE (__fini_array_start = .)
 *(SORT_BY_NAME(.fini_array.*))
 *(.fini_array*)
 .fini_array    0x0000000008001fec        0x4 /home/maxx/develop/gcc-arm-none-eabi-7-2018-q2-update/bin/../lib/gcc/arm-none-eabi/7.3.1/thumb/v6-m/crtbegin.o
                [!provide]                        PROVIDE (__fini_array_end = .)
                0x0000000008001ff0                _sidata = LOADADDR (.data)

.data           0x0000000020000000        0x4 load address 0x0000000008001ff0
                0x0000000020000000                . = ALIGN (0x4)
                0x0000000020000000                _sdata = .
 *(.data)
 *(.data*)
 .data.SystemCoreClock
                0x0000000020000000        0x4 build/system_stm32l0xx.o
                0x0000000020000000                SystemCoreClock
                0x0000000020000004                . = ALIGN (0x4)
                0x0000000020000004                _edata = .

.igot.plt       0x0000000020000004        0x0 load address 0x0000000008001ff4
 .igot.plt      0x0000000020000004        0x0 /home/maxx/develop/gcc-arm-none-eabi-7-2018-q2-update/bin/../lib/gcc/arm-none-eabi/7.3.1/thumb/v6-m/crtbegin.o
                0x0000000020000004                . = ALIGN (0x4)

.bss            0x0000000020000004      0x110 load address 0x0000000008001ff4
                0x0000000020000004                _sbss = .
                0x0000000020000004                __bss_start__ = _sbss
 *(.bss)
 .bss           0x0000000020000004       0x1c /home/maxx/develop/gcc-arm-none-eabi-7-2018-q2-update/bin/../lib/gcc/arm-none-eabi/7.3.1/thumb/v6-m/crtbegin.o
 *(.bss*)
 .bss.dev_bme   0x0000000020000020       0x70 build/main.o
                0x0000000020000020                dev_bme
 *(COMMON)
 COMMON         0x0000000020000090       0x28 build/main.o
                0x0000000020000090                NRF905_Config_t
                0x000000002000009c                P
 COMMON         0x00000000200000b8       0x58 build/spi.o
                0x00000000200000b8                hspi1
 COMMON         0x0000000020000110        0x4 build/stm32l0xx_hal.o
                0x0000000020000110                uwTick
                0x0000000020000114                . = ALIGN (0x4)
                0x0000000020000114                _ebss = .
                0x0000000020000114                __bss_end__ = _ebss

._user_heap_stack
                0x0000000020000114      0x604 load address 0x0000000008001ff4
                0x0000000020000118                . = ALIGN (0x8)
 *fill*         0x0000000020000114        0x4 
                [!provide]                        PROVIDE (end = .)
                [!provide]                        PROVIDE (_end = .)
                0x0000000020000318                . = (. + _Min_Heap_Size)
 *fill*         0x0000000020000118      0x200 
                0x0000000020000718                . = (. + _Min_Stack_Size)
 *fill*         0x0000000020000318      0x400 
                0x0000000020000718                . = ALIGN (0x8)

/DISCARD/
 libc.a(*)
 libm.a(*)
 libgcc.a(*)

.ARM.attributes
                0x0000000000000000       0x28
 *(.ARM.attributes)
 .ARM.attributes
                0x0000000000000000       0x1e /home/maxx/develop/gcc-arm-none-eabi-7-2018-q2-update/bin/../lib/gcc/arm-none-eabi/7.3.1/thumb/v6-m/crti.o
 .ARM.attributes
                0x000000000000001e       0x2c /home/maxx/develop/gcc-arm-none-eabi-7-2018-q2-update/bin/../lib/gcc/arm-none-eabi/7.3.1/thumb/v6-m/crtbegin.o
 .ARM.attributes
                0x000000000000004a       0x32 build/main.o
 .ARM.attributes
                0x000000000000007c       0x32 build/bme280.o
 .ARM.attributes
                0x00000000000000ae       0x32 build/gpio.o
 .ARM.attributes
                0x00000000000000e0       0x32 build/spi.o
 .ARM.attributes
                0x0000000000000112       0x32 build/nrf905.o
 .ARM.attributes
                0x0000000000000144       0x32 build/stm32l0xx_it.o
 .ARM.attributes
                0x0000000000000176       0x32 build/stm32l0xx_hal_msp.o
 .ARM.attributes
                0x00000000000001a8       0x32 build/stm32l0xx_hal_spi.o
 .ARM.attributes
                0x00000000000001da       0x32 build/stm32l0xx_hal.o
 .ARM.attributes
                0x000000000000020c       0x32 build/stm32l0xx_hal_rcc.o
 .ARM.attributes
                0x000000000000023e       0x32 build/stm32l0xx_hal_gpio.o
 .ARM.attributes
                0x0000000000000270       0x32 build/stm32l0xx_hal_cortex.o
 .ARM.attributes
                0x00000000000002a2       0x32 build/system_stm32l0xx.o
 .ARM.attributes
                0x00000000000002d4       0x22 build/startup_stm32l011xx.o
 .ARM.attributes
                0x00000000000002f6       0x2c /home/maxx/develop/gcc-arm-none-eabi-7-2018-q2-update/bin/../lib/gcc/arm-none-eabi/7.3.1/../../../../arm-none-eabi/lib/thumb/v6-m/libc_nano.a(lib_a-init.o)
 .ARM.attributes
                0x0000000000000322       0x2c /home/maxx/develop/gcc-arm-none-eabi-7-2018-q2-update/bin/../lib/gcc/arm-none-eabi/7.3.1/../../../../arm-none-eabi/lib/thumb/v6-m/libc_nano.a(lib_a-memset.o)
 .ARM.attributes
                0x000000000000034e       0x1e /home/maxx/develop/gcc-arm-none-eabi-7-2018-q2-update/bin/../lib/gcc/arm-none-eabi/7.3.1/thumb/v6-m/libgcc.a(_udivsi3.o)
 .ARM.attributes
                0x000000000000036c       0x1e /home/maxx/develop/gcc-arm-none-eabi-7-2018-q2-update/bin/../lib/gcc/arm-none-eabi/7.3.1/thumb/v6-m/libgcc.a(_dvmd_tls.o)
 .ARM.attributes
                0x000000000000038a       0x1e /home/maxx/develop/gcc-arm-none-eabi-7-2018-q2-update/bin/../lib/gcc/arm-none-eabi/7.3.1/thumb/v6-m/crtn.o
OUTPUT(build/nrf905.elf elf32-littlearm)

.debug_info     0x0000000000000000     0x8560
 .debug_info    0x0000000000000000     0x11ff build/main.o
 .debug_info    0x00000000000011ff      0x9b3 build/bme280.o
 .debug_info    0x0000000000001bb2      0x555 build/gpio.o
 .debug_info    0x0000000000002107      0xa4a build/spi.o
 .debug_info    0x0000000000002b51     0x10ce build/nrf905.o
 .debug_info    0x0000000000003c1f      0x1b4 build/stm32l0xx_it.o
 .debug_info    0x0000000000003dd3      0x293 build/stm32l0xx_hal_msp.o
 .debug_info    0x0000000000004066     0x1cfd build/stm32l0xx_hal_spi.o
 .debug_info    0x0000000000005d63      0x8c3 build/stm32l0xx_hal.o
 .debug_info    0x0000000000006626      0xbb3 build/stm32l0xx_hal_rcc.o
 .debug_info    0x00000000000071d9      0x757 build/stm32l0xx_hal_gpio.o
 .debug_info    0x0000000000007930      0x82a build/stm32l0xx_hal_cortex.o
 .debug_info    0x000000000000815a      0x3e4 build/system_stm32l0xx.o
 .debug_info    0x000000000000853e       0x22 build/startup_stm32l011xx.o

.debug_abbrev   0x0000000000000000     0x1890
 .debug_abbrev  0x0000000000000000      0x256 build/main.o
 .debug_abbrev  0x0000000000000256      0x231 build/bme280.o
 .debug_abbrev  0x0000000000000487      0x177 build/gpio.o
 .debug_abbrev  0x00000000000005fe      0x1df build/spi.o
 .debug_abbrev  0x00000000000007dd      0x233 build/nrf905.o
 .debug_abbrev  0x0000000000000a10       0xca build/stm32l0xx_it.o
 .debug_abbrev  0x0000000000000ada       0xcb build/stm32l0xx_hal_msp.o
 .debug_abbrev  0x0000000000000ba5      0x2ba build/stm32l0xx_hal_spi.o
 .debug_abbrev  0x0000000000000e5f      0x250 build/stm32l0xx_hal.o
 .debug_abbrev  0x00000000000010af      0x27f build/stm32l0xx_hal_rcc.o
 .debug_abbrev  0x000000000000132e      0x204 build/stm32l0xx_hal_gpio.o
 .debug_abbrev  0x0000000000001532      0x23c build/stm32l0xx_hal_cortex.o
 .debug_abbrev  0x000000000000176e      0x110 build/system_stm32l0xx.o
 .debug_abbrev  0x000000000000187e       0x12 build/startup_stm32l011xx.o

.debug_loc      0x0000000000000000     0x5967
 .debug_loc     0x0000000000000000      0x15d build/main.o
 .debug_loc     0x000000000000015d     0x1e7f build/bme280.o
 .debug_loc     0x0000000000001fdc       0x2c build/gpio.o
 .debug_loc     0x0000000000002008       0xeb build/spi.o
 .debug_loc     0x00000000000020f3      0x486 build/nrf905.o
 .debug_loc     0x0000000000002579       0x20 build/stm32l0xx_it.o
 .debug_loc     0x0000000000002599     0x228a build/stm32l0xx_hal_spi.o
 .debug_loc     0x0000000000004823      0x1ac build/stm32l0xx_hal.o
 .debug_loc     0x00000000000049cf      0x69a build/stm32l0xx_hal_rcc.o
 .debug_loc     0x0000000000005069      0x369 build/stm32l0xx_hal_gpio.o
 .debug_loc     0x00000000000053d2      0x3d3 build/stm32l0xx_hal_cortex.o
 .debug_loc     0x00000000000057a5      0x1c2 build/system_stm32l0xx.o

.debug_aranges  0x0000000000000000      0x628
 .debug_aranges
                0x0000000000000000       0x40 build/main.o
 .debug_aranges
                0x0000000000000040       0x70 build/bme280.o
 .debug_aranges
                0x00000000000000b0       0x20 build/gpio.o
 .debug_aranges
                0x00000000000000d0       0x30 build/spi.o
 .debug_aranges
                0x0000000000000100       0x78 build/nrf905.o
 .debug_aranges
                0x0000000000000178       0x40 build/stm32l0xx_it.o
 .debug_aranges
                0x00000000000001b8       0x20 build/stm32l0xx_hal_msp.o
 .debug_aranges
                0x00000000000001d8      0x1d0 build/stm32l0xx_hal_spi.o
 .debug_aranges
                0x00000000000003a8       0xf8 build/stm32l0xx_hal.o
 .debug_aranges
                0x00000000000004a0       0x68 build/stm32l0xx_hal_rcc.o
 .debug_aranges
                0x0000000000000508       0x58 build/stm32l0xx_hal_gpio.o
 .debug_aranges
                0x0000000000000560       0x78 build/stm32l0xx_hal_cortex.o
 .debug_aranges
                0x00000000000005d8       0x28 build/system_stm32l0xx.o
 .debug_aranges
                0x0000000000000600       0x28 build/startup_stm32l011xx.o

.debug_ranges   0x0000000000000000      0x5c8
 .debug_ranges  0x0000000000000000       0x30 build/main.o
 .debug_ranges  0x0000000000000030       0x60 build/bme280.o
 .debug_ranges  0x0000000000000090       0x10 build/gpio.o
 .debug_ranges  0x00000000000000a0       0x20 build/spi.o
 .debug_ranges  0x00000000000000c0       0x68 build/nrf905.o
 .debug_ranges  0x0000000000000128       0x30 build/stm32l0xx_it.o
 .debug_ranges  0x0000000000000158       0x10 build/stm32l0xx_hal_msp.o
 .debug_ranges  0x0000000000000168      0x1c0 build/stm32l0xx_hal_spi.o
 .debug_ranges  0x0000000000000328       0xe8 build/stm32l0xx_hal.o
 .debug_ranges  0x0000000000000410       0x88 build/stm32l0xx_hal_rcc.o
 .debug_ranges  0x0000000000000498       0x48 build/stm32l0xx_hal_gpio.o
 .debug_ranges  0x00000000000004e0       0xb0 build/stm32l0xx_hal_cortex.o
 .debug_ranges  0x0000000000000590       0x18 build/system_stm32l0xx.o
 .debug_ranges  0x00000000000005a8       0x20 build/startup_stm32l011xx.o

.debug_line     0x0000000000000000     0x363a
 .debug_line    0x0000000000000000      0x35d build/main.o
 .debug_line    0x000000000000035d      0x38b build/bme280.o
 .debug_line    0x00000000000006e8      0x23a build/gpio.o
 .debug_line    0x0000000000000922      0x2d2 build/spi.o
 .debug_line    0x0000000000000bf4      0x3c1 build/nrf905.o
 .debug_line    0x0000000000000fb5      0x236 build/stm32l0xx_it.o
 .debug_line    0x00000000000011eb      0x20a build/stm32l0xx_hal_msp.o
 .debug_line    0x00000000000013f5      0xce3 build/stm32l0xx_hal_spi.o
 .debug_line    0x00000000000020d8      0x4e7 build/stm32l0xx_hal.o
 .debug_line    0x00000000000025bf      0x566 build/stm32l0xx_hal_rcc.o
 .debug_line    0x0000000000002b25      0x3c9 build/stm32l0xx_hal_gpio.o
 .debug_line    0x0000000000002eee      0x421 build/stm32l0xx_hal_cortex.o
 .debug_line    0x000000000000330f      0x29f build/system_stm32l0xx.o
 .debug_line    0x00000000000035ae       0x8c build/startup_stm32l011xx.o

.debug_str      0x0000000000000000     0x1dcc
 .debug_str     0x0000000000000000      0xa04 build/main.o
                                        0xafd (size before relaxing)
 .debug_str     0x0000000000000a04      0x18e build/bme280.o
                                        0x529 (size before relaxing)
 .debug_str     0x0000000000000b92       0xf3 build/gpio.o
                                        0x34c (size before relaxing)
 .debug_str     0x0000000000000c85       0x58 build/spi.o
                                        0x748 (size before relaxing)
 .debug_str     0x0000000000000cdd       0xc1 build/nrf905.o
                                        0x7cb (size before relaxing)
 .debug_str     0x0000000000000d9e       0x6d build/stm32l0xx_it.o
                                        0x228 (size before relaxing)
 .debug_str     0x0000000000000e0b       0x29 build/stm32l0xx_hal_msp.o
                                        0x27c (size before relaxing)
 .debug_str     0x0000000000000e34      0x57d build/stm32l0xx_hal_spi.o
                                        0xba0 (size before relaxing)
 .debug_str     0x00000000000013b1      0x4b4 build/stm32l0xx_hal.o
                                        0x78d (size before relaxing)
 .debug_str     0x0000000000001865      0x1a4 build/stm32l0xx_hal_rcc.o
                                        0x6b1 (size before relaxing)
 .debug_str     0x0000000000001a09      0x119 build/stm32l0xx_hal_gpio.o
                                        0x4c1 (size before relaxing)
 .debug_str     0x0000000000001b22      0x228 build/stm32l0xx_hal_cortex.o
                                        0x60d (size before relaxing)
 .debug_str     0x0000000000001d4a       0x5e build/system_stm32l0xx.o
                                        0x2e0 (size before relaxing)
 .debug_str     0x0000000000001da8       0x24 build/startup_stm32l011xx.o
                                         0x50 (size before relaxing)

.comment        0x0000000000000000       0x7f
 .comment       0x0000000000000000       0x7f build/main.o
                                         0x80 (size before relaxing)
 .comment       0x000000000000007f       0x80 build/bme280.o
 .comment       0x000000000000007f       0x80 build/gpio.o
 .comment       0x000000000000007f       0x80 build/spi.o
 .comment       0x000000000000007f       0x80 build/nrf905.o
 .comment       0x000000000000007f       0x80 build/stm32l0xx_it.o
 .comment       0x000000000000007f       0x80 build/stm32l0xx_hal_msp.o
 .comment       0x000000000000007f       0x80 build/stm32l0xx_hal_spi.o
 .comment       0x000000000000007f       0x80 build/stm32l0xx_hal.o
 .comment       0x000000000000007f       0x80 build/stm32l0xx_hal_rcc.o
 .comment       0x000000000000007f       0x80 build/stm32l0xx_hal_gpio.o
 .comment       0x000000000000007f       0x80 build/stm32l0xx_hal_cortex.o
 .comment       0x000000000000007f       0x80 build/system_stm32l0xx.o

.debug_frame    0x0000000000000000     0x1074
 .debug_frame   0x0000000000000000       0xb4 build/main.o
 .debug_frame   0x00000000000000b4      0x15c build/bme280.o
 .debug_frame   0x0000000000000210       0x38 build/gpio.o
 .debug_frame   0x0000000000000248       0x70 build/spi.o
 .debug_frame   0x00000000000002b8      0x1b0 build/nrf905.o
 .debug_frame   0x0000000000000468       0x6c build/stm32l0xx_it.o
 .debug_frame   0x00000000000004d4       0x20 build/stm32l0xx_hal_msp.o
 .debug_frame   0x00000000000004f4      0x5e4 build/stm32l0xx_hal_spi.o
 .debug_frame   0x0000000000000ad8      0x204 build/stm32l0xx_hal.o
 .debug_frame   0x0000000000000cdc      0x12c build/stm32l0xx_hal_rcc.o
 .debug_frame   0x0000000000000e08       0xd8 build/stm32l0xx_hal_gpio.o
 .debug_frame   0x0000000000000ee0       0xec build/stm32l0xx_hal_cortex.o
 .debug_frame   0x0000000000000fcc       0x3c build/system_stm32l0xx.o
 .debug_frame   0x0000000000001008       0x2c /home/maxx/develop/gcc-arm-none-eabi-7-2018-q2-update/bin/../lib/gcc/arm-none-eabi/7.3.1/../../../../arm-none-eabi/lib/thumb/v6-m/libc_nano.a(lib_a-init.o)
 .debug_frame   0x0000000000001034       0x20 /home/maxx/develop/gcc-arm-none-eabi-7-2018-q2-update/bin/../lib/gcc/arm-none-eabi/7.3.1/../../../../arm-none-eabi/lib/thumb/v6-m/libc_nano.a(lib_a-memset.o)
 .debug_frame   0x0000000000001054       0x20 /home/maxx/develop/gcc-arm-none-eabi-7-2018-q2-update/bin/../lib/gcc/arm-none-eabi/7.3.1/thumb/v6-m/libgcc.a(_udivsi3.o)

Cross Reference Table

Symbol                                            File
ADC1_COMP_IRQHandler                              build/startup_stm32l011xx.o
AHBPrescTable                                     build/system_stm32l0xx.o
                                                  build/stm32l0xx_hal_rcc.o
APBPrescTable                                     build/system_stm32l0xx.o
                                                  build/stm32l0xx_hal_rcc.o
DMA1_Channel1_IRQHandler                          build/startup_stm32l011xx.o
DMA1_Channel2_3_IRQHandler                        build/startup_stm32l011xx.o
DMA1_Channel4_5_IRQHandler                        build/startup_stm32l011xx.o
Default_Handler                                   build/startup_stm32l011xx.o
EXTI0_1_IRQHandler                                build/startup_stm32l011xx.o
EXTI2_3_IRQHandler                                build/startup_stm32l011xx.o
EXTI4_15_IRQHandler                               build/startup_stm32l011xx.o
Error_Handler                                     build/main.o
                                                  build/spi.o
FLASH_IRQHandler                                  build/startup_stm32l011xx.o
FLASH_PageErase                                   build/stm32l0xx_hal_flash_ex.o
                                                  build/stm32l0xx_hal_flash.o
FLASH_WaitForLastOperation                        build/stm32l0xx_hal_flash.o
                                                  build/stm32l0xx_hal_flash_ex.o
FORCEMode                                         build/bme280.o
GetCalibData_BME280                               build/bme280.o
                                                  build/main.o
GetData_BME280                                    build/bme280.o
                                                  build/main.o
HAL_DBGMCU_DBG_DisableLowPowerConfig              build/stm32l0xx_hal.o
HAL_DBGMCU_DBG_EnableLowPowerConfig               build/stm32l0xx_hal.o
HAL_DBGMCU_DisableDBGSleepMode                    build/stm32l0xx_hal.o
HAL_DBGMCU_DisableDBGStandbyMode                  build/stm32l0xx_hal.o
HAL_DBGMCU_DisableDBGStopMode                     build/stm32l0xx_hal.o
HAL_DBGMCU_EnableDBGSleepMode                     build/stm32l0xx_hal.o
HAL_DBGMCU_EnableDBGStandbyMode                   build/stm32l0xx_hal.o
HAL_DBGMCU_EnableDBGStopMode                      build/stm32l0xx_hal.o
HAL_DMA_Abort                                     build/stm32l0xx_hal_dma.o
                                                  build/stm32l0xx_hal_spi.o
HAL_DMA_Abort_IT                                  build/stm32l0xx_hal_dma.o
                                                  build/stm32l0xx_hal_i2c.o
                                                  build/stm32l0xx_hal_spi.o
HAL_DMA_DeInit                                    build/stm32l0xx_hal_dma.o
HAL_DMA_GetError                                  build/stm32l0xx_hal_dma.o
HAL_DMA_GetState                                  build/stm32l0xx_hal_dma.o
HAL_DMA_IRQHandler                                build/stm32l0xx_hal_dma.o
HAL_DMA_Init                                      build/stm32l0xx_hal_dma.o
HAL_DMA_PollForTransfer                           build/stm32l0xx_hal_dma.o
HAL_DMA_RegisterCallback                          build/stm32l0xx_hal_dma.o
HAL_DMA_Start                                     build/stm32l0xx_hal_dma.o
HAL_DMA_Start_IT                                  build/stm32l0xx_hal_dma.o
                                                  build/stm32l0xx_hal_i2c.o
                                                  build/stm32l0xx_hal_spi.o
HAL_DMA_UnRegisterCallback                        build/stm32l0xx_hal_dma.o
HAL_DeInit                                        build/stm32l0xx_hal.o
HAL_Delay                                         build/stm32l0xx_hal.o
                                                  build/nrf905.o
                                                  build/main.o
HAL_FLASHEx_AdvOBGetConfig                        build/stm32l0xx_hal_flash_ex.o
HAL_FLASHEx_AdvOBProgram                          build/stm32l0xx_hal_flash_ex.o
HAL_FLASHEx_DATAEEPROM_DisableFixedTimeProgram    build/stm32l0xx_hal_flash_ex.o
HAL_FLASHEx_DATAEEPROM_EnableFixedTimeProgram     build/stm32l0xx_hal_flash_ex.o
HAL_FLASHEx_DATAEEPROM_Erase                      build/stm32l0xx_hal_flash_ex.o
HAL_FLASHEx_DATAEEPROM_Lock                       build/stm32l0xx_hal_flash_ex.o
HAL_FLASHEx_DATAEEPROM_Program                    build/stm32l0xx_hal_flash_ex.o
HAL_FLASHEx_DATAEEPROM_Unlock                     build/stm32l0xx_hal_flash_ex.o
HAL_FLASHEx_DisableRunPowerDown                   build/stm32l0xx_hal_flash_ramfunc.o
HAL_FLASHEx_EnableRunPowerDown                    build/stm32l0xx_hal_flash_ramfunc.o
HAL_FLASHEx_Erase                                 build/stm32l0xx_hal_flash_ex.o
HAL_FLASHEx_Erase_IT                              build/stm32l0xx_hal_flash_ex.o
HAL_FLASHEx_GetError                              build/stm32l0xx_hal_flash_ramfunc.o
HAL_FLASHEx_HalfPageProgram                       build/stm32l0xx_hal_flash_ramfunc.o
HAL_FLASHEx_OBGetConfig                           build/stm32l0xx_hal_flash_ex.o
HAL_FLASHEx_OBProgram                             build/stm32l0xx_hal_flash_ex.o
HAL_FLASHEx_OB_DeSelectPCROP                      build/stm32l0xx_hal_flash_ex.o
HAL_FLASHEx_OB_SelectPCROP                        build/stm32l0xx_hal_flash_ex.o
HAL_FLASH_EndOfOperationCallback                  build/stm32l0xx_hal_flash.o
HAL_FLASH_GetError                                build/stm32l0xx_hal_flash.o
HAL_FLASH_IRQHandler                              build/stm32l0xx_hal_flash.o
HAL_FLASH_Lock                                    build/stm32l0xx_hal_flash.o
HAL_FLASH_OB_Launch                               build/stm32l0xx_hal_flash.o
HAL_FLASH_OB_Lock                                 build/stm32l0xx_hal_flash.o
HAL_FLASH_OB_Unlock                               build/stm32l0xx_hal_flash.o
HAL_FLASH_OperationErrorCallback                  build/stm32l0xx_hal_flash.o
HAL_FLASH_Program                                 build/stm32l0xx_hal_flash.o
HAL_FLASH_Program_IT                              build/stm32l0xx_hal_flash.o
HAL_FLASH_Unlock                                  build/stm32l0xx_hal_flash.o
HAL_GPIO_DeInit                                   build/stm32l0xx_hal_gpio.o
                                                  build/spi.o
HAL_GPIO_EXTI_Callback                            build/stm32l0xx_hal_gpio.o
HAL_GPIO_EXTI_IRQHandler                          build/stm32l0xx_hal_gpio.o
HAL_GPIO_Init                                     build/stm32l0xx_hal_gpio.o
                                                  build/stm32l0xx_hal_rcc.o
                                                  build/spi.o
                                                  build/gpio.o
HAL_GPIO_LockPin                                  build/stm32l0xx_hal_gpio.o
HAL_GPIO_ReadPin                                  build/stm32l0xx_hal_gpio.o
                                                  build/nrf905.o
HAL_GPIO_TogglePin                                build/stm32l0xx_hal_gpio.o
HAL_GPIO_WritePin                                 build/stm32l0xx_hal_gpio.o
                                                  build/nrf905.o
                                                  build/gpio.o
                                                  build/main.o
HAL_GetDEVID                                      build/stm32l0xx_hal.o
HAL_GetHalVersion                                 build/stm32l0xx_hal.o
HAL_GetREVID                                      build/stm32l0xx_hal.o
HAL_GetTick                                       build/stm32l0xx_hal.o
                                                  build/stm32l0xx_hal_dma.o
                                                  build/stm32l0xx_hal_flash.o
                                                  build/stm32l0xx_hal_rcc_ex.o
                                                  build/stm32l0xx_hal_rcc.o
                                                  build/stm32l0xx_hal_i2c.o
                                                  build/stm32l0xx_hal_spi.o
HAL_GetUIDw0                                      build/stm32l0xx_hal.o
HAL_GetUIDw1                                      build/stm32l0xx_hal.o
HAL_GetUIDw2                                      build/stm32l0xx_hal.o
HAL_I2CEx_ConfigAnalogFilter                      build/stm32l0xx_hal_i2c_ex.o
HAL_I2CEx_ConfigDigitalFilter                     build/stm32l0xx_hal_i2c_ex.o
HAL_I2CEx_DisableFastModePlus                     build/stm32l0xx_hal_i2c_ex.o
HAL_I2CEx_DisableWakeUp                           build/stm32l0xx_hal_i2c_ex.o
HAL_I2CEx_EnableFastModePlus                      build/stm32l0xx_hal_i2c_ex.o
HAL_I2CEx_EnableWakeUp                            build/stm32l0xx_hal_i2c_ex.o
HAL_I2C_AbortCpltCallback                         build/stm32l0xx_hal_i2c.o
HAL_I2C_AddrCallback                              build/stm32l0xx_hal_i2c.o
HAL_I2C_DeInit                                    build/stm32l0xx_hal_i2c.o
HAL_I2C_DisableListen_IT                          build/stm32l0xx_hal_i2c.o
HAL_I2C_ER_IRQHandler                             build/stm32l0xx_hal_i2c.o
HAL_I2C_EV_IRQHandler                             build/stm32l0xx_hal_i2c.o
HAL_I2C_EnableListen_IT                           build/stm32l0xx_hal_i2c.o
HAL_I2C_ErrorCallback                             build/stm32l0xx_hal_i2c.o
HAL_I2C_GetError                                  build/stm32l0xx_hal_i2c.o
HAL_I2C_GetMode                                   build/stm32l0xx_hal_i2c.o
HAL_I2C_GetState                                  build/stm32l0xx_hal_i2c.o
HAL_I2C_Init                                      build/stm32l0xx_hal_i2c.o
HAL_I2C_IsDeviceReady                             build/stm32l0xx_hal_i2c.o
HAL_I2C_ListenCpltCallback                        build/stm32l0xx_hal_i2c.o
HAL_I2C_MasterRxCpltCallback                      build/stm32l0xx_hal_i2c.o
HAL_I2C_MasterTxCpltCallback                      build/stm32l0xx_hal_i2c.o
HAL_I2C_Master_Abort_IT                           build/stm32l0xx_hal_i2c.o
HAL_I2C_Master_Receive                            build/stm32l0xx_hal_i2c.o
HAL_I2C_Master_Receive_DMA                        build/stm32l0xx_hal_i2c.o
HAL_I2C_Master_Receive_IT                         build/stm32l0xx_hal_i2c.o
HAL_I2C_Master_Seq_Receive_DMA                    build/stm32l0xx_hal_i2c.o
HAL_I2C_Master_Seq_Receive_IT                     build/stm32l0xx_hal_i2c.o
HAL_I2C_Master_Seq_Transmit_DMA                   build/stm32l0xx_hal_i2c.o
HAL_I2C_Master_Seq_Transmit_IT                    build/stm32l0xx_hal_i2c.o
HAL_I2C_Master_Transmit                           build/stm32l0xx_hal_i2c.o
HAL_I2C_Master_Transmit_DMA                       build/stm32l0xx_hal_i2c.o
HAL_I2C_Master_Transmit_IT                        build/stm32l0xx_hal_i2c.o
HAL_I2C_MemRxCpltCallback                         build/stm32l0xx_hal_i2c.o
HAL_I2C_MemTxCpltCallback                         build/stm32l0xx_hal_i2c.o
HAL_I2C_Mem_Read                                  build/stm32l0xx_hal_i2c.o
HAL_I2C_Mem_Read_DMA                              build/stm32l0xx_hal_i2c.o
HAL_I2C_Mem_Read_IT                               build/stm32l0xx_hal_i2c.o
HAL_I2C_Mem_Write                                 build/stm32l0xx_hal_i2c.o
HAL_I2C_Mem_Write_DMA                             build/stm32l0xx_hal_i2c.o
HAL_I2C_Mem_Write_IT                              build/stm32l0xx_hal_i2c.o
HAL_I2C_MspDeInit                                 build/stm32l0xx_hal_i2c.o
HAL_I2C_MspInit                                   build/stm32l0xx_hal_i2c.o
HAL_I2C_SlaveRxCpltCallback                       build/stm32l0xx_hal_i2c.o
HAL_I2C_SlaveTxCpltCallback                       build/stm32l0xx_hal_i2c.o
HAL_I2C_Slave_Receive                             build/stm32l0xx_hal_i2c.o
HAL_I2C_Slave_Receive_DMA                         build/stm32l0xx_hal_i2c.o
HAL_I2C_Slave_Receive_IT                          build/stm32l0xx_hal_i2c.o
HAL_I2C_Slave_Seq_Receive_DMA                     build/stm32l0xx_hal_i2c.o
HAL_I2C_Slave_Seq_Receive_IT                      build/stm32l0xx_hal_i2c.o
HAL_I2C_Slave_Seq_Transmit_DMA                    build/stm32l0xx_hal_i2c.o
HAL_I2C_Slave_Seq_Transmit_IT                     build/stm32l0xx_hal_i2c.o
HAL_I2C_Slave_Transmit                            build/stm32l0xx_hal_i2c.o
HAL_I2C_Slave_Transmit_DMA                        build/stm32l0xx_hal_i2c.o
HAL_I2C_Slave_Transmit_IT                         build/stm32l0xx_hal_i2c.o
HAL_IncTick                                       build/stm32l0xx_hal.o
                                                  build/stm32l0xx_it.o
HAL_Init                                          build/stm32l0xx_hal.o
                                                  build/main.o
HAL_InitTick                                      build/stm32l0xx_hal.o
                                                  build/stm32l0xx_hal_rcc.o
HAL_MspDeInit                                     build/stm32l0xx_hal.o
HAL_MspInit                                       build/stm32l0xx_hal_msp.o
HAL_NVIC_ClearPendingIRQ                          build/stm32l0xx_hal_cortex.o
HAL_NVIC_DisableIRQ                               build/stm32l0xx_hal_cortex.o
HAL_NVIC_EnableIRQ                                build/stm32l0xx_hal_cortex.o
HAL_NVIC_GetPendingIRQ                            build/stm32l0xx_hal_cortex.o
HAL_NVIC_GetPriority                              build/stm32l0xx_hal_cortex.o
HAL_NVIC_SetPendingIRQ                            build/stm32l0xx_hal_cortex.o
HAL_NVIC_SetPriority                              build/stm32l0xx_hal_cortex.o
                                                  build/stm32l0xx_hal.o
HAL_NVIC_SystemReset                              build/stm32l0xx_hal_cortex.o
HAL_PWREx_DisableFastWakeUp                       build/stm32l0xx_hal_pwr_ex.o
HAL_PWREx_DisableLowPowerRunMode                  build/stm32l0xx_hal_pwr_ex.o
HAL_PWREx_DisableUltraLowPower                    build/stm32l0xx_hal_pwr_ex.o
HAL_PWREx_EnableFastWakeUp                        build/stm32l0xx_hal_pwr_ex.o
HAL_PWREx_EnableLowPowerRunMode                   build/stm32l0xx_hal_pwr_ex.o
HAL_PWREx_EnableUltraLowPower                     build/stm32l0xx_hal_pwr_ex.o
HAL_PWREx_GetVoltageRange                         build/stm32l0xx_hal_pwr_ex.o
HAL_PWR_ConfigPVD                                 build/stm32l0xx_hal_pwr.o
HAL_PWR_DeInit                                    build/stm32l0xx_hal_pwr.o
HAL_PWR_DisableBkUpAccess                         build/stm32l0xx_hal_pwr.o
HAL_PWR_DisablePVD                                build/stm32l0xx_hal_pwr.o
HAL_PWR_DisableSEVOnPend                          build/stm32l0xx_hal_pwr.o
HAL_PWR_DisableSleepOnExit                        build/stm32l0xx_hal_pwr.o
HAL_PWR_DisableWakeUpPin                          build/stm32l0xx_hal_pwr.o
HAL_PWR_EnableBkUpAccess                          build/stm32l0xx_hal_pwr.o
HAL_PWR_EnablePVD                                 build/stm32l0xx_hal_pwr.o
HAL_PWR_EnableSEVOnPend                           build/stm32l0xx_hal_pwr.o
HAL_PWR_EnableSleepOnExit                         build/stm32l0xx_hal_pwr.o
HAL_PWR_EnableWakeUpPin                           build/stm32l0xx_hal_pwr.o
HAL_PWR_EnterSLEEPMode                            build/stm32l0xx_hal_pwr.o
HAL_PWR_EnterSTANDBYMode                          build/stm32l0xx_hal_pwr.o
HAL_PWR_EnterSTOPMode                             build/stm32l0xx_hal_pwr.o
HAL_PWR_PVDCallback                               build/stm32l0xx_hal_pwr.o
HAL_PWR_PVD_IRQHandler                            build/stm32l0xx_hal_pwr.o
HAL_RCCEx_DisableLSECSS                           build/stm32l0xx_hal_rcc_ex.o
HAL_RCCEx_EnableLSECSS                            build/stm32l0xx_hal_rcc_ex.o
HAL_RCCEx_EnableLSECSS_IT                         build/stm32l0xx_hal_rcc_ex.o
HAL_RCCEx_GetPeriphCLKConfig                      build/stm32l0xx_hal_rcc_ex.o
HAL_RCCEx_GetPeriphCLKFreq                        build/stm32l0xx_hal_rcc_ex.o
HAL_RCCEx_LSECSS_Callback                         build/stm32l0xx_hal_rcc_ex.o
HAL_RCCEx_LSECSS_IRQHandler                       build/stm32l0xx_hal_rcc_ex.o
HAL_RCCEx_PeriphCLKConfig                         build/stm32l0xx_hal_rcc_ex.o
HAL_RCC_ClockConfig                               build/stm32l0xx_hal_rcc.o
                                                  build/main.o
HAL_RCC_DeInit                                    build/stm32l0xx_hal_rcc.o
HAL_RCC_GetClockConfig                            build/stm32l0xx_hal_rcc.o
HAL_RCC_GetHCLKFreq                               build/stm32l0xx_hal_rcc.o
HAL_RCC_GetOscConfig                              build/stm32l0xx_hal_rcc.o
HAL_RCC_GetPCLK1Freq                              build/stm32l0xx_hal_rcc.o
                                                  build/stm32l0xx_hal_rcc_ex.o
HAL_RCC_GetPCLK2Freq                              build/stm32l0xx_hal_rcc.o
HAL_RCC_GetSysClockFreq                           build/stm32l0xx_hal_rcc.o
                                                  build/stm32l0xx_hal_rcc_ex.o
HAL_RCC_MCOConfig                                 build/stm32l0xx_hal_rcc.o
HAL_RCC_OscConfig                                 build/stm32l0xx_hal_rcc.o
                                                  build/main.o
HAL_ResumeTick                                    build/stm32l0xx_hal.o
HAL_SPI_Abort                                     build/stm32l0xx_hal_spi.o
HAL_SPI_AbortCpltCallback                         build/stm32l0xx_hal_spi.o
HAL_SPI_Abort_IT                                  build/stm32l0xx_hal_spi.o
HAL_SPI_DMAPause                                  build/stm32l0xx_hal_spi.o
HAL_SPI_DMAResume                                 build/stm32l0xx_hal_spi.o
HAL_SPI_DMAStop                                   build/stm32l0xx_hal_spi.o
HAL_SPI_DeInit                                    build/stm32l0xx_hal_spi.o
HAL_SPI_ErrorCallback                             build/stm32l0xx_hal_spi.o
HAL_SPI_GetError                                  build/stm32l0xx_hal_spi.o
HAL_SPI_GetState                                  build/stm32l0xx_hal_spi.o
HAL_SPI_IRQHandler                                build/stm32l0xx_hal_spi.o
HAL_SPI_Init                                      build/stm32l0xx_hal_spi.o
                                                  build/spi.o
HAL_SPI_MspDeInit                                 build/spi.o
HAL_SPI_MspInit                                   build/spi.o
HAL_SPI_Receive                                   build/stm32l0xx_hal_spi.o
                                                  build/nrf905.o
                                                  build/main.o
HAL_SPI_Receive_DMA                               build/stm32l0xx_hal_spi.o
HAL_SPI_Receive_IT                                build/stm32l0xx_hal_spi.o
HAL_SPI_RxCpltCallback                            build/stm32l0xx_hal_spi.o
HAL_SPI_RxHalfCpltCallback                        build/stm32l0xx_hal_spi.o
HAL_SPI_Transmit                                  build/stm32l0xx_hal_spi.o
                                                  build/nrf905.o
                                                  build/main.o
HAL_SPI_TransmitReceive                           build/stm32l0xx_hal_spi.o
                                                  build/nrf905.o
HAL_SPI_TransmitReceive_DMA                       build/stm32l0xx_hal_spi.o
HAL_SPI_TransmitReceive_IT                        build/stm32l0xx_hal_spi.o
HAL_SPI_Transmit_DMA                              build/stm32l0xx_hal_spi.o
HAL_SPI_Transmit_IT                               build/stm32l0xx_hal_spi.o
HAL_SPI_TxCpltCallback                            build/stm32l0xx_hal_spi.o
HAL_SPI_TxHalfCpltCallback                        build/stm32l0xx_hal_spi.o
HAL_SPI_TxRxCpltCallback                          build/stm32l0xx_hal_spi.o
HAL_SPI_TxRxHalfCpltCallback                      build/stm32l0xx_hal_spi.o
HAL_SYSCFG_Disable_Lock_VREFINT                   build/stm32l0xx_hal.o
HAL_SYSCFG_Enable_Lock_VREFINT                    build/stm32l0xx_hal.o
HAL_SYSCFG_GetBootMode                            build/stm32l0xx_hal.o
HAL_SYSCFG_VREFINT_OutputSelect                   build/stm32l0xx_hal.o
HAL_SYSTICK_CLKSourceConfig                       build/stm32l0xx_hal_cortex.o
HAL_SYSTICK_Callback                              build/stm32l0xx_hal_cortex.o
HAL_SYSTICK_Config                                build/stm32l0xx_hal_cortex.o
                                                  build/stm32l0xx_hal.o
HAL_SYSTICK_IRQHandler                            build/stm32l0xx_hal_cortex.o
HAL_SuspendTick                                   build/stm32l0xx_hal.o
HardFault_Handler                                 build/stm32l0xx_it.o
I2C1_IRQHandler                                   build/startup_stm32l011xx.o
LPTIM1_IRQHandler                                 build/startup_stm32l011xx.o
LPUART1_IRQHandler                                build/startup_stm32l011xx.o
MX_GPIO_Init                                      build/gpio.o
                                                  build/main.o
MX_SPI1_Init                                      build/spi.o
                                                  build/main.o
NMI_Handler                                       build/stm32l0xx_it.o
NRF905_Config_t                                   build/nrf905.o
                                                  build/main.o
NRF905_INIT                                       build/nrf905.o
                                                  build/main.o
NRF905_POWER_OFF                                  build/nrf905.o
NRF905_POWER_ON                                   build/nrf905.o
                                                  build/main.o
NRF905_ReadBuf                                    build/nrf905.o
NRF905_ReadReg                                    build/nrf905.o
NRF905_WriteBuf                                   build/nrf905.o
NRF905_WriteReg                                   build/nrf905.o
P                                                 build/main.o
PLLMulTable                                       build/system_stm32l0xx.o
                                                  build/stm32l0xx_hal_rcc.o
PVD_IRQHandler                                    build/startup_stm32l011xx.o
PendSV_Handler                                    build/stm32l0xx_it.o
RCC_IRQHandler                                    build/startup_stm32l011xx.o
RTC_IRQHandler                                    build/startup_stm32l011xx.o
ReadReciveData                                    build/nrf905.o
ReciveOff                                         build/nrf905.o
ReciveOn                                          build/nrf905.o
Reset_Handler                                     build/startup_stm32l011xx.o
SPI1_IRQHandler                                   build/startup_stm32l011xx.o
SPI_GET_DAT                                       build/main.o
                                                  build/bme280.o
SPI_SET_DAT                                       build/main.o
                                                  build/bme280.o
SVC_Handler                                       build/stm32l0xx_it.o
StartSend                                         build/nrf905.o
                                                  build/main.o
SysTick_Handler                                   build/stm32l0xx_it.o
SystemClock_Config                                build/main.o
SystemCoreClock                                   build/system_stm32l0xx.o
                                                  build/stm32l0xx_hal_pwr_ex.o
                                                  build/stm32l0xx_hal_rcc.o
                                                  build/stm32l0xx_hal.o
                                                  build/stm32l0xx_hal_spi.o
SystemCoreClockUpdate                             build/system_stm32l0xx.o
SystemInit                                        build/system_stm32l0xx.o
                                                  build/startup_stm32l011xx.o
TIM21_IRQHandler                                  build/startup_stm32l011xx.o
TIM2_IRQHandler                                   build/startup_stm32l011xx.o
USART2_IRQHandler                                 build/startup_stm32l011xx.o
WWDG_IRQHandler                                   build/startup_stm32l011xx.o
WriteDataToSend                                   build/nrf905.o
                                                  build/main.o
__aeabi_idiv0                                     /home/maxx/develop/gcc-arm-none-eabi-7-2018-q2-update/bin/../lib/gcc/arm-none-eabi/7.3.1/thumb/v6-m/libgcc.a(_dvmd_tls.o)
                                                  /home/maxx/develop/gcc-arm-none-eabi-7-2018-q2-update/bin/../lib/gcc/arm-none-eabi/7.3.1/thumb/v6-m/libgcc.a(_udivsi3.o)
__aeabi_ldiv0                                     /home/maxx/develop/gcc-arm-none-eabi-7-2018-q2-update/bin/../lib/gcc/arm-none-eabi/7.3.1/thumb/v6-m/libgcc.a(_dvmd_tls.o)
__aeabi_uidiv                                     /home/maxx/develop/gcc-arm-none-eabi-7-2018-q2-update/bin/../lib/gcc/arm-none-eabi/7.3.1/thumb/v6-m/libgcc.a(_udivsi3.o)
                                                  build/system_stm32l0xx.o
                                                  build/stm32l0xx_hal_pwr_ex.o
                                                  build/stm32l0xx_hal_dma.o
                                                  build/stm32l0xx_hal_rcc.o
                                                  build/stm32l0xx_hal.o
                                                  build/stm32l0xx_hal_spi.o
                                                  build/bme280.o
__aeabi_uidivmod                                  /home/maxx/develop/gcc-arm-none-eabi-7-2018-q2-update/bin/../lib/gcc/arm-none-eabi/7.3.1/thumb/v6-m/libgcc.a(_udivsi3.o)
__bss_end__                                       /home/maxx/develop/gcc-arm-none-eabi-7-2018-q2-update/bin/../lib/gcc/arm-none-eabi/7.3.1/../../../../arm-none-eabi/lib/thumb/v6-m/crt0.o
__bss_start__                                     /home/maxx/develop/gcc-arm-none-eabi-7-2018-q2-update/bin/../lib/gcc/arm-none-eabi/7.3.1/../../../../arm-none-eabi/lib/thumb/v6-m/crt0.o
__call_exitprocs                                  /home/maxx/develop/gcc-arm-none-eabi-7-2018-q2-update/bin/../lib/gcc/arm-none-eabi/7.3.1/../../../../arm-none-eabi/lib/thumb/v6-m/libc_nano.a(lib_a-exit.o)
__deregister_frame_info                           /home/maxx/develop/gcc-arm-none-eabi-7-2018-q2-update/bin/../lib/gcc/arm-none-eabi/7.3.1/thumb/v6-m/crtbegin.o
__dso_handle                                      /home/maxx/develop/gcc-arm-none-eabi-7-2018-q2-update/bin/../lib/gcc/arm-none-eabi/7.3.1/thumb/v6-m/crtbegin.o
__init_array_end                                  /home/maxx/develop/gcc-arm-none-eabi-7-2018-q2-update/bin/../lib/gcc/arm-none-eabi/7.3.1/../../../../arm-none-eabi/lib/thumb/v6-m/libc_nano.a(lib_a-init.o)
__init_array_start                                /home/maxx/develop/gcc-arm-none-eabi-7-2018-q2-update/bin/../lib/gcc/arm-none-eabi/7.3.1/../../../../arm-none-eabi/lib/thumb/v6-m/libc_nano.a(lib_a-init.o)
__libc_fini_array                                 /home/maxx/develop/gcc-arm-none-eabi-7-2018-q2-update/bin/../lib/gcc/arm-none-eabi/7.3.1/../../../../arm-none-eabi/lib/thumb/v6-m/crt0.o
__libc_init_array                                 /home/maxx/develop/gcc-arm-none-eabi-7-2018-q2-update/bin/../lib/gcc/arm-none-eabi/7.3.1/../../../../arm-none-eabi/lib/thumb/v6-m/libc_nano.a(lib_a-init.o)
                                                  build/startup_stm32l011xx.o
                                                  /home/maxx/develop/gcc-arm-none-eabi-7-2018-q2-update/bin/../lib/gcc/arm-none-eabi/7.3.1/../../../../arm-none-eabi/lib/thumb/v6-m/crt0.o
__preinit_array_end                               /home/maxx/develop/gcc-arm-none-eabi-7-2018-q2-update/bin/../lib/gcc/arm-none-eabi/7.3.1/../../../../arm-none-eabi/lib/thumb/v6-m/libc_nano.a(lib_a-init.o)
__preinit_array_start                             /home/maxx/develop/gcc-arm-none-eabi-7-2018-q2-update/bin/../lib/gcc/arm-none-eabi/7.3.1/../../../../arm-none-eabi/lib/thumb/v6-m/libc_nano.a(lib_a-init.o)
__register_frame_info                             /home/maxx/develop/gcc-arm-none-eabi-7-2018-q2-update/bin/../lib/gcc/arm-none-eabi/7.3.1/thumb/v6-m/crtbegin.o
__sf_fake_stderr                                  /home/maxx/develop/gcc-arm-none-eabi-7-2018-q2-update/bin/../lib/gcc/arm-none-eabi/7.3.1/../../../../arm-none-eabi/lib/thumb/v6-m/libc_nano.a(lib_a-impure.o)
__sf_fake_stdin                                   /home/maxx/develop/gcc-arm-none-eabi-7-2018-q2-update/bin/../lib/gcc/arm-none-eabi/7.3.1/../../../../arm-none-eabi/lib/thumb/v6-m/libc_nano.a(lib_a-impure.o)
__sf_fake_stdout                                  /home/maxx/develop/gcc-arm-none-eabi-7-2018-q2-update/bin/../lib/gcc/arm-none-eabi/7.3.1/../../../../arm-none-eabi/lib/thumb/v6-m/libc_nano.a(lib_a-impure.o)
__stack                                           /home/maxx/develop/gcc-arm-none-eabi-7-2018-q2-update/bin/../lib/gcc/arm-none-eabi/7.3.1/../../../../arm-none-eabi/lib/thumb/v6-m/crt0.o
__udivsi3                                         /home/maxx/develop/gcc-arm-none-eabi-7-2018-q2-update/bin/../lib/gcc/arm-none-eabi/7.3.1/thumb/v6-m/libgcc.a(_udivsi3.o)
_ebss                                             build/startup_stm32l011xx.o
_edata                                            build/startup_stm32l011xx.o
_estack                                           build/startup_stm32l011xx.o
_exit                                             /home/maxx/develop/gcc-arm-none-eabi-7-2018-q2-update/bin/../lib/gcc/arm-none-eabi/7.3.1/../../../../arm-none-eabi/lib/thumb/v6-m/libnosys.a(_exit.o)
                                                  /home/maxx/develop/gcc-arm-none-eabi-7-2018-q2-update/bin/../lib/gcc/arm-none-eabi/7.3.1/../../../../arm-none-eabi/lib/thumb/v6-m/libc_nano.a(lib_a-exit.o)
_fini                                             /home/maxx/develop/gcc-arm-none-eabi-7-2018-q2-update/bin/../lib/gcc/arm-none-eabi/7.3.1/thumb/v6-m/crti.o
_global_impure_ptr                                /home/maxx/develop/gcc-arm-none-eabi-7-2018-q2-update/bin/../lib/gcc/arm-none-eabi/7.3.1/../../../../arm-none-eabi/lib/thumb/v6-m/libc_nano.a(lib_a-impure.o)
                                                  /home/maxx/develop/gcc-arm-none-eabi-7-2018-q2-update/bin/../lib/gcc/arm-none-eabi/7.3.1/../../../../arm-none-eabi/lib/thumb/v6-m/libc_nano.a(lib_a-exit.o)
_impure_ptr                                       /home/maxx/develop/gcc-arm-none-eabi-7-2018-q2-update/bin/../lib/gcc/arm-none-eabi/7.3.1/../../../../arm-none-eabi/lib/thumb/v6-m/libc_nano.a(lib_a-impure.o)
_init                                             /home/maxx/develop/gcc-arm-none-eabi-7-2018-q2-update/bin/../lib/gcc/arm-none-eabi/7.3.1/thumb/v6-m/crti.o
                                                  /home/maxx/develop/gcc-arm-none-eabi-7-2018-q2-update/bin/../lib/gcc/arm-none-eabi/7.3.1/../../../../arm-none-eabi/lib/thumb/v6-m/libc_nano.a(lib_a-init.o)
_mainCRTStartup                                   /home/maxx/develop/gcc-arm-none-eabi-7-2018-q2-update/bin/../lib/gcc/arm-none-eabi/7.3.1/../../../../arm-none-eabi/lib/thumb/v6-m/crt0.o
_sbss                                             build/startup_stm32l011xx.o
_sdata                                            build/startup_stm32l011xx.o
_sidata                                           build/startup_stm32l011xx.o
_start                                            /home/maxx/develop/gcc-arm-none-eabi-7-2018-q2-update/bin/../lib/gcc/arm-none-eabi/7.3.1/../../../../arm-none-eabi/lib/thumb/v6-m/crt0.o
atexit                                            /home/maxx/develop/gcc-arm-none-eabi-7-2018-q2-update/bin/../lib/gcc/arm-none-eabi/7.3.1/../../../../arm-none-eabi/lib/thumb/v6-m/crt0.o
dev_bme                                           build/main.o
exit                                              /home/maxx/develop/gcc-arm-none-eabi-7-2018-q2-update/bin/../lib/gcc/arm-none-eabi/7.3.1/../../../../arm-none-eabi/lib/thumb/v6-m/libc_nano.a(lib_a-exit.o)
                                                  /home/maxx/develop/gcc-arm-none-eabi-7-2018-q2-update/bin/../lib/gcc/arm-none-eabi/7.3.1/../../../../arm-none-eabi/lib/thumb/v6-m/crt0.o
g_pfnVectors                                      build/startup_stm32l011xx.o
hardware_init_hook                                /home/maxx/develop/gcc-arm-none-eabi-7-2018-q2-update/bin/../lib/gcc/arm-none-eabi/7.3.1/../../../../arm-none-eabi/lib/thumb/v6-m/crt0.o
hspi1                                             build/spi.o
                                                  build/nrf905.o
                                                  build/main.o
initBME280                                        build/bme280.o
                                                  build/main.o
main                                              build/main.o
                                                  build/startup_stm32l011xx.o
                                                  /home/maxx/develop/gcc-arm-none-eabi-7-2018-q2-update/bin/../lib/gcc/arm-none-eabi/7.3.1/../../../../arm-none-eabi/lib/thumb/v6-m/crt0.o
memset                                            /home/maxx/develop/gcc-arm-none-eabi-7-2018-q2-update/bin/../lib/gcc/arm-none-eabi/7.3.1/../../../../arm-none-eabi/lib/thumb/v6-m/libc_nano.a(lib_a-memset.o)
                                                  build/stm32l0xx_hal_rcc.o
                                                  build/spi.o
                                                  build/gpio.o
                                                  build/main.o
                                                  /home/maxx/develop/gcc-arm-none-eabi-7-2018-q2-update/bin/../lib/gcc/arm-none-eabi/7.3.1/../../../../arm-none-eabi/lib/thumb/v6-m/crt0.o
pFlash                                            build/stm32l0xx_hal_flash.o
                                                  build/stm32l0xx_hal_flash_ex.o
                                                  build/stm32l0xx_hal_flash_ramfunc.o
software_init_hook                                /home/maxx/develop/gcc-arm-none-eabi-7-2018-q2-update/bin/../lib/gcc/arm-none-eabi/7.3.1/../../../../arm-none-eabi/lib/thumb/v6-m/crt0.o
uwTick                                            build/stm32l0xx_hal.o
